Archive member included because of file (symbol)

c:/users/trent smith/desktop/sjsu_dev/yagarto/bin/../lib/gcc/arm-none-eabi/4.6.2/../../../../arm-none-eabi/lib/thumb/v7m\libstdc++.a(guard.o)
                              ./L5_Application/source/highLevelInitialize.o (__cxa_guard_acquire)
c:/users/trent smith/desktop/sjsu_dev/yagarto/bin/../lib/gcc/arm-none-eabi/4.6.2/../../../../arm-none-eabi/lib/thumb/v7m\libstdc++.a(guard_error.o)
                              c:/users/trent smith/desktop/sjsu_dev/yagarto/bin/../lib/gcc/arm-none-eabi/4.6.2/../../../../arm-none-eabi/lib/thumb/v7m\libstdc++.a(guard.o) (typeinfo for __gnu_cxx::recursive_init_error)
c:/users/trent smith/desktop/sjsu_dev/yagarto/bin/../lib/gcc/arm-none-eabi/4.6.2/../../../../arm-none-eabi/lib/thumb/v7m\libstdc++.a(pure.o)
                              ./L5_Application/source/handlers.o (__cxa_pure_virtual)
c:/users/trent smith/desktop/sjsu_dev/yagarto/bin/../lib/gcc/arm-none-eabi/4.6.2/../../../../arm-none-eabi/lib/thumb/v7m\libstdc++.a(si_class_type_info.o)
                              c:/users/trent smith/desktop/sjsu_dev/yagarto/bin/../lib/gcc/arm-none-eabi/4.6.2/../../../../arm-none-eabi/lib/thumb/v7m\libstdc++.a(guard_error.o) (vtable for __cxxabiv1::__si_class_type_info)
c:/users/trent smith/desktop/sjsu_dev/yagarto/bin/../lib/gcc/arm-none-eabi/4.6.2/../../../../arm-none-eabi/lib/thumb/v7m\libstdc++.a(tinfo.o)
                              c:/users/trent smith/desktop/sjsu_dev/yagarto/bin/../lib/gcc/arm-none-eabi/4.6.2/../../../../arm-none-eabi/lib/thumb/v7m\libstdc++.a(si_class_type_info.o) (std::type_info::__is_pointer_p() const)
c:/users/trent smith/desktop/sjsu_dev/yagarto/bin/../lib/gcc/arm-none-eabi/4.6.2/../../../../arm-none-eabi/lib/thumb/v7m\libstdc++.a(class_type_info.o)
                              c:/users/trent smith/desktop/sjsu_dev/yagarto/bin/../lib/gcc/arm-none-eabi/4.6.2/../../../../arm-none-eabi/lib/thumb/v7m\libstdc++.a(si_class_type_info.o) (__cxxabiv1::__class_type_info::__do_upcast(__cxxabiv1::__class_type_info const*, void**) const)
c:/users/trent smith/desktop/sjsu_dev/yagarto/bin/../lib/gcc/arm-none-eabi/4.6.2/../../../../arm-none-eabi/lib/thumb/v7m\libstdc++.a(eh_alloc.o)
                              c:/users/trent smith/desktop/sjsu_dev/yagarto/bin/../lib/gcc/arm-none-eabi/4.6.2/../../../../arm-none-eabi/lib/thumb/v7m\libstdc++.a(guard.o) (__cxa_allocate_exception)
c:/users/trent smith/desktop/sjsu_dev/yagarto/bin/../lib/gcc/arm-none-eabi/4.6.2/../../../../arm-none-eabi/lib/thumb/v7m\libstdc++.a(eh_exception.o)
                              c:/users/trent smith/desktop/sjsu_dev/yagarto/bin/../lib/gcc/arm-none-eabi/4.6.2/../../../../arm-none-eabi/lib/thumb/v7m\libstdc++.a(guard_error.o) (std::exception::~exception())
c:/users/trent smith/desktop/sjsu_dev/yagarto/bin/../lib/gcc/arm-none-eabi/4.6.2/../../../../arm-none-eabi/lib/thumb/v7m\libstdc++.a(eh_globals.o)
                              c:/users/trent smith/desktop/sjsu_dev/yagarto/bin/../lib/gcc/arm-none-eabi/4.6.2/../../../../arm-none-eabi/lib/thumb/v7m\libstdc++.a(eh_alloc.o) (__cxa_get_globals)
c:/users/trent smith/desktop/sjsu_dev/yagarto/bin/../lib/gcc/arm-none-eabi/4.6.2/../../../../arm-none-eabi/lib/thumb/v7m\libstdc++.a(eh_terminate.o)
                              c:/users/trent smith/desktop/sjsu_dev/yagarto/bin/../lib/gcc/arm-none-eabi/4.6.2/../../../../arm-none-eabi/lib/thumb/v7m\libstdc++.a(pure.o) (std::terminate())
c:/users/trent smith/desktop/sjsu_dev/yagarto/bin/../lib/gcc/arm-none-eabi/4.6.2/../../../../arm-none-eabi/lib/thumb/v7m\libstdc++.a(eh_term_handler.o)
                              c:/users/trent smith/desktop/sjsu_dev/yagarto/bin/../lib/gcc/arm-none-eabi/4.6.2/../../../../arm-none-eabi/lib/thumb/v7m\libstdc++.a(eh_terminate.o) (__cxxabiv1::__terminate_handler)
c:/users/trent smith/desktop/sjsu_dev/yagarto/bin/../lib/gcc/arm-none-eabi/4.6.2/../../../../arm-none-eabi/lib/thumb/v7m\libstdc++.a(eh_throw.o)
                              c:/users/trent smith/desktop/sjsu_dev/yagarto/bin/../lib/gcc/arm-none-eabi/4.6.2/../../../../arm-none-eabi/lib/thumb/v7m\libstdc++.a(guard.o) (__cxa_throw)
c:/users/trent smith/desktop/sjsu_dev/yagarto/bin/../lib/gcc/arm-none-eabi/4.6.2/../../../../arm-none-eabi/lib/thumb/v7m\libstdc++.a(eh_unex_handler.o)
                              c:/users/trent smith/desktop/sjsu_dev/yagarto/bin/../lib/gcc/arm-none-eabi/4.6.2/../../../../arm-none-eabi/lib/thumb/v7m\libstdc++.a(eh_terminate.o) (__cxxabiv1::__unexpected_handler)
c:/users/trent smith/desktop/sjsu_dev/yagarto/bin/../lib/gcc/arm-none-eabi/4.6.2/../../../../arm-none-eabi/lib/thumb/v7m\libstdc++.a(eh_arm.o)
                              c:/users/trent smith/desktop/sjsu_dev/yagarto/bin/../lib/gcc/arm-none-eabi/4.6.2/../../../../arm-none-eabi/lib/thumb/v7m\libstdc++.a(eh_terminate.o) (__cxa_end_cleanup)
[...]
Memory Configuration

Name             Origin             Length             Attributes
MFlash512        0x00001000         0x00080000         xr
RamLoc32         0x10000000         0x00008000         xrw
RamAHB32         0x2007c000         0x00008000         xrw
*default*        0x00000000         0xffffffff

Linker script and memory map

LOAD ./L5_Application/source/handlers.o
LOAD ./L5_Application/source/highLevelInitialize.o
LOAD ./L5_Application/source/tasks.o
LOAD ./L5_Application/source/utilities.o
LOAD ./L5_Application/main.o
LOAD ./L4_IO/src/io_source.o
LOAD ./L4_IO/fat/option/ccsbcs.o
LOAD ./L4_IO/fat/option/reentrant.o
LOAD ./L4_IO/fat/disk/diskio.o
LOAD ./L4_IO/fat/disk/sd.o
LOAD ./L4_IO/fat/disk/spi_flash.o
LOAD ./L4_IO/fat/fatfs_time.o
LOAD ./L4_IO/fat/ff.o
LOAD ./L3_Utils/src/CommandHandler.o
LOAD ./L3_Utils/src/logger.o
LOAD ./L3_Utils/src/str.o
LOAD ./L3_Utils/src/timer.o
LOAD ./L2_Drivers/src/I2C2.o
LOAD ./L2_Drivers/src/i2c_base.o
LOAD ./L2_Drivers/src/rtc.o
LOAD ./L2_Drivers/src/spi1.o
LOAD ./L2_Drivers/src/uart0.o
LOAD ./L2_Drivers/src/uart_base.o
LOAD ./L1_FreeRTOS/src/croutine.o
LOAD ./L1_FreeRTOS/src/list.o
LOAD ./L1_FreeRTOS/src/queue.o
LOAD ./L1_FreeRTOS/src/tasks.o
LOAD ./L1_FreeRTOS/src/timers.o
LOAD ./L1_FreeRTOS/portable/port.o
LOAD ./L1_FreeRTOS/hooks/hooks.o
LOAD ./L1_FreeRTOS/MemMang/heap_3.o
LOAD ./L0_LowLevel/source/core_cm3.o
LOAD ./L0_LowLevel/source/cr_startup_lpc175x.o
LOAD ./L0_LowLevel/source/io_functions.o
LOAD ./L0_LowLevel/source/memory.o
LOAD ./L0_LowLevel/source/sys_clock.o
LOAD ./L0_LowLevel/source/sys_hooks.o
LOAD ./L0_LowLevel/source/system_initialization.o
LOAD ./L0_LowLevel/source/uart0_min.o
LOAD c:/users/trent smith/desktop/sjsu_dev/yagarto/bin/../lib/gcc/arm-none-eabi/4.6.2/../../../../arm-none-eabi/lib/thumb/v7m\libstdc++.a
LOAD c:/users/trent smith/desktop/sjsu_dev/yagarto/bin/../lib/gcc/arm-none-eabi/4.6.2/../../../../arm-none-eabi/lib/thumb/v7m\libm.a
START GROUP
LOAD c:/users/trent smith/desktop/sjsu_dev/yagarto/bin/../lib/gcc/arm-none-eabi/4.6.2/thumb/v7m\libgcc.a
LOAD c:/users/trent smith/desktop/sjsu_dev/yagarto/bin/../lib/gcc/arm-none-eabi/4.6.2/../../../../arm-none-eabi/lib/thumb/v7m\libc.a
END GROUP
                0x00080000                __top_MFlash512 = 0x80000
                0x10008000                __top_RamLoc32 = 0x10008000
                0x20084000                __top_RamAHB32 = 0x20084000

.text           0x00001000    0x13644
 FILL mask 0xff
 *(.isr_vector)
 .isr_vector    0x00001000       0xcc ./L0_LowLevel/source/cr_startup_lpc175x.o
                0x00001000                g_pfnVectors
                0x000010cc                . = ALIGN (0x4)
                0x000010cc                __section_table_start = .
                0x000010cc                __data_section_table = .
                0x000010cc        0x4 LONG 0x14978 LOADADDR (.data)
                0x000010d0        0x4 LONG 0x10000000 ADDR (.data)
                0x000010d4        0x4 LONG 0x934 SIZEOF (.data)
                0x000010d8                __data_section_table_end = .
                0x000010d8                __bss_section_table = .
                0x000010d8        0x4 LONG 0x10000938 ADDR (.bss)
                0x000010dc        0x4 LONG 0xcdc SIZEOF (.bss)
                0x000010e0                __bss_section_table_end = .
                0x000010e0                __section_table_end = .
 *(.after_vectors*)
 .after_vectors
                0x000010e0      0x12c ./L0_LowLevel/source/cr_startup_lpc175x.o
                0x000010e0                HardFault_Handler
                0x000010fa                DebugMon_Handler
                0x00001108                UsageFault_Handler
                0x00001118                BusFault_Handler
                0x00001128                MemManage_Handler
                0x00001138                NMI_Handler
                0x00001148                data_init(unsigned int, unsigned int, unsigned int)
                0x0000115a                bss_init(unsigned int, unsigned int)
                0x0000116a                ResetISR
                0x000011cc                SVC_Handler
                0x000011dc                PendSV_Handler
                0x000011ec                SysTick_Handler
                0x000011fc                EINT3_IRQHandler
                0x000011fc                CANActivity_IRQHandler
                0x000011fc                TIMER3_IRQHandler
                0x000011fc                UART1_IRQHandler
                0x000011fc                IntDefaultHandler
                0x000011fc                PLL0_IRQHandler
                0x000011fc                CAN_IRQHandler
                0x000011fc                PWM1_IRQHandler
                0x000011fc                SSP0_IRQHandler
                0x000011fc                EINT2_IRQHandler
                0x000011fc                RTC_IRQHandler
                0x000011fc                TIMER0_IRQHandler
                0x000011fc                SPI_IRQHandler
                0x000011fc                EINT1_IRQHandler
                0x000011fc                UART2_IRQHandler
                0x000011fc                ADC_IRQHandler
                0x000011fc                SSP1_IRQHandler
                0x000011fc                USBActivity_IRQHandler
                0x000011fc                USB_IRQHandler
                0x000011fc                BOD_IRQHandler
                0x000011fc                I2S_IRQHandler
                0x000011fc                I2C0_IRQHandler
                0x000011fc                WDT_IRQHandler
                0x000011fc                I2C1_IRQHandler
                0x000011fc                QEI_IRQHandler
                0x000011fc                EINT0_IRQHandler
                0x000011fc                PLL1_IRQHandler
                0x000011fc                DMA_IRQHandler
                0x000011fc                TIMER2_IRQHandler
                0x000011fc                UART3_IRQHandler
                0x000011fc                MCPWM_IRQHandler
                0x000011fc                ENET_IRQHandler
 *(.text*)
 .text          0x0000120c      0x5b8 ./L5_Application/source/handlers.o
                0x0000120c                taskListHandler(str&, str&, void*, int)
                0x0000125c                memInfoHandler(str&, str&, void*, int)
                0x00001260                timeHandler(str&, str&, void*, int)
                0x000013a0                copyHandler(str&, str&, void*, int)
                0x00001458                readHandler(str&, str&, void*, int)
                0x00001578                lsHandler(str&, str&, void*, int)
                0x000016b8                rmHandler(str&, str&, void*, int)
                0x000016f0                loggerTest(str&, str&, void*, int)
 .text._ZN10LoggerBaseD2Ev
                0x000017c4        0xc ./L5_Application/source/handlers.o
                0x000017c4                LoggerBase::~LoggerBase()
                0x000017c4                LoggerBase::~LoggerBase()
 .text._ZN9CSVLoggerD2Ev
                0x000017d0        0xc ./L5_Application/source/handlers.o
                0x000017d0                CSVLogger::~CSVLogger()
                0x000017d0                CSVLogger::~CSVLogger()
 .text._ZN9CSVLogger7semTakeEv
                0x000017dc        0x2 ./L5_Application/source/handlers.o
                0x000017dc                CSVLogger::semTake()
 .text._ZN9CSVLogger7semGiveEv
                0x000017de        0x2 ./L5_Application/source/handlers.o
                0x000017de                CSVLogger::semGive()
 .text._ZN9CSVLogger12getTimestampEv
                0x000017e0        0x4 ./L5_Application/source/handlers.o
                0x000017e0                CSVLogger::getTimestamp()
 .text._ZN10FileLoggerD2Ev
                0x000017e4        0xc ./L5_Application/source/handlers.o
                0x000017e4                FileLogger::~FileLogger()
                0x000017e4                FileLogger::~FileLogger()
 .text._ZN10FileLoggerD0Ev
                0x000017f0       0x14 ./L5_Application/source/handlers.o
                0x000017f0                FileLogger::~FileLogger()
 .text._ZN9CSVLoggerD0Ev
                0x00001804       0x14 ./L5_Application/source/handlers.o
                0x00001804                CSVLogger::~CSVLogger()
 .text._ZN10LoggerBaseD0Ev
                0x00001818       0x14 ./L5_Application/source/handlers.o
                0x00001818                LoggerBase::~LoggerBase()
 .text._ZN10FileLogger12getTimestampEv
                0x0000182c        0x4 ./L5_Application/source/handlers.o
                0x0000182c                FileLogger::getTimestamp()
 .text._ZN10FileLogger7semGiveEv
                0x00001830        0xc ./L5_Application/source/handlers.o
                0x00001830                FileLogger::semGive()
 .text._ZN10FileLogger7semTakeEv
                0x0000183c        0xe ./L5_Application/source/handlers.o
                0x0000183c                FileLogger::semTake()
 *fill*         0x0000184a        0x2 00
 .text._ZN10FileLogger21handleCompletedBufferEPcj
                0x0000184c       0x90 ./L5_Application/source/handlers.o
                0x0000184c                FileLogger::handleCompletedBuffer(char*, unsigned int)
 .text._ZN7Storage4copyEPKcS1_PjS2_S2_
                0x000018dc       0xea ./L5_Application/source/handlers.o
                0x000018dc                Storage::copy(char const*, char const*, unsigned int*, unsigned int*, unsigned int*)
 *fill*         0x000019c6        0x2 00
 .text._ZN17SingletonTemplateI10FileLoggerE11getInstanceEv
                0x000019c8       0x60 ./L5_Application/source/handlers.o
                0x000019c8                SingletonTemplate<FileLogger>::getInstance()
 .text          0x00001a28      0x458 ./L5_Application/source/highLevelInitialize.o
                0x00001a28                printLine()
                0x00001a34                mountStorage(FileSystemObject&, char const*)
                0x00001aac                copyLogFileToSDCard()
                0x00001b0c                RIT_IRQHandler
                0x00001b2c                setupPeriodicCallBack(void (*)(), unsigned int)
                0x00001b9c                discoverExternalDevsOnI2C()
                0x00001be0                initializeBoardIO()
                0x00001d28                highLevelInitialize()
 .text._ZN9IO_DeviceD2Ev
                0x00001e80       0x18 ./L5_Application/source/highLevelInitialize.o
                0x00001e80                IO_Device::~IO_Device()
                0x00001e80                IO_Device::~IO_Device()
 .text._ZN9IO_DeviceD0Ev
                0x00001e98       0x12 ./L5_Application/source/highLevelInitialize.o
                0x00001e98                IO_Device::~IO_Device()
 *fill*         0x00001eaa        0x2 00
 .text._ZN9IO_Device16getValueAsStringEv
                0x00001eac       0x1c ./L5_Application/source/highLevelInitialize.o
                0x00001eac                IO_Device::getValueAsString()
 .text.adc0_initialize
                0x00001ec8       0x58 ./L5_Application/source/highLevelInitialize.o
                0x00001ec8                adc0_initialize
 .text._ZN7Storage13getFlashDriveEv
                0x00001f20       0x48 ./L5_Application/source/highLevelInitialize.o
                0x00001f20                Storage::getFlashDrive()
 .text._ZN9IO_DeviceC2Ev
                0x00001f68       0x18 ./L5_Application/source/highLevelInitialize.o
                0x00001f68                IO_Device::IO_Device()
                0x00001f68                IO_Device::IO_Device()
 .text._ZN17SingletonTemplateI4I2C2E11getInstanceEv
                0x00001f80       0x20 ./L5_Application/source/highLevelInitialize.o
                0x00001f80                SingletonTemplate<I2C2>::getInstance()
 .text._ZN17SingletonTemplateI11LED_DisplayE11getInstanceEv
                0x00001fa0       0x34 ./L5_Application/source/highLevelInitialize.o
                0x00001fa0                SingletonTemplate<LED_Display>::getInstance()
 .text          0x00001fd4      0x480 ./L5_Application/source/tasks.o
                0x00001fd4                getLine(str&, int)
                0x000020d0                terminalTask(void*)
                0x000022d0                switchled(void*)
 .text._ZN15I2C_Device_BaseC2Eh
                0x00002454       0x28 ./L5_Application/source/tasks.o
                0x00002454                I2C_Device_Base::I2C_Device_Base(unsigned char)
                0x00002454                I2C_Device_Base::I2C_Device_Base(unsigned char)
 .text._ZN17SingletonTemplateI3LEDE11getInstanceEv
                0x0000247c       0x28 ./L5_Application/source/tasks.o
                0x0000247c                SingletonTemplate<LED>::getInstance()
 .text._ZN17SingletonTemplateI8SwitchesE11getInstanceEv
                0x000024a4       0x28 ./L5_Application/source/tasks.o
                0x000024a4                SingletonTemplate<Switches>::getInstance()
 .text._ZN17SingletonTemplateI19Acceleration_SensorE11getInstanceEv
                0x000024cc       0x34 ./L5_Application/source/tasks.o
                0x000024cc                SingletonTemplate<Acceleration_Sensor>::getInstance()
 .text._ZN17SingletonTemplateI17TemperatureSensorE11getInstanceEv
                0x00002500       0x34 ./L5_Application/source/tasks.o
                0x00002500                SingletonTemplate<TemperatureSensor>::getInstance()
 .text._ZN17SingletonTemplateI9IR_SensorE11getInstanceEv
                0x00002534       0x28 ./L5_Application/source/tasks.o
                0x00002534                SingletonTemplate<IR_Sensor>::getInstance()
 .text          0x0000255c       0x60 ./L5_Application/source/utilities.o
                0x0000255c                delay_ms
                0x0000259e                printMemoryInfo
 .text          0x000025bc        0x0 ./L5_Application/main.o
 .text._ZN17SingletonTemplateI3LCDE11getInstanceEv
                0x000025bc       0x28 ./L5_Application/main.o
                0x000025bc                SingletonTemplate<LCD>::getInstance()
 .text._ZN17SingletonTemplateI6KeypadE11getInstanceEv
                0x000025e4       0x28 ./L5_Application/main.o
                0x000025e4                SingletonTemplate<Keypad>::getInstance()
 .text.startup  0x0000260c      0x1ec ./L5_Application/main.o
                0x0000260c                main
 .text          0x000027f8      0xabc ./L4_IO/src/io_source.o
                0x000027f8                LED::init()
                0x0000280c                Switches::init()
                0x0000281c                Keypad::init()
                0x00002834                LED_Display::getValueAsString()
                0x00002854                IR_Sensor::getValueAsString()
                0x0000287c                TemperatureSensor::init()
                0x00002894                LCD::init()
                0x000028d0                LED::getValueAsString()
                0x0000292c                Switches::getValueAsString()
                0x0000298c                IR_Sensor::init()
                0x00002a08                Acceleration_Sensor::init()
                0x00002a2e                Light_Sensor::init()
                0x00002a50                Acceleration_Sensor::getX()
                0x00002a64                Acceleration_Sensor::getY()
                0x00002a78                Acceleration_Sensor::getZ()
                0x00002a8c                Acceleration_Sensor::getValueAsString()
                0x00002ac4                TIMER1_IRQHandler
                0x00002b60                IR_Sensor::isIRCodeReceived()
                0x00002b70                IR_Sensor::getLastIRCode()
                0x00002b80                LED_Display::setLeftDigit(char)
                0x00002b98                LED_Display::setRightDigit(char)
                0x00002bb0                LED_Display::setNumber(char)
                0x00002be6                LED_Display::init()
                0x00002c26                LED::setAll(char)
                0x00002c8c                LED::off(int)
                0x00002c9e                LED::on(int)
                0x00002cb0                Light_Sensor::getLightReading()
                0x00002ce4                Light_Sensor::getValueAsString()
                0x00002d08                Switches::getSwitchValues()
                0x00002d14                Switches::getSwitch(int)
                0x00002d28                Keypad::setCol(int)
                0x00002d54                Keypad::chkRow(int)
                0x00002d98                Keypad::chkRow()
                0x00002dc8                Keypad::getChar()
                0x00002dee                Keypad::getChar(char*)
                0x00002e38                Keypad::getVal()
                0x00002e94                Keypad::getVal(int*)
                0x00002edc                LCD::setup(unsigned int, unsigned int, bool)
                0x00002f4c                LCD::on()
                0x00002f80                LCD::off()
                0x00002fb4                LCD::clear()
                0x00002fe8                LCD::clear(unsigned int)
                0x000030a4                LCD::B_Light(unsigned int)
                0x000030e4                LCD::Contrast(unsigned int)
                0x00003124                LCD::write(char const*, unsigned int)
                0x000031b8                LCD::write(char const*)
                0x00003204                TemperatureSensor::getCelsius()
                0x00003224                TemperatureSensor::getFarenheit()
                0x00003248                TemperatureSensor::getValueAsString()
 .text._ZN19Acceleration_SensorD2Ev
                0x000032b4       0x14 ./L4_IO/src/io_source.o
                0x000032b4                Acceleration_Sensor::~Acceleration_Sensor()
                0x000032b4                Acceleration_Sensor::~Acceleration_Sensor()
 .text._ZN19Acceleration_SensorD0Ev
                0x000032c8       0x1c ./L4_IO/src/io_source.o
                0x000032c8                Acceleration_Sensor::~Acceleration_Sensor()
 .text._ZN9IR_SensorD2Ev
                0x000032e4       0x14 ./L4_IO/src/io_source.o
                0x000032e4                IR_Sensor::~IR_Sensor()
                0x000032e4                IR_Sensor::~IR_Sensor()
 .text._ZN9IR_SensorD0Ev
                0x000032f8       0x1c ./L4_IO/src/io_source.o
                0x000032f8                IR_Sensor::~IR_Sensor()
 .text._ZN11LED_DisplayD2Ev
                0x00003314       0x14 ./L4_IO/src/io_source.o
                0x00003314                LED_Display::~LED_Display()
                0x00003314                LED_Display::~LED_Display()
 .text._ZN11LED_DisplayD0Ev
                0x00003328       0x1c ./L4_IO/src/io_source.o
                0x00003328                LED_Display::~LED_Display()
 .text._ZN3LEDD2Ev
                0x00003344       0x14 ./L4_IO/src/io_source.o
                0x00003344                LED::~LED()
                0x00003344                LED::~LED()
 .text._ZN3LEDD0Ev
                0x00003358       0x1c ./L4_IO/src/io_source.o
                0x00003358                LED::~LED()
 .text._ZN12Light_SensorD2Ev
                0x00003374       0x14 ./L4_IO/src/io_source.o
                0x00003374                Light_Sensor::~Light_Sensor()
                0x00003374                Light_Sensor::~Light_Sensor()
 .text._ZN12Light_SensorD0Ev
                0x00003388       0x1c ./L4_IO/src/io_source.o
                0x00003388                Light_Sensor::~Light_Sensor()
 .text._ZN8SwitchesD2Ev
                0x000033a4       0x14 ./L4_IO/src/io_source.o
                0x000033a4                Switches::~Switches()
                0x000033a4                Switches::~Switches()
 .text._ZN8SwitchesD0Ev
                0x000033b8       0x1c ./L4_IO/src/io_source.o
                0x000033b8                Switches::~Switches()
 .text._ZN17TemperatureSensorD2Ev
                0x000033d4       0x14 ./L4_IO/src/io_source.o
                0x000033d4                TemperatureSensor::~TemperatureSensor()
                0x000033d4                TemperatureSensor::~TemperatureSensor()
 .text._ZN17TemperatureSensorD0Ev
                0x000033e8       0x1c ./L4_IO/src/io_source.o
                0x000033e8                TemperatureSensor::~TemperatureSensor()
 .text._ZN6KeypadD2Ev
                0x00003404       0x14 ./L4_IO/src/io_source.o
                0x00003404                Keypad::~Keypad()
                0x00003404                Keypad::~Keypad()
 .text._ZN6KeypadD0Ev
                0x00003418       0x1c ./L4_IO/src/io_source.o
                0x00003418                Keypad::~Keypad()
 .text._ZN3LCDD2Ev
                0x00003434       0x14 ./L4_IO/src/io_source.o
                0x00003434                LCD::~LCD()
                0x00003434                LCD::~LCD()
 .text._ZN3LCDD0Ev
                0x00003448       0x1c ./L4_IO/src/io_source.o
                0x00003448                LCD::~LCD()
 .text._ZN15I2C_Device_Base8writeRegEhh
                0x00003464       0x14 ./L4_IO/src/io_source.o
                0x00003464                I2C_Device_Base::writeReg(unsigned char, unsigned char)
 .text._ZN15I2C_Device_Base16get16BitRegisterEh
                0x00003478       0x28 ./L4_IO/src/io_source.o
                0x00003478                I2C_Device_Base::get16BitRegister(unsigned char)
 .text.spi1_ExchangeByte
                0x000034a0       0x18 ./L4_IO/src/io_source.o
                0x000034a0                spi1_ExchangeByte
 .text          0x000034b8       0x64 ./L4_IO/fat/option/ccsbcs.o
                0x000034b8                ff_convert
                0x000034f4                ff_wtoupper
 .text          0x0000351c       0x5e ./L4_IO/fat/option/reentrant.o
                0x0000351c                ff_cre_syncobj
                0x0000352e                ff_del_syncobj
                0x00003532                ff_req_grant
                0x0000355c                ff_rel_grant
 *fill*         0x0000357a        0x2 00
 .text          0x0000357c      0x28c ./L4_IO/fat/disk/diskio.o
                0x0000357c                diskio_initializeSPIMutex
                0x00003588                disk_initialize
                0x000035f8                disk_status
                0x00003660                disk_read
                0x000036f0                disk_write
                0x00003780                disk_ioctl
 .text          0x00003808      0x834 ./L4_IO/fat/disk/sd.o
                0x00003808                get_spi
                0x00003818                release_spi
                0x0000383c                wait_ready
                0x0000387c                sd_initializeCardSignals
                0x000038c0                power_on
                0x000038c2                power_off
                0x000038e8                chk_power
                0x000038fc                rcvr_datablock
                0x000039ac                xmit_datablock
                0x00003a24                send_cmd
                0x00003b04                sd_initialize
                0x00003c4c                sd_status
                0x00003c58                sd_read
                0x00003ce4                sd_write
                0x00003d90                sd_ioctl
                0x00003fdc                sd_timerproc
 .text          0x0000403c      0x27c ./L4_IO/fat/disk/spi_flash.o
                0x0000403c                flash_InitializeSignals
                0x000040e4                flash_Initialize
                0x00004194                flash_ReadSector
                0x0000423c                flash_WriteSector
                0x00004286                flash_ioctl
 .text._Z11flashSelectv
                0x000042b8       0x14 ./L4_IO/fat/disk/spi_flash.o
                0x000042b8                flashSelect()
 .text._Z15spiExchangeBytec
                0x000042cc       0x18 ./L4_IO/fat/disk/spi_flash.o
                0x000042cc                spiExchangeByte(char)
 .text          0x000042e4       0x52 ./L4_IO/fat/fatfs_time.o
                0x000042e4                get_fattime
 *fill*         0x00004336        0x2 00
 .text          0x00004338     0x2334 ./L4_IO/fat/ff.o
                0x000048b2                clust2sect
                0x000048c8                get_fat
                0x000049f6                put_fat
                0x0000520c                gen_numname
                0x0000545c                f_mount
                0x000054c0                f_open
                0x00005698                f_read
                0x00005804                f_write
                0x000059ba                f_sync
                0x00005a1c                f_close
                0x00005a7c                f_lseek
                0x00005bae                f_opendir
                0x00005c12                f_readdir
                0x00005c74                f_stat
                0x00005cbc                f_getfree
                0x00005d92                f_truncate
                0x00005e2a                f_unlink
                0x00005eea                f_mkdir
                0x00006046                f_chmod
                0x000060a2                f_utime
                0x000060f4                f_rename
                0x0000620c                f_mkfs
 .text          0x0000666c      0x1cc ./L3_Utils/src/CommandHandler.o
                0x0000666c                CommandProcessor::getRegisteredCommandList(str&)
                0x000066b0                CommandProcessor::getHelpText(str&, str&)
                0x00006720                CommandProcessor::pointToParameters(str&, char const*)
                0x00006744                CommandProcessor::handleCmd(str&, str&)
                0x000067d8                CommandProcessor::handleCommand(char const*)
                0x0000681c                CommandProcessor::addHandler(void (*)(str&, str&, void*, int), char const*, char const*, void*, int)
 .text._ZN6VECTORIN16CommandProcessor16CmdProcessorTypeEE9push_backERKS1_
                0x00006838       0x62 ./L3_Utils/src/CommandHandler.o
                0x00006838                VECTOR<CommandProcessor::CmdProcessorType>::push_back(CommandProcessor::CmdProcessorType const&)
 *fill*         0x0000689a        0x2 00
 .text          0x0000689c      0x1a8 ./L3_Utils/src/logger.o
                0x0000689c                LoggerBase::flush()
                0x000068b2                LoggerBase::log(char const*)
                0x00006900                CSVLogger::logCsvMessage(char const*, char const*, char const*, char const*, int)
                0x000069f0                CSVLogger::logInfo(char const*, char const*, char const*, int)
                0x00006a0c                CSVLogger::logWarning(char const*, char const*, char const*, int)
                0x00006a28                CSVLogger::logError(char const*, char const*, char const*, int)
 .text          0x00006a44      0xb7c ./L3_Utils/src/str.o
                0x00006a44                str::toInt(char const*)
                0x00006a48                str::~str()
                0x00006a48                str::~str()
                0x00006a58                str::getLen() const
                0x00006a5e                str::getCapacity() const
                0x00006a62                str::clear()
                0x00006a6a                str::toLower()
                0x00006a82                str::toUpper()
                0x00006a9a                str::compareTo(char const*) const
                0x00006ab0                str::compareToIgnoreCase(char const*) const
                0x00006ac2                str::getWordIndexIgnoreCase(char const*) const
                0x00006b40                str::containsIgnoreCase(char const*) const
                0x00006b4e                str::firstIndexOf(char const*) const
                0x00006b64                str::contains(char const*) const
                0x00006b72                str::lastIndexOf(char const*) const
                0x00006bac                str::countOf(char const*) const
                0x00006bd8                str::beginsWith(char const*) const
                0x00006c0a                str::beginsWithIgnoreCase(char const*) const
                0x00006c3c                str::beginsWithWholeWord(char const*, char) const
                0x00006c6c                str::beginsWithWholeWordIgnoreCase(char const*, char) const
                0x00006c9c                str::endsWith(char const*) const
                0x00006cce                str::endsWithIgnoreCase(char const*) const
                0x00006d00                str::eraseFirst(int)
                0x00006d32                str::eraseLast(int)
                0x00006d4a                str::eraseAllAfter(int)
                0x00006d64                str::eraseAfter(int, int)
                0x00006da2                str::eraseCharAt(int)
                0x00006da6                str::erase(char const*)
                0x00006dce                str::eraseAllSpecialChars()
                0x00006df6                str::trimStart(char const*)
                0x00006e3e                str::trimEnd(char const*)
                0x00006e7e                str::isAllAlpha() const
                0x00006ea0                str::isAlphaNumeric() const
                0x00006ec2                str::isUint() const
                0x00006ee6                str::isInt() const
                0x00006f16                str::getEncryptedStringLength() const
                0x00006f1a                str::checksum_Get()
                0x00006f38                str::checksum_Remove()
                0x00006f50                str::operator-=(char const*)
                0x00006f52                str::operator==(char const*) const
                0x00006f54                str::operator==(str const&) const
                0x00006f58                str::operator==(int) const
                0x00006f70                str::operator!=(char const*) const
                0x00006f7e                str::operator!=(int) const
                0x00006f90                str::operator<(char const*) const
                0x00006f9c                str::operator<(int) const
                0x00006fb0                str::operator>(char const*) const
                0x00006fc2                str::operator>(int) const
                0x00006fd6                str::operator<=(char const*) const
                0x00006fe8                str::operator<=(int) const
                0x00006ffc                str::operator>=(char const*) const
                0x0000700a                str::operator>=(int) const
                0x0000701e                str::operator()() const
                0x00007022                str::operator int() const
                0x00007028                str::operator[](int)
                0x0000703e                str::reAllocateMem(int)
                0x0000706a                str::ensureMemoryToInsertNChars(int)
                0x0000708a                str::insertAt(int, char const*)
                0x000070e0                str::replaceAll(char const*, char const*)
                0x0000711e                str::replaceLast(char const*, char const*)
                0x00007152                str::replaceFirst(char const*, char const*)
                0x00007186                str::insertAtBeg(char const*)
                0x0000718c                str::insertAtEnd(char const*)
                0x000071ac                str::append(char const*)
                0x000071ae                str::operator+=(char)
                0x000071c4                str::operator+=(char const*)
                0x000071c6                str::appendAsHex(unsigned int)
                0x000071e8                str::checksum_Append()
                0x00007208                str::append(int)
                0x00007228                str::str(int)
                0x00007228                str::str(int)
                0x00007240                str::str()
                0x00007240                str::str()
                0x0000725a                str::reserve(int)
                0x00007264                str::subString(int, int)
                0x000072ca                str::getToken(char const*, bool)
                0x00007312                str::subString(char, char)
                0x00007346                str::subString(char const*, int)
                0x0000735c                str::subString(char, int)
                0x00007372                str::subString(int)
                0x0000738a                str::subString(char const*)
                0x0000739c                str::subString(char)
                0x000073b2                str::printf(char const*, ...)
                0x000073f0                str::copyFrom(char const*)
                0x00007416                str::operator=(int)
                0x00007438                str::operator-=(int)
                0x00007456                str::operator--(int)
                0x0000745a                str::operator--()
                0x0000745e                str::operator+=(int)
                0x0000747c                str::operator++(int)
                0x00007480                str::operator++()
                0x00007484                str::operator=(char const*)
                0x00007486                str::operator=(str const&)
                0x00007498                str::str(str const&)
                0x00007498                str::str(str const&)
                0x000074c4                str::str(char const*)
                0x000074c4                str::str(char const*)
                0x000074f0                str::singleHexCharToInt(unsigned char)
                0x00007510                str::hexStrDigitsToInt(char*)
                0x0000752c                str::checksum_Verify()
                0x00007570                str::encrypt(char const*, int)
                0x000075a2                str::decrypt(char const*)
                0x000075a6                str::encrypt(char const*)
 .text          0x000075c0      0x130 ./L3_Utils/src/timer.o
                0x000075c0                FreeRTOSTimer::FreeRTOSTimer(void (*)(void*), unsigned long, TimerType)
                0x000075c0                FreeRTOSTimer::FreeRTOSTimer(void (*)(void*), unsigned long, TimerType)
                0x000075e4                FreeRTOSTimer::~FreeRTOSTimer()
                0x000075e4                FreeRTOSTimer::~FreeRTOSTimer()
                0x000075fa                FreeRTOSTimer::start()
                0x00007612                FreeRTOSTimer::stop()
                0x00007624                FreeRTOSTimer::reset()
                0x0000763c                FreeRTOSTimer::changePeriod(unsigned long)
                0x0000764e                FreeRTOSTimer::isRunning()
                0x0000765e                FreeRTOSTimer::startFromISR()
                0x00007686                FreeRTOSTimer::stopFromISR()
                0x000076a6                FreeRTOSTimer::resetFromISR()
                0x000076ce                FreeRTOSTimer::changePeriodFromISR(unsigned long)
 .text          0x000076f0       0x78 ./L2_Drivers/src/I2C2.o
                0x000076f0                I2C2::init(unsigned int)
                0x00007730                I2C2::I2C2()
                0x00007730                I2C2::I2C2()
                0x00007744                I2C2_IRQHandler
 .text          0x00007768      0x4bc ./L2_Drivers/src/i2c_base.o
                0x00007768                I2C_Base::I2C_Base(LPC_I2C_TypeDef*)
                0x00007768                I2C_Base::I2C_Base(LPC_I2C_TypeDef*)
                0x000077cc                I2C_Base::init(unsigned int, unsigned int)
                0x00007864                I2C_Base::i2cKickOffTransfer(I2C_Base::mI2cModeType, char, char, char*, int)
                0x00007892                I2C_Base::i2cStateMachine()
                0x00007a46                I2C_Base::writeReg(char, char, char)
                0x00007ae0                I2C_Base::readRegisters(char, char, char*, unsigned int)
                0x00007bc8                I2C_Base::isDevicePresent(char)
                0x00007bdc                I2C_Base::readReg(char, char)
                0x00007bf6                I2C_Base::handleInterrupt()
 .text          0x00007c24       0x7c ./L2_Drivers/src/rtc.o
                0x00007c24                rtc_initialize
                0x00007c40                rtc_gettime
                0x00007c54                rtc_settime
 .text          0x00007ca0     0x13e4 ./L2_Drivers/src/spi1.o
                0x00007ca0                spi1_SetMaxClockMhz
                0x00007cdc                spi1_Init
                0x00007d2c                spi1_Receive256Bytes
                0x0000880c                spi1_Send256Bytes
 .text          0x00009084       0x9c ./L2_Drivers/src/uart0.o
                0x00009084                UART0::init(unsigned int, int, int)
                0x000090c8                UART0::UART0()
                0x000090c8                UART0::UART0()
                0x000090dc                UART0::putcharIntrDriven(char)
                0x000090f2                UART0::getcharIntrDriven(char)
                0x00009110                UART0_IRQHandler
 .text._ZN17SingletonTemplateI5UART0E11getInstanceEv
                0x00009120       0x20 ./L2_Drivers/src/uart0.o
                0x00009120                SingletonTemplate<UART0>::getInstance()
 .text          0x00009140      0x1ac ./L2_Drivers/src/uart_base.o
                0x00009140                UART_Base::getChar(char*, unsigned int)
                0x00009152                UART_Base::putChar(char, unsigned int)
                0x00009198                UART_Base::handleInterrupt()
                0x00009210                UART_Base::UART_Base(unsigned int*)
                0x00009210                UART_Base::UART_Base(unsigned int*)
                0x00009218                UART_Base::init(unsigned int, unsigned int, int, int)
 .text          0x000092ec        0x0 ./L1_FreeRTOS/src/croutine.o
 .text          0x000092ec       0x86 ./L1_FreeRTOS/src/list.o
                0x000092ec                vListInitialise
                0x00009302                vListInitialiseItem
                0x00009308                vListInsertEnd
                0x00009322                vListInsert
                0x00009352                vListRemove
 *fill*         0x00009372        0x2 00
 .text          0x00009374      0x4f0 ./L1_FreeRTOS/src/queue.o
                0x0000945c                xQueueCreate
                0x000094c4                xQueueGenericSend
                0x000095a8                xQueueCreateMutex
                0x000095ee                xQueueGenericSendFromISR
                0x0000963e                xQueueGenericReceive
                0x00009752                xQueueReceiveFromISR
                0x0000979c                uxQueueMessagesWaiting
                0x000097ae                uxQueueMessagesWaitingFromISR
                0x000097b2                vQueueDelete
                0x000097e8                xQueueIsQueueEmptyFromISR
                0x000097f4                xQueueIsQueueFullFromISR
                0x00009806                vQueueAddToRegistry
                0x0000982c                vQueueWaitForMessageRestricted
 .text          0x00009864      0xcf8 ./L1_FreeRTOS/src/tasks.o
                0x00009a1c                xTaskGenericCreate
                0x00009ba4                uxTaskPriorityGet
                0x00009bc0                vTaskPrioritySet
                0x00009c54                xTaskIsTaskSuspended
                0x00009c7c                vTaskResume
                0x00009ce0                xTaskResumeFromISR
                0x00009d44                vTaskStartScheduler
                0x00009d98                vTaskEndScheduler
                0x00009db0                vTaskSuspendAll
                0x00009dc4                xTaskGetTickCount
                0x00009ddc                xTaskGetTickCountFromISR
                0x00009df8                uxTaskGetNumberOfTasks
                0x00009e04                vTaskStartTrace
                0x00009e34                ulTaskEndTrace
                0x00009e58                vTaskIncrementTick
                0x00009f1c                xTaskResumeAll
                0x00009fdc                vTaskGetRunTimeStats
                0x0000a05c                vTaskResetRunTimeStats
                0x0000a0c4                vTaskList
                0x0000a14c                vTaskDelay
                0x0000a180                vTaskDelayUntil
                0x0000a1dc                vTaskSwitchContext
                0x0000a2e0                vTaskSuspend
                0x0000a348                vTaskPlaceOnEventList
                0x0000a384                vTaskPlaceOnEventListRestricted
                0x0000a3ac                xTaskRemoveFromEventList
                0x0000a408                vTaskSetTimeOutState
                0x0000a41c                xTaskCheckForTimeOut
                0x0000a470                vTaskMissedYield
                0x0000a480                xTaskGetCurrentTaskHandle
                0x0000a48c                xTaskGetSchedulerState
                0x0000a4a8                vTaskPriorityInherit
                0x0000a510                vTaskPriorityDisinherit
 .text          0x0000a55c      0x2f0 ./L1_FreeRTOS/src/timers.o
                0x0000a5e4                xTimerCreateTimerTask
                0x0000a618                xTimerCreate
                0x0000a650                xTimerGenericCommand
                0x0000a830                xTimerIsTimerActive
                0x0000a848                pvTimerGetTimerID
 .text          0x0000a84c      0x180 ./L1_FreeRTOS/portable/port.o
                0x0000a84c                pxPortInitialiseStack
                0x0000a862                vPortSVCHandler
                0x0000a884                vPortStartFirstTask
                0x0000a894                xPortStartScheduler
                0x0000a8d0                vPortEndScheduler
                0x0000a8d2                vPortYieldFromISR
                0x0000a8e0                vPortEnterCritical
                0x0000a8f8                vPortExitCritical
                0x0000a910                xPortPendSVHandler
                0x0000a94c                xPortSysTickHandler
                0x0000a970                vConfigureTimerForRunTimeStats
                0x0000a9b4                uxGetTimerForRunTimeStats
                0x0000a9bc                resetRunTimeCounter
 .text          0x0000a9cc       0x34 ./L1_FreeRTOS/hooks/hooks.o
                0x0000a9cc                vApplicationIdleHook
                0x0000a9d0                vApplicationStackOverflowHook
                0x0000a9f0                vApplicationMallocFailedHook
 .text          0x0000aa00       0x38 ./L1_FreeRTOS/MemMang/heap_3.o
                0x0000aa00                pvPortMalloc
                0x0000aa1e                vPortFree
 .text          0x0000aa38       0x86 ./L0_LowLevel/source/core_cm3.o
                0x0000aa38                __get_PSP
                0x0000aa40                __set_PSP
                0x0000aa46                __get_MSP
                0x0000aa4e                __set_MSP
                0x0000aa54                __get_BASEPRI
                0x0000aa5a                __set_BASEPRI
                0x0000aa60                __get_PRIMASK
                0x0000aa66                __set_PRIMASK
                0x0000aa6c                __get_FAULTMASK
                0x0000aa72                __set_FAULTMASK
                0x0000aa78                __get_CONTROL
                0x0000aa7e                __set_CONTROL
                0x0000aa84                __REV
                0x0000aa88                __REV16
                0x0000aa8c                __REVSH
                0x0000aa90                __RBIT
                0x0000aa96                __LDREXB
                0x0000aa9e                __LDREXH
                0x0000aaa6                __LDREXW
                0x0000aaac                __STREXB
                0x0000aab2                __STREXH
                0x0000aab8                __STREXW
 *fill*         0x0000aabe        0x2 00
 .text          0x0000aac0       0x70 ./L0_LowLevel/source/cr_startup_lpc175x.o
                0x0000aac0                HardFault_HandlerC
                0x0000ab24                line()
 .text          0x0000ab30      0x374 ./L0_LowLevel/source/io_functions.o
                0x0000ab30                printMessageUponCriticalSystemError
                0x0000ab44                stdio_SetOutputCharFunction
                0x0000ab50                stdio_SetInputCharFunction
                0x0000ab5c                _read
                0x0000ab74                _write
                0x0000ae6c                printf
                0x0000ae86                sprintf
 .text          0x0000aea4       0x44 ./L0_LowLevel/source/memory.o
                0x0000aea4                operator new(unsigned int)
                0x0000aea8                operator new[](unsigned int)
                0x0000aeac                operator delete(void*)
                0x0000aeb0                operator delete[](void*)
                0x0000aeb4                getMemoryInfo
                0x0000aee0                __aeabi_atexit
                0x0000aee4                __gnu_cxx::__verbose_terminate_handler()
 .text          0x0000aee8      0x1f8 ./L0_LowLevel/source/sys_clock.o
                0x0000aefc                calculatePLLParameters(unsigned int, unsigned int, int*, int*, int*)
                0x0000af80                configureSystemClock()
                0x0000b040                getCpuClock
 .text          0x0000b0e0       0x2c ./L0_LowLevel/source/sys_hooks.o
                0x0000b0e0                _init
                0x0000b0e2                _exit
                0x0000b0e4                _getpid
                0x0000b0e6                _kill
                0x0000b0e8                _lseek
                0x0000b0ea                _isatty
                0x0000b0ec                _fstat
                0x0000b0ee                _close
                0x0000b0f0                _sbrk
 .text          0x0000b10c       0xd4 ./L0_LowLevel/source/system_initialization.o
                0x0000b10c                configureFlashAccelerator(unsigned int)
                0x0000b168                lowLevelInitialize()
 .text          0x0000b1e0       0x9c ./L0_LowLevel/source/uart0_min.o
                0x0000b1e0                uart0Init
                0x0000b23c                uart0Putchar
                0x0000b250                uart0Puts
                0x0000b26a                uart0Getchar
 .text          0x0000b27c        0x0 c:/users/trent smith/desktop/sjsu_dev/yagarto/bin/../lib/gcc/arm-none-eabi/4.6.2/../../../../arm-none-eabi/lib/thumb/v7m\libstdc++.a(guard.o)
 .text.__cxa_guard_acquire
                0x0000b27c       0x38 c:/users/trent smith/desktop/sjsu_dev/yagarto/bin/../lib/gcc/arm-none-eabi/4.6.2/../../../../arm-none-eabi/lib/thumb/v7m\libstdc++.a(guard.o)
                0x0000b27c                __cxa_guard_acquire
 .text.__cxa_guard_abort
                0x0000b2b4        0x8 c:/users/trent smith/desktop/sjsu_dev/yagarto/bin/../lib/gcc/arm-none-eabi/4.6.2/../../../../arm-none-eabi/lib/thumb/v7m\libstdc++.a(guard.o)
                0x0000b2b4                __cxa_guard_abort
 .text.__cxa_guard_release
                0x0000b2bc        0x8 c:/users/trent smith/desktop/sjsu_dev/yagarto/bin/../lib/gcc/arm-none-eabi/4.6.2/../../../../arm-none-eabi/lib/thumb/v7m\libstdc++.a(guard.o)
                0x0000b2bc                __cxa_guard_release
 .text          0x0000b2c4        0x0 c:/users/trent smith/desktop/sjsu_dev/yagarto/bin/../lib/gcc/arm-none-eabi/4.6.2/../../../../arm-none-eabi/lib/thumb/v7m\libstdc++.a(guard_error.o)
 .text._ZN9__gnu_cxx20recursive_init_errorD2Ev
                0x0000b2c4       0x14 c:/users/trent smith/desktop/sjsu_dev/yagarto/bin/../lib/gcc/arm-none-eabi/4.6.2/../../../../arm-none-eabi/lib/thumb/v7m\libstdc++.a(guard_error.o)
                0x0000b2c4                __gnu_cxx::recursive_init_error::~recursive_init_error()
                0x0000b2c4                __gnu_cxx::recursive_init_error::~recursive_init_error()
 .text._ZN9__gnu_cxx20recursive_init_errorD0Ev
                0x0000b2d8       0x1c c:/users/trent smith/desktop/sjsu_dev/yagarto/bin/../lib/gcc/arm-none-eabi/4.6.2/../../../../arm-none-eabi/lib/thumb/v7m\libstdc++.a(guard_error.o)
                0x0000b2d8                __gnu_cxx::recursive_init_error::~recursive_init_error()
 .text          0x0000b2f4        0x0 c:/users/trent smith/desktop/sjsu_dev/yagarto/bin/../lib/gcc/arm-none-eabi/4.6.2/../../../../arm-none-eabi/lib/thumb/v7m\libstdc++.a(pure.o)
 .text.__cxa_pure_virtual
                0x0000b2f4       0x18 c:/users/trent smith/desktop/sjsu_dev/yagarto/bin/../lib/gcc/arm-none-eabi/4.6.2/../../../../arm-none-eabi/lib/thumb/v7m\libstdc++.a(pure.o)
                0x0000b2f4                __cxa_pure_virtual
 .text          0x0000b30c        0x0 c:/users/trent smith/desktop/sjsu_dev/yagarto/bin/../lib/gcc/arm-none-eabi/4.6.2/../../../../arm-none-eabi/lib/thumb/v7m\libstdc++.a(si_class_type_info.o)
 .text._ZN10__cxxabiv120__si_class_type_infoD2Ev
                0x0000b30c       0x14 c:/users/trent smith/desktop/sjsu_dev/yagarto/bin/../lib/gcc/arm-none-eabi/4.6.2/../../../../arm-none-eabi/lib/thumb/v7m\libstdc++.a(si_class_type_info.o)
                0x0000b30c                __cxxabiv1::__si_class_type_info::~__si_class_type_info()
                0x0000b30c                __cxxabiv1::__si_class_type_info::~__si_class_type_info()
 .text._ZN10__cxxabiv120__si_class_type_infoD0Ev
                0x0000b320       0x1c c:/users/trent smith/desktop/sjsu_dev/yagarto/bin/../lib/gcc/arm-none-eabi/4.6.2/../../../../arm-none-eabi/lib/thumb/v7m\libstdc++.a(si_class_type_info.o)
                0x0000b320                __cxxabiv1::__si_class_type_info::~__si_class_type_info()
 .text._ZNK10__cxxabiv120__si_class_type_info11__do_upcastEPKNS_17__class_type_infoEPKvRNS1_15__upcast_resultE
                0x0000b33c       0x28 c:/users/trent smith/desktop/sjsu_dev/yagarto/bin/../lib/gcc/arm-none-eabi/4.6.2/../../../../arm-none-eabi/lib/thumb/v7m\libstdc++.a(si_class_type_info.o)
                0x0000b33c                __cxxabiv1::__si_class_type_info::__do_upcast(__cxxabiv1::__class_type_info const*, void const*, __cxxabiv1::__class_type_info::__upcast_result&) const
 .text._ZNK10__cxxabiv120__si_class_type_info12__do_dyncastEiNS_17__class_type_info10__sub_kindEPKS1_PKvS4_S6_RNS1_16__dyncast_resultE
                0x0000b364       0x88 c:/users/trent smith/desktop/sjsu_dev/yagarto/bin/../lib/gcc/arm-none-eabi/4.6.2/../../../../arm-none-eabi/lib/thumb/v7m\libstdc++.a(si_class_type_info.o)
                0x0000b364                __cxxabiv1::__si_class_type_info::__do_dyncast(int, __cxxabiv1::__class_type_info::__sub_kind, __cxxabiv1::__class_type_info const*, void const*, __cxxabiv1::__class_type_info const*, void const*, __cxxabiv1::__class_type_info::__dyncast_result&) const
 .text._ZNK10__cxxabiv120__si_class_type_info20__do_find_public_srcEiPKvPKNS_17__class_type_infoES2_
                0x0000b3ec       0x38 c:/users/trent smith/desktop/sjsu_dev/yagarto/bin/../lib/gcc/arm-none-eabi/4.6.2/../../../../arm-none-eabi/lib/thumb/v7m\libstdc++.a(si_class_type_info.o)
                0x0000b3ec                __cxxabiv1::__si_class_type_info::__do_find_public_src(int, void const*, __cxxabiv1::__class_type_info const*, void const*) const
 .text          0x0000b424        0x0 c:/users/trent smith/desktop/sjsu_dev/yagarto/bin/../lib/gcc/arm-none-eabi/4.6.2/../../../../arm-none-eabi/lib/thumb/v7m\libstdc++.a(tinfo.o)
 .text._ZNSt9type_infoD2Ev
                0x0000b424        0xc c:/users/trent smith/desktop/sjsu_dev/yagarto/bin/../lib/gcc/arm-none-eabi/4.6.2/../../../../arm-none-eabi/lib/thumb/v7m\libstdc++.a(tinfo.o)
                0x0000b424                std::type_info::~type_info()
                0x0000b424                std::type_info::~type_info()
 .text._ZNKSt9type_info14__is_pointer_pEv
                0x0000b430        0x4 c:/users/trent smith/desktop/sjsu_dev/yagarto/bin/../lib/gcc/arm-none-eabi/4.6.2/../../../../arm-none-eabi/lib/thumb/v7m\libstdc++.a(tinfo.o)
                0x0000b430                std::type_info::__is_pointer_p() const
 .text._ZNKSt9type_info15__is_function_pEv
                0x0000b434        0x4 c:/users/trent smith/desktop/sjsu_dev/yagarto/bin/../lib/gcc/arm-none-eabi/4.6.2/../../../../arm-none-eabi/lib/thumb/v7m\libstdc++.a(tinfo.o)
                0x0000b434                std::type_info::__is_function_p() const
 .text._ZNKSt9type_info11__do_upcastEPKN10__cxxabiv117__class_type_infoEPPv
                0x0000b438        0x4 c:/users/trent smith/desktop/sjsu_dev/yagarto/bin/../lib/gcc/arm-none-eabi/4.6.2/../../../../arm-none-eabi/lib/thumb/v7m\libstdc++.a(tinfo.o)
                0x0000b438                std::type_info::__do_upcast(__cxxabiv1::__class_type_info const*, void**) const
 .text._ZNSt9type_infoD0Ev
                0x0000b43c       0x14 c:/users/trent smith/desktop/sjsu_dev/yagarto/bin/../lib/gcc/arm-none-eabi/4.6.2/../../../../arm-none-eabi/lib/thumb/v7m\libstdc++.a(tinfo.o)
                0x0000b43c                std::type_info::~type_info()
 .text._ZNKSt9type_infoeqERKS_
                0x0000b450       0x38 c:/users/trent smith/desktop/sjsu_dev/yagarto/bin/../lib/gcc/arm-none-eabi/4.6.2/../../../../arm-none-eabi/lib/thumb/v7m\libstdc++.a(tinfo.o)
                0x0000b450                std::type_info::operator==(std::type_info const&) const
 .text._ZNKSt9type_info10__do_catchEPKS_PPvj
                0x0000b488        0x4 c:/users/trent smith/desktop/sjsu_dev/yagarto/bin/../lib/gcc/arm-none-eabi/4.6.2/../../../../arm-none-eabi/lib/thumb/v7m\libstdc++.a(tinfo.o)
                0x0000b488                std::type_info::__do_catch(std::type_info const*, void**, unsigned int) const
 .text          0x0000b48c        0x0 c:/users/trent smith/desktop/sjsu_dev/yagarto/bin/../lib/gcc/arm-none-eabi/4.6.2/../../../../arm-none-eabi/lib/thumb/v7m\libstdc++.a(class_type_info.o)
 .text._ZNK10__cxxabiv117__class_type_info11__do_upcastEPKS0_PPv
                0x0000b48c       0x38 c:/users/trent smith/desktop/sjsu_dev/yagarto/bin/../lib/gcc/arm-none-eabi/4.6.2/../../../../arm-none-eabi/lib/thumb/v7m\libstdc++.a(class_type_info.o)
                0x0000b48c                __cxxabiv1::__class_type_info::__do_upcast(__cxxabiv1::__class_type_info const*, void**) const
 .text._ZNK10__cxxabiv117__class_type_info20__do_find_public_srcEiPKvPKS0_S2_
                0x0000b4c4        0xc c:/users/trent smith/desktop/sjsu_dev/yagarto/bin/../lib/gcc/arm-none-eabi/4.6.2/../../../../arm-none-eabi/lib/thumb/v7m\libstdc++.a(class_type_info.o)
                0x0000b4c4                __cxxabiv1::__class_type_info::__do_find_public_src(int, void const*, __cxxabiv1::__class_type_info const*, void const*) const
 .text._ZNK10__cxxabiv117__class_type_info11__do_upcastEPKS0_PKvRNS0_15__upcast_resultE
                0x0000b4d0       0x1c c:/users/trent smith/desktop/sjsu_dev/yagarto/bin/../lib/gcc/arm-none-eabi/4.6.2/../../../../arm-none-eabi/lib/thumb/v7m\libstdc++.a(class_type_info.o)
                0x0000b4d0                __cxxabiv1::__class_type_info::__do_upcast(__cxxabiv1::__class_type_info const*, void const*, __cxxabiv1::__class_type_info::__upcast_result&) const
 .text._ZN10__cxxabiv117__class_type_infoD2Ev
                0x0000b4ec       0x14 c:/users/trent smith/desktop/sjsu_dev/yagarto/bin/../lib/gcc/arm-none-eabi/4.6.2/../../../../arm-none-eabi/lib/thumb/v7m\libstdc++.a(class_type_info.o)
                0x0000b4ec                __cxxabiv1::__class_type_info::~__class_type_info()
                0x0000b4ec                __cxxabiv1::__class_type_info::~__class_type_info()
 .text._ZN10__cxxabiv117__class_type_infoD0Ev
                0x0000b500       0x1c c:/users/trent smith/desktop/sjsu_dev/yagarto/bin/../lib/gcc/arm-none-eabi/4.6.2/../../../../arm-none-eabi/lib/thumb/v7m\libstdc++.a(class_type_info.o)
                0x0000b500                __cxxabiv1::__class_type_info::~__class_type_info()
 .text._ZNK10__cxxabiv117__class_type_info12__do_dyncastEiNS0_10__sub_kindEPKS0_PKvS3_S5_RNS0_16__dyncast_resultE
                0x0000b51c       0x3c c:/users/trent smith/desktop/sjsu_dev/yagarto/bin/../lib/gcc/arm-none-eabi/4.6.2/../../../../arm-none-eabi/lib/thumb/v7m\libstdc++.a(class_type_info.o)
                0x0000b51c                __cxxabiv1::__class_type_info::__do_dyncast(int, __cxxabiv1::__class_type_info::__sub_kind, __cxxabiv1::__class_type_info const*, void const*, __cxxabiv1::__class_type_info const*, void const*, __cxxabiv1::__class_type_info::__dyncast_result&) const
 .text._ZNK10__cxxabiv117__class_type_info10__do_catchEPKSt9type_infoPPvj
                0x0000b558       0x28 c:/users/trent smith/desktop/sjsu_dev/yagarto/bin/../lib/gcc/arm-none-eabi/4.6.2/../../../../arm-none-eabi/lib/thumb/v7m\libstdc++.a(class_type_info.o)
                0x0000b558                __cxxabiv1::__class_type_info::__do_catch(std::type_info const*, void**, unsigned int) const
 .text          0x0000b580        0x0 c:/users/trent smith/desktop/sjsu_dev/yagarto/bin/../lib/gcc/arm-none-eabi/4.6.2/../../../../arm-none-eabi/lib/thumb/v7m\libstdc++.a(eh_alloc.o)
 .text.__cxa_allocate_exception
                0x0000b580       0x64 c:/users/trent smith/desktop/sjsu_dev/yagarto/bin/../lib/gcc/arm-none-eabi/4.6.2/../../../../arm-none-eabi/lib/thumb/v7m\libstdc++.a(eh_alloc.o)
                0x0000b580                __cxa_allocate_exception
 .text.__cxa_free_exception
                0x0000b5e4       0x34 c:/users/trent smith/desktop/sjsu_dev/yagarto/bin/../lib/gcc/arm-none-eabi/4.6.2/../../../../arm-none-eabi/lib/thumb/v7m\libstdc++.a(eh_alloc.o)
                0x0000b5e4                __cxa_free_exception
 .text.__cxa_allocate_dependent_exception
                0x0000b618       0x58 c:/users/trent smith/desktop/sjsu_dev/yagarto/bin/../lib/gcc/arm-none-eabi/4.6.2/../../../../arm-none-eabi/lib/thumb/v7m\libstdc++.a(eh_alloc.o)
                0x0000b618                __cxa_allocate_dependent_exception
 .text.__cxa_free_dependent_exception
                0x0000b670       0x44 c:/users/trent smith/desktop/sjsu_dev/yagarto/bin/../lib/gcc/arm-none-eabi/4.6.2/../../../../arm-none-eabi/lib/thumb/v7m\libstdc++.a(eh_alloc.o)
                0x0000b670                __cxa_free_dependent_exception
 .text          0x0000b6b4        0x0 c:/users/trent smith/desktop/sjsu_dev/yagarto/bin/../lib/gcc/arm-none-eabi/4.6.2/../../../../arm-none-eabi/lib/thumb/v7m\libstdc++.a(eh_exception.o)
 .text._ZNSt9exceptionD2Ev
                0x0000b6b4        0xc c:/users/trent smith/desktop/sjsu_dev/yagarto/bin/../lib/gcc/arm-none-eabi/4.6.2/../../../../arm-none-eabi/lib/thumb/v7m\libstdc++.a(eh_exception.o)
                0x0000b6b4                std::exception::~exception()
                0x0000b6b4                std::exception::~exception()
 .text._ZNSt13bad_exceptionD2Ev
                0x0000b6c0        0xc c:/users/trent smith/desktop/sjsu_dev/yagarto/bin/../lib/gcc/arm-none-eabi/4.6.2/../../../../arm-none-eabi/lib/thumb/v7m\libstdc++.a(eh_exception.o)
                0x0000b6c0                std::bad_exception::~bad_exception()
                0x0000b6c0                std::bad_exception::~bad_exception()
 .text._ZN10__cxxabiv115__forced_unwindD2Ev
                0x0000b6cc        0xc c:/users/trent smith/desktop/sjsu_dev/yagarto/bin/../lib/gcc/arm-none-eabi/4.6.2/../../../../arm-none-eabi/lib/thumb/v7m\libstdc++.a(eh_exception.o)
                0x0000b6cc                __cxxabiv1::__forced_unwind::~__forced_unwind()
                0x0000b6cc                __cxxabiv1::__forced_unwind::~__forced_unwind()
 .text._ZN10__cxxabiv119__foreign_exceptionD2Ev
                0x0000b6d8        0xc c:/users/trent smith/desktop/sjsu_dev/yagarto/bin/../lib/gcc/arm-none-eabi/4.6.2/../../../../arm-none-eabi/lib/thumb/v7m\libstdc++.a(eh_exception.o)
                0x0000b6d8                __cxxabiv1::__foreign_exception::~__foreign_exception()
                0x0000b6d8                __cxxabiv1::__foreign_exception::~__foreign_exception()
 .text._ZNKSt9exception4whatEv
                0x0000b6e4        0xc c:/users/trent smith/desktop/sjsu_dev/yagarto/bin/../lib/gcc/arm-none-eabi/4.6.2/../../../../arm-none-eabi/lib/thumb/v7m\libstdc++.a(eh_exception.o)
                0x0000b6e4                std::exception::what() const
 .text._ZNKSt13bad_exception4whatEv
                0x0000b6f0        0xc c:/users/trent smith/desktop/sjsu_dev/yagarto/bin/../lib/gcc/arm-none-eabi/4.6.2/../../../../arm-none-eabi/lib/thumb/v7m\libstdc++.a(eh_exception.o)
                0x0000b6f0                std::bad_exception::what() const
 .text._ZN10__cxxabiv119__foreign_exceptionD0Ev
                0x0000b6fc       0x14 c:/users/trent smith/desktop/sjsu_dev/yagarto/bin/../lib/gcc/arm-none-eabi/4.6.2/../../../../arm-none-eabi/lib/thumb/v7m\libstdc++.a(eh_exception.o)
                0x0000b6fc                __cxxabiv1::__foreign_exception::~__foreign_exception()
 .text._ZN10__cxxabiv115__forced_unwindD0Ev
                0x0000b710       0x14 c:/users/trent smith/desktop/sjsu_dev/yagarto/bin/../lib/gcc/arm-none-eabi/4.6.2/../../../../arm-none-eabi/lib/thumb/v7m\libstdc++.a(eh_exception.o)
                0x0000b710                __cxxabiv1::__forced_unwind::~__forced_unwind()
 .text._ZNSt13bad_exceptionD0Ev
                0x0000b724       0x14 c:/users/trent smith/desktop/sjsu_dev/yagarto/bin/../lib/gcc/arm-none-eabi/4.6.2/../../../../arm-none-eabi/lib/thumb/v7m\libstdc++.a(eh_exception.o)
                0x0000b724                std::bad_exception::~bad_exception()
 .text._ZNSt9exceptionD0Ev
                0x0000b738       0x14 c:/users/trent smith/desktop/sjsu_dev/yagarto/bin/../lib/gcc/arm-none-eabi/4.6.2/../../../../arm-none-eabi/lib/thumb/v7m\libstdc++.a(eh_exception.o)
                0x0000b738                std::exception::~exception()
 .text          0x0000b74c        0x0 c:/users/trent smith/desktop/sjsu_dev/yagarto/bin/../lib/gcc/arm-none-eabi/4.6.2/../../../../arm-none-eabi/lib/thumb/v7m\libstdc++.a(eh_globals.o)
 .text.__cxa_get_globals_fast
                0x0000b74c        0xc c:/users/trent smith/desktop/sjsu_dev/yagarto/bin/../lib/gcc/arm-none-eabi/4.6.2/../../../../arm-none-eabi/lib/thumb/v7m\libstdc++.a(eh_globals.o)
                0x0000b74c                __cxa_get_globals_fast
 .text.__cxa_get_globals
                0x0000b758        0xc c:/users/trent smith/desktop/sjsu_dev/yagarto/bin/../lib/gcc/arm-none-eabi/4.6.2/../../../../arm-none-eabi/lib/thumb/v7m\libstdc++.a(eh_globals.o)
                0x0000b758                __cxa_get_globals
 .text          0x0000b764        0x0 c:/users/trent smith/desktop/sjsu_dev/yagarto/bin/../lib/gcc/arm-none-eabi/4.6.2/../../../../arm-none-eabi/lib/thumb/v7m\libstdc++.a(eh_terminate.o)
 .text._ZN10__cxxabiv111__terminateEPFvvE
                0x0000b764       0x28 c:/users/trent smith/desktop/sjsu_dev/yagarto/bin/../lib/gcc/arm-none-eabi/4.6.2/../../../../arm-none-eabi/lib/thumb/v7m\libstdc++.a(eh_terminate.o)
                0x0000b764                __cxxabiv1::__terminate(void (*)())
 .text._ZSt9terminatev
                0x0000b78c       0x10 c:/users/trent smith/desktop/sjsu_dev/yagarto/bin/../lib/gcc/arm-none-eabi/4.6.2/../../../../arm-none-eabi/lib/thumb/v7m\libstdc++.a(eh_terminate.o)
                0x0000b78c                std::terminate()
 .text._ZN10__cxxabiv112__unexpectedEPFvvE
                0x0000b79c        0x8 c:/users/trent smith/desktop/sjsu_dev/yagarto/bin/../lib/gcc/arm-none-eabi/4.6.2/../../../../arm-none-eabi/lib/thumb/v7m\libstdc++.a(eh_terminate.o)
                0x0000b79c                __cxxabiv1::__unexpected(void (*)())
 .text._ZSt10unexpectedv
                0x0000b7a4       0x14 c:/users/trent smith/desktop/sjsu_dev/yagarto/bin/../lib/gcc/arm-none-eabi/4.6.2/../../../../arm-none-eabi/lib/thumb/v7m\libstdc++.a(eh_terminate.o)
                0x0000b7a4                std::unexpected()
 .text._ZSt13set_terminatePFvvE
                0x0000b7b8       0x10 c:/users/trent smith/desktop/sjsu_dev/yagarto/bin/../lib/gcc/arm-none-eabi/4.6.2/../../../../arm-none-eabi/lib/thumb/v7m\libstdc++.a(eh_terminate.o)
                0x0000b7b8                std::set_terminate(void (*)())
 .text._ZSt14set_unexpectedPFvvE
                0x0000b7c8       0x10 c:/users/trent smith/desktop/sjsu_dev/yagarto/bin/../lib/gcc/arm-none-eabi/4.6.2/../../../../arm-none-eabi/lib/thumb/v7m\libstdc++.a(eh_terminate.o)
                0x0000b7c8                std::set_unexpected(void (*)())
 .text          0x0000b7d8        0x0 c:/users/trent smith/desktop/sjsu_dev/yagarto/bin/../lib/gcc/arm-none-eabi/4.6.2/../../../../arm-none-eabi/lib/thumb/v7m\libstdc++.a(eh_term_handler.o)
 .text          0x0000b7d8        0x0 c:/users/trent smith/desktop/sjsu_dev/yagarto/bin/../lib/gcc/arm-none-eabi/4.6.2/../../../../arm-none-eabi/lib/thumb/v7m\libstdc++.a(eh_throw.o)
 .text._ZL23__gxx_exception_cleanup19_Unwind_Reason_CodeP21_Unwind_Control_Block
                0x0000b7d8       0x4c c:/users/trent smith/desktop/sjsu_dev/yagarto/bin/../lib/gcc/arm-none-eabi/4.6.2/../../../../arm-none-eabi/lib/thumb/v7m\libstdc++.a(eh_throw.o)
 .text.__cxa_throw
                0x0000b824       0x78 c:/users/trent smith/desktop/sjsu_dev/yagarto/bin/../lib/gcc/arm-none-eabi/4.6.2/../../../../arm-none-eabi/lib/thumb/v7m\libstdc++.a(eh_throw.o)
                0x0000b824                __cxa_throw
 .text.__cxa_rethrow
                0x0000b89c       0x70 c:/users/trent smith/desktop/sjsu_dev/yagarto/bin/../lib/gcc/arm-none-eabi/4.6.2/../../../../arm-none-eabi/lib/thumb/v7m\libstdc++.a(eh_throw.o)
                0x0000b89c                __cxa_rethrow
 .text          0x0000b90c        0x0 c:/users/trent smith/desktop/sjsu_dev/yagarto/bin/../lib/gcc/arm-none-eabi/4.6.2/../../../../arm-none-eabi/lib/thumb/v7m\libstdc++.a(eh_unex_handler.o)
 .text          0x0000b90c        0x0 c:/users/trent smith/desktop/sjsu_dev/yagarto/bin/../lib/gcc/arm-none-eabi/4.6.2/../../../../arm-none-eabi/lib/thumb/v7m\libstdc++.a(eh_arm.o)
 .text.__cxa_end_cleanup
                0x0000b90c        0xc c:/users/trent smith/desktop/sjsu_dev/yagarto/bin/../lib/gcc/arm-none-eabi/4.6.2/../../../../arm-none-eabi/lib/thumb/v7m\libstdc++.a(eh_arm.o)
                0x0000b90c                __cxa_end_cleanup
 .text.__cxa_type_match
                0x0000b918       0xe4 c:/users/trent smith/desktop/sjsu_dev/yagarto/bin/../lib/gcc/arm-none-eabi/4.6.2/../../../../arm-none-eabi/lib/thumb/v7m\libstdc++.a(eh_arm.o)
                0x0000b918                __cxa_type_match
 .text.__cxa_begin_cleanup
                0x0000b9fc       0x68 c:/users/trent smith/desktop/sjsu_dev/yagarto/bin/../lib/gcc/arm-none-eabi/4.6.2/../../../../arm-none-eabi/lib/thumb/v7m\libstdc++.a(eh_arm.o)
                0x0000b9fc                __cxa_begin_cleanup
 .text.__gnu_end_cleanup
                0x0000ba64       0x74 c:/users/trent smith/desktop/sjsu_dev/yagarto/bin/../lib/gcc/arm-none-eabi/4.6.2/../../../../arm-none-eabi/lib/thumb/v7m\libstdc++.a(eh_arm.o)
                0x0000ba64                __gnu_end_cleanup
 .text          0x0000bad8        0x0 c:/users/trent smith/desktop/sjsu_dev/yagarto/bin/../lib/gcc/arm-none-eabi/4.6.2/../../../../arm-none-eabi/lib/thumb/v7m\libstdc++.a(eh_aux_runtime.o)
 .text.__cxa_bad_cast
                0x0000bad8       0x24 c:/users/trent smith/desktop/sjsu_dev/yagarto/bin/../lib/gcc/arm-none-eabi/4.6.2/../../../../arm-none-eabi/lib/thumb/v7m\libstdc++.a(eh_aux_runtime.o)
                0x0000bad8                __cxa_bad_cast
 .text.__cxa_bad_typeid
                0x0000bafc       0x24 c:/users/trent smith/desktop/sjsu_dev/yagarto/bin/../lib/gcc/arm-none-eabi/4.6.2/../../../../arm-none-eabi/lib/thumb/v7m\libstdc++.a(eh_aux_runtime.o)
                0x0000bafc                __cxa_bad_typeid
 .text          0x0000bb20        0x0 c:/users/trent smith/desktop/sjsu_dev/yagarto/bin/../lib/gcc/arm-none-eabi/4.6.2/../../../../arm-none-eabi/lib/thumb/v7m\libstdc++.a(eh_call.o)
 .text.__cxa_call_terminate
                0x0000bb20       0x48 c:/users/trent smith/desktop/sjsu_dev/yagarto/bin/../lib/gcc/arm-none-eabi/4.6.2/../../../../arm-none-eabi/lib/thumb/v7m\libstdc++.a(eh_call.o)
                0x0000bb20                __cxa_call_terminate
 .text.__cxa_call_unexpected
                0x0000bb68      0x11c c:/users/trent smith/desktop/sjsu_dev/yagarto/bin/../lib/gcc/arm-none-eabi/4.6.2/../../../../arm-none-eabi/lib/thumb/v7m\libstdc++.a(eh_call.o)
                0x0000bb68                __cxa_call_unexpected
 .text          0x0000bc84        0x0 c:/users/trent smith/desktop/sjsu_dev/yagarto/bin/../lib/gcc/arm-none-eabi/4.6.2/../../../../arm-none-eabi/lib/thumb/v7m\libstdc++.a(eh_catch.o)
 .text.__cxa_get_exception_ptr
                0x0000bc84        0x4 c:/users/trent smith/desktop/sjsu_dev/yagarto/bin/../lib/gcc/arm-none-eabi/4.6.2/../../../../arm-none-eabi/lib/thumb/v7m\libstdc++.a(eh_catch.o)
                0x0000bc84                __cxa_get_exception_ptr
 .text.__cxa_begin_catch
                0x0000bc88       0x88 c:/users/trent smith/desktop/sjsu_dev/yagarto/bin/../lib/gcc/arm-none-eabi/4.6.2/../../../../arm-none-eabi/lib/thumb/v7m\libstdc++.a(eh_catch.o)
                0x0000bc88                __cxa_begin_catch
 .text.__cxa_end_catch
                0x0000bd10       0x90 c:/users/trent smith/desktop/sjsu_dev/yagarto/bin/../lib/gcc/arm-none-eabi/4.6.2/../../../../arm-none-eabi/lib/thumb/v7m\libstdc++.a(eh_catch.o)
                0x0000bd10                __cxa_end_catch
 .text._ZSt18uncaught_exceptionv
                0x0000bda0       0x10 c:/users/trent smith/desktop/sjsu_dev/yagarto/bin/../lib/gcc/arm-none-eabi/4.6.2/../../../../arm-none-eabi/lib/thumb/v7m\libstdc++.a(eh_catch.o)
                0x0000bda0                std::uncaught_exception()
 .text          0x0000bdb0        0x0 c:/users/trent smith/desktop/sjsu_dev/yagarto/bin/../lib/gcc/arm-none-eabi/4.6.2/../../../../arm-none-eabi/lib/thumb/v7m\libstdc++.a(eh_personality.o)
 .text._ZL12read_sleb128PKhPl
                0x0000bdb0       0x3c c:/users/trent smith/desktop/sjsu_dev/yagarto/bin/../lib/gcc/arm-none-eabi/4.6.2/../../../../arm-none-eabi/lib/thumb/v7m\libstdc++.a(eh_personality.o)
 .text._ZL28read_encoded_value_with_basehjPKhPj
                0x0000bdec       0xc0 c:/users/trent smith/desktop/sjsu_dev/yagarto/bin/../lib/gcc/arm-none-eabi/4.6.2/../../../../arm-none-eabi/lib/thumb/v7m\libstdc++.a(eh_personality.o)
 .text._ZL21base_of_encoded_valuehP15_Unwind_Context
                0x0000beac       0x4c c:/users/trent smith/desktop/sjsu_dev/yagarto/bin/../lib/gcc/arm-none-eabi/4.6.2/../../../../arm-none-eabi/lib/thumb/v7m\libstdc++.a(eh_personality.o)
 .text._ZL17parse_lsda_headerP15_Unwind_ContextPKhP16lsda_header_info.constprop.1
                0x0000bef8       0x8c c:/users/trent smith/desktop/sjsu_dev/yagarto/bin/../lib/gcc/arm-none-eabi/4.6.2/../../../../arm-none-eabi/lib/thumb/v7m\libstdc++.a(eh_personality.o)
 .text.__gxx_personality_v0
                0x0000bf84      0x3a8 c:/users/trent smith/desktop/sjsu_dev/yagarto/bin/../lib/gcc/arm-none-eabi/4.6.2/../../../../arm-none-eabi/lib/thumb/v7m\libstdc++.a(eh_personality.o)
                0x0000bf84                __gxx_personality_v0
 .text          0x0000c32c        0x0 c:/users/trent smith/desktop/sjsu_dev/yagarto/bin/../lib/gcc/arm-none-eabi/4.6.2/../../../../arm-none-eabi/lib/thumb/v7m\libstdc++.a(fundamental_type_info.o)
 .text._ZN10__cxxabiv123__fundamental_type_infoD2Ev
                0x0000c32c       0x14 c:/users/trent smith/desktop/sjsu_dev/yagarto/bin/../lib/gcc/arm-none-eabi/4.6.2/../../../../arm-none-eabi/lib/thumb/v7m\libstdc++.a(fundamental_type_info.o)
                0x0000c32c                __cxxabiv1::__fundamental_type_info::~__fundamental_type_info()
                0x0000c32c                __cxxabiv1::__fundamental_type_info::~__fundamental_type_info()
 .text._ZN10__cxxabiv123__fundamental_type_infoD0Ev
                0x0000c340       0x1c c:/users/trent smith/desktop/sjsu_dev/yagarto/bin/../lib/gcc/arm-none-eabi/4.6.2/../../../../arm-none-eabi/lib/thumb/v7m\libstdc++.a(fundamental_type_info.o)
                0x0000c340                __cxxabiv1::__fundamental_type_info::~__fundamental_type_info()
 .text          0x0000c35c        0x0 c:/users/trent smith/desktop/sjsu_dev/yagarto/bin/../lib/gcc/arm-none-eabi/4.6.2/../../../../arm-none-eabi/lib/thumb/v7m\libstdc++.a(pointer_type_info.o)
 .text._ZNK10__cxxabiv119__pointer_type_info14__is_pointer_pEv
                0x0000c35c        0x4 c:/users/trent smith/desktop/sjsu_dev/yagarto/bin/../lib/gcc/arm-none-eabi/4.6.2/../../../../arm-none-eabi/lib/thumb/v7m\libstdc++.a(pointer_type_info.o)
                0x0000c35c                __cxxabiv1::__pointer_type_info::__is_pointer_p() const
 .text._ZN10__cxxabiv119__pointer_type_infoD2Ev
                0x0000c360       0x14 c:/users/trent smith/desktop/sjsu_dev/yagarto/bin/../lib/gcc/arm-none-eabi/4.6.2/../../../../arm-none-eabi/lib/thumb/v7m\libstdc++.a(pointer_type_info.o)
                0x0000c360                __cxxabiv1::__pointer_type_info::~__pointer_type_info()
                0x0000c360                __cxxabiv1::__pointer_type_info::~__pointer_type_info()
 .text._ZN10__cxxabiv119__pointer_type_infoD0Ev
                0x0000c374       0x1c c:/users/trent smith/desktop/sjsu_dev/yagarto/bin/../lib/gcc/arm-none-eabi/4.6.2/../../../../arm-none-eabi/lib/thumb/v7m\libstdc++.a(pointer_type_info.o)
                0x0000c374                __cxxabiv1::__pointer_type_info::~__pointer_type_info()
 .text._ZNK10__cxxabiv119__pointer_type_info15__pointer_catchEPKNS_17__pbase_type_infoEPPvj
                0x0000c390       0x48 c:/users/trent smith/desktop/sjsu_dev/yagarto/bin/../lib/gcc/arm-none-eabi/4.6.2/../../../../arm-none-eabi/lib/thumb/v7m\libstdc++.a(pointer_type_info.o)
                0x0000c390                __cxxabiv1::__pointer_type_info::__pointer_catch(__cxxabiv1::__pbase_type_info const*, void**, unsigned int) const
 .text          0x0000c3d8        0x0 c:/users/trent smith/desktop/sjsu_dev/yagarto/bin/../lib/gcc/arm-none-eabi/4.6.2/../../../../arm-none-eabi/lib/thumb/v7m\libstdc++.a(bad_cast.o)
 .text._ZNKSt8bad_cast4whatEv
                0x0000c3d8        0xc c:/users/trent smith/desktop/sjsu_dev/yagarto/bin/../lib/gcc/arm-none-eabi/4.6.2/../../../../arm-none-eabi/lib/thumb/v7m\libstdc++.a(bad_cast.o)
                0x0000c3d8                std::bad_cast::what() const
 .text._ZNSt8bad_castD2Ev
                0x0000c3e4       0x14 c:/users/trent smith/desktop/sjsu_dev/yagarto/bin/../lib/gcc/arm-none-eabi/4.6.2/../../../../arm-none-eabi/lib/thumb/v7m\libstdc++.a(bad_cast.o)
                0x0000c3e4                std::bad_cast::~bad_cast()
                0x0000c3e4                std::bad_cast::~bad_cast()
 .text._ZNSt8bad_castD0Ev
                0x0000c3f8       0x1c c:/users/trent smith/desktop/sjsu_dev/yagarto/bin/../lib/gcc/arm-none-eabi/4.6.2/../../../../arm-none-eabi/lib/thumb/v7m\libstdc++.a(bad_cast.o)
                0x0000c3f8                std::bad_cast::~bad_cast()
 .text          0x0000c414        0x0 c:/users/trent smith/desktop/sjsu_dev/yagarto/bin/../lib/gcc/arm-none-eabi/4.6.2/../../../../arm-none-eabi/lib/thumb/v7m\libstdc++.a(bad_typeid.o)
 .text._ZNKSt10bad_typeid4whatEv
                0x0000c414        0xc c:/users/trent smith/desktop/sjsu_dev/yagarto/bin/../lib/gcc/arm-none-eabi/4.6.2/../../../../arm-none-eabi/lib/thumb/v7m\libstdc++.a(bad_typeid.o)
                0x0000c414                std::bad_typeid::what() const
 .text._ZNSt10bad_typeidD2Ev
                0x0000c420       0x14 c:/users/trent smith/desktop/sjsu_dev/yagarto/bin/../lib/gcc/arm-none-eabi/4.6.2/../../../../arm-none-eabi/lib/thumb/v7m\libstdc++.a(bad_typeid.o)
                0x0000c420                std::bad_typeid::~bad_typeid()
                0x0000c420                std::bad_typeid::~bad_typeid()
 .text._ZNSt10bad_typeidD0Ev
                0x0000c434       0x1c c:/users/trent smith/desktop/sjsu_dev/yagarto/bin/../lib/gcc/arm-none-eabi/4.6.2/../../../../arm-none-eabi/lib/thumb/v7m\libstdc++.a(bad_typeid.o)
                0x0000c434                std::bad_typeid::~bad_typeid()
 .text          0x0000c450        0x0 c:/users/trent smith/desktop/sjsu_dev/yagarto/bin/../lib/gcc/arm-none-eabi/4.6.2/../../../../arm-none-eabi/lib/thumb/v7m\libstdc++.a(pbase_type_info.o)
 .text._ZNK10__cxxabiv117__pbase_type_info15__pointer_catchEPKS0_PPvj
                0x0000c450       0x14 c:/users/trent smith/desktop/sjsu_dev/yagarto/bin/../lib/gcc/arm-none-eabi/4.6.2/../../../../arm-none-eabi/lib/thumb/v7m\libstdc++.a(pbase_type_info.o)
                0x0000c450                __cxxabiv1::__pbase_type_info::__pointer_catch(__cxxabiv1::__pbase_type_info const*, void**, unsigned int) const
 .text._ZN10__cxxabiv117__pbase_type_infoD2Ev
                0x0000c464       0x14 c:/users/trent smith/desktop/sjsu_dev/yagarto/bin/../lib/gcc/arm-none-eabi/4.6.2/../../../../arm-none-eabi/lib/thumb/v7m\libstdc++.a(pbase_type_info.o)
                0x0000c464                __cxxabiv1::__pbase_type_info::~__pbase_type_info()
                0x0000c464                __cxxabiv1::__pbase_type_info::~__pbase_type_info()
 .text._ZN10__cxxabiv117__pbase_type_infoD0Ev
                0x0000c478       0x1c c:/users/trent smith/desktop/sjsu_dev/yagarto/bin/../lib/gcc/arm-none-eabi/4.6.2/../../../../arm-none-eabi/lib/thumb/v7m\libstdc++.a(pbase_type_info.o)
                0x0000c478                __cxxabiv1::__pbase_type_info::~__pbase_type_info()
 .text._ZNK10__cxxabiv117__pbase_type_info10__do_catchEPKSt9type_infoPPvj
                0x0000c494       0x6c c:/users/trent smith/desktop/sjsu_dev/yagarto/bin/../lib/gcc/arm-none-eabi/4.6.2/../../../../arm-none-eabi/lib/thumb/v7m\libstdc++.a(pbase_type_info.o)
                0x0000c494                __cxxabiv1::__pbase_type_info::__do_catch(std::type_info const*, void**, unsigned int) const
 .text          0x0000c500      0x370 c:/users/trent smith/desktop/sjsu_dev/yagarto/bin/../lib/gcc/arm-none-eabi/4.6.2/thumb/v7m\libgcc.a(_arm_addsubdf3.o)
                0x0000c500                __aeabi_drsub
                0x0000c508                __aeabi_dsub
                0x0000c508                __subdf3
                0x0000c50c                __aeabi_dadd
                0x0000c50c                __adddf3
                0x0000c784                __floatunsidf
                0x0000c784                __aeabi_ui2d
                0x0000c7a4                __floatsidf
                0x0000c7a4                __aeabi_i2d
                0x0000c7c8                __aeabi_f2d
                0x0000c7c8                __extendsfdf2
                0x0000c804                __floatundidf
                0x0000c804                __aeabi_ul2d
                0x0000c814                __floatdidf
                0x0000c814                __aeabi_l2d
 .text          0x0000c870       0x50 c:/users/trent smith/desktop/sjsu_dev/yagarto/bin/../lib/gcc/arm-none-eabi/4.6.2/thumb/v7m\libgcc.a(_arm_fixdfsi.o)
                0x0000c870                __aeabi_d2iz
                0x0000c870                __fixdfsi
 .text          0x0000c8c0       0x40 c:/users/trent smith/desktop/sjsu_dev/yagarto/bin/../lib/gcc/arm-none-eabi/4.6.2/thumb/v7m\libgcc.a(_arm_fixunsdfsi.o)
                0x0000c8c0                __aeabi_d2uiz
                0x0000c8c0                __fixunsdfsi
 .text          0x0000c900      0x21c c:/users/trent smith/desktop/sjsu_dev/yagarto/bin/../lib/gcc/arm-none-eabi/4.6.2/thumb/v7m\libgcc.a(_arm_addsubsf3.o)
                0x0000c900                __aeabi_frsub
                0x0000c908                __subsf3
                0x0000c908                __aeabi_fsub
                0x0000c90c                __aeabi_fadd
                0x0000c90c                __addsf3
                0x0000ca6c                __aeabi_ui2f
                0x0000ca6c                __floatunsisf
                0x0000ca74                __aeabi_i2f
                0x0000ca74                __floatsisf
                0x0000ca90                __aeabi_ul2f
                0x0000ca90                __floatundisf
                0x0000caa0                __aeabi_l2f
                0x0000caa0                __floatdisf
 .text          0x0000cb1c      0x2a0 c:/users/trent smith/desktop/sjsu_dev/yagarto/bin/../lib/gcc/arm-none-eabi/4.6.2/thumb/v7m\libgcc.a(_arm_muldivsf3.o)
                0x0000cb1c                __mulsf3
                0x0000cb1c                __aeabi_fmul
                0x0000cc84                __aeabi_fdiv
                0x0000cc84                __divsf3
 .text          0x0000cdbc       0x4c c:/users/trent smith/desktop/sjsu_dev/yagarto/bin/../lib/gcc/arm-none-eabi/4.6.2/thumb/v7m\libgcc.a(_arm_fixsfsi.o)
                0x0000cdbc                __aeabi_f2iz
                0x0000cdbc                __fixsfsi
 .text          0x0000ce08       0x40 c:/users/trent smith/desktop/sjsu_dev/yagarto/bin/../lib/gcc/arm-none-eabi/4.6.2/thumb/v7m\libgcc.a(_arm_fixunssfsi.o)
                0x0000ce08                __fixunssfsi
                0x0000ce08                __aeabi_f2uiz
 .text          0x0000ce48      0xa10 c:/users/trent smith/desktop/sjsu_dev/yagarto/bin/../lib/gcc/arm-none-eabi/4.6.2/thumb/v7m\libgcc.a(unwind-arm.o)
                0x0000d104                _Unwind_VRS_Get
                0x0000d150                _Unwind_VRS_Set
                0x0000d464                __aeabi_unwind_cpp_pr2
                0x0000d468                __aeabi_unwind_cpp_pr1
                0x0000d46c                __aeabi_unwind_cpp_pr0
                0x0000d470                _Unwind_VRS_Pop
                0x0000d700                _Unwind_GetCFA
                0x0000d704                __gnu_Unwind_RaiseException
                0x0000d764                __gnu_Unwind_ForcedUnwind
                0x0000d778                __gnu_Unwind_Resume
                0x0000d7b4                __gnu_Unwind_Resume_or_Rethrow
                0x0000d7c4                _Unwind_Complete
                0x0000d7c8                _Unwind_DeleteException
                0x0000d7d8                __gnu_Unwind_Backtrace
 .text          0x0000d858      0x1ac c:/users/trent smith/desktop/sjsu_dev/yagarto/bin/../lib/gcc/arm-none-eabi/4.6.2/thumb/v7m\libgcc.a(libunwind.o)
                0x0000d858                __restore_core_regs
                0x0000d858                restore_core_regs
                0x0000d870                __gnu_Unwind_Restore_VFP
                0x0000d878                __gnu_Unwind_Save_VFP
                0x0000d880                __gnu_Unwind_Restore_VFP_D
                0x0000d888                __gnu_Unwind_Save_VFP_D
                0x0000d890                __gnu_Unwind_Restore_VFP_D_16_to_31
                0x0000d898                __gnu_Unwind_Save_VFP_D_16_to_31
                0x0000d8a0                __gnu_Unwind_Restore_WMMXD
                0x0000d8e4                __gnu_Unwind_Save_WMMXD
                0x0000d928                __gnu_Unwind_Restore_WMMXC
                0x0000d93c                __gnu_Unwind_Save_WMMXC
                0x0000d950                ___Unwind_RaiseException
                0x0000d950                _Unwind_RaiseException
                0x0000d974                _Unwind_Resume
                0x0000d974                ___Unwind_Resume
                0x0000d998                _Unwind_Resume_or_Rethrow
                0x0000d998                ___Unwind_Resume_or_Rethrow
                0x0000d9bc                _Unwind_ForcedUnwind
                0x0000d9bc                ___Unwind_ForcedUnwind
                0x0000d9e0                ___Unwind_Backtrace
                0x0000d9e0                _Unwind_Backtrace
 .text          0x0000da04      0x3d4 c:/users/trent smith/desktop/sjsu_dev/yagarto/bin/../lib/gcc/arm-none-eabi/4.6.2/thumb/v7m\libgcc.a(pr-support.o)
                0x0000da58                __gnu_unwind_execute
                0x0000dd7c                __gnu_unwind_frame
                0x0000dda8                _Unwind_GetRegionStart
                0x0000ddb4                _Unwind_GetLanguageSpecificData
                0x0000ddc8                _Unwind_GetDataRelBase
                0x0000ddd0                _Unwind_GetTextRelBase
 .text          0x0000ddd8       0x10 c:/users/trent smith/desktop/sjsu_dev/yagarto/bin/../lib/gcc/arm-none-eabi/4.6.2/../../../../arm-none-eabi/lib/thumb/v7m\libc.a(lib_a-abort.o)
                0x0000ddd8                abort
 .text          0x0000dde8       0x10 c:/users/trent smith/desktop/sjsu_dev/yagarto/bin/../lib/gcc/arm-none-eabi/4.6.2/../../../../arm-none-eabi/lib/thumb/v7m\libc.a(lib_a-atoi.o)
                0x0000dde8                atoi
                0x0000ddf0                _atoi_r
 .text          0x0000ddf8        0x0 c:/users/trent smith/desktop/sjsu_dev/yagarto/bin/../lib/gcc/arm-none-eabi/4.6.2/../../../../arm-none-eabi/lib/thumb/v7m\libc.a(lib_a-impure.o)
 .text          0x0000ddf8       0x48 c:/users/trent smith/desktop/sjsu_dev/yagarto/bin/../lib/gcc/arm-none-eabi/4.6.2/../../../../arm-none-eabi/lib/thumb/v7m\libc.a(lib_a-init.o)
                0x0000ddf8                __libc_init_array
 .text          0x0000de40       0x14 c:/users/trent smith/desktop/sjsu_dev/yagarto/bin/../lib/gcc/arm-none-eabi/4.6.2/../../../../arm-none-eabi/lib/thumb/v7m\libc.a(lib_a-isalnum.o)
                0x0000de40                isalnum
 .text          0x0000de54       0x14 c:/users/trent smith/desktop/sjsu_dev/yagarto/bin/../lib/gcc/arm-none-eabi/4.6.2/../../../../arm-none-eabi/lib/thumb/v7m\libc.a(lib_a-isalpha.o)
                0x0000de54                isalpha
 .text          0x0000de68       0x20 c:/users/trent smith/desktop/sjsu_dev/yagarto/bin/../lib/gcc/arm-none-eabi/4.6.2/../../../../arm-none-eabi/lib/thumb/v7m\libc.a(lib_a-malloc.o)
                0x0000de68                malloc
                0x0000de78                free
 .text          0x0000de88      0x564 c:/users/trent smith/desktop/sjsu_dev/yagarto/bin/../lib/gcc/arm-none-eabi/4.6.2/../../../../arm-none-eabi/lib/thumb/v7m\libc.a(lib_a-mallocr.o)
                0x0000de88                _malloc_r
 .text          0x0000e3ec       0x60 c:/users/trent smith/desktop/sjsu_dev/yagarto/bin/../lib/gcc/arm-none-eabi/4.6.2/../../../../arm-none-eabi/lib/thumb/v7m\libc.a(lib_a-memcmp.o)
                0x0000e3ec                memcmp
 .text          0x0000e44c       0x84 c:/users/trent smith/desktop/sjsu_dev/yagarto/bin/../lib/gcc/arm-none-eabi/4.6.2/../../../../arm-none-eabi/lib/thumb/v7m\libc.a(lib_a-memcpy.o)
                0x0000e44c                memcpy
 .text          0x0000e4d0       0xc8 c:/users/trent smith/desktop/sjsu_dev/yagarto/bin/../lib/gcc/arm-none-eabi/4.6.2/../../../../arm-none-eabi/lib/thumb/v7m\libc.a(lib_a-memmove.o)
                0x0000e4d0                memmove
 .text          0x0000e598       0x94 c:/users/trent smith/desktop/sjsu_dev/yagarto/bin/../lib/gcc/arm-none-eabi/4.6.2/../../../../arm-none-eabi/lib/thumb/v7m\libc.a(lib_a-memset.o)
                0x0000e598                memset
 .text          0x0000e62c        0x8 c:/users/trent smith/desktop/sjsu_dev/yagarto/bin/../lib/gcc/arm-none-eabi/4.6.2/../../../../arm-none-eabi/lib/thumb/v7m\libc.a(lib_a-mlock.o)
                0x0000e62c                __malloc_lock
                0x0000e630                __malloc_unlock
 .text          0x0000e634       0x6c c:/users/trent smith/desktop/sjsu_dev/yagarto/bin/../lib/gcc/arm-none-eabi/4.6.2/../../../../arm-none-eabi/lib/thumb/v7m\libc.a(lib_a-mstats.o)
                0x0000e634                mallinfo
                0x0000e64c                malloc_stats
                0x0000e65c                mallopt
                0x0000e670                _mstats_r
                0x0000e690                mstats
 .text          0x0000e6a0       0x1c c:/users/trent smith/desktop/sjsu_dev/yagarto/bin/../lib/gcc/arm-none-eabi/4.6.2/../../../../arm-none-eabi/lib/thumb/v7m\libc.a(lib_a-putchar.o)
                0x0000e6a0                _putchar_r
                0x0000e6a8                putchar
 .text          0x0000e6bc       0x74 c:/users/trent smith/desktop/sjsu_dev/yagarto/bin/../lib/gcc/arm-none-eabi/4.6.2/../../../../arm-none-eabi/lib/thumb/v7m\libc.a(lib_a-puts.o)
                0x0000e6bc                _puts_r
                0x0000e720                puts
 .text          0x0000e730       0x14 c:/users/trent smith/desktop/sjsu_dev/yagarto/bin/../lib/gcc/arm-none-eabi/4.6.2/../../../../arm-none-eabi/lib/thumb/v7m\libc.a(lib_a-realloc.o)
                0x0000e730                realloc
 .text          0x0000e744      0x410 c:/users/trent smith/desktop/sjsu_dev/yagarto/bin/../lib/gcc/arm-none-eabi/4.6.2/../../../../arm-none-eabi/lib/thumb/v7m\libc.a(lib_a-reallocr.o)
                0x0000e744                _realloc_r
 .text          0x0000eb54       0x44 c:/users/trent smith/desktop/sjsu_dev/yagarto/bin/../lib/gcc/arm-none-eabi/4.6.2/../../../../arm-none-eabi/lib/thumb/v7m\libc.a(lib_a-rget.o)
                0x0000eb54                __srget_r
                0x0000eb88                __srget
 .text          0x0000eb98       0x24 c:/users/trent smith/desktop/sjsu_dev/yagarto/bin/../lib/gcc/arm-none-eabi/4.6.2/../../../../arm-none-eabi/lib/thumb/v7m\libc.a(lib_a-sbrkr.o)
                0x0000eb98                _sbrk_r
 .text          0x0000ebbc      0x114 c:/users/trent smith/desktop/sjsu_dev/yagarto/bin/../lib/gcc/arm-none-eabi/4.6.2/../../../../arm-none-eabi/lib/thumb/v7m\libc.a(lib_a-setvbuf.o)
                0x0000ebbc                setvbuf
 .text          0x0000ecd0      0x158 c:/users/trent smith/desktop/sjsu_dev/yagarto/bin/../lib/gcc/arm-none-eabi/4.6.2/../../../../arm-none-eabi/lib/thumb/v7m\libc.a(lib_a-signal.o)
                0x0000ecd0                _init_signal_r
                0x0000ed04                _signal_r
                0x0000ed44                _raise_r
                0x0000ed9c                __sigtramp_r
                0x0000edec                raise
                0x0000edfc                signal
                0x0000ee0c                _init_signal
                0x0000ee18                __sigtramp
 .text          0x0000ee28       0x2c c:/users/trent smith/desktop/sjsu_dev/yagarto/bin/../lib/gcc/arm-none-eabi/4.6.2/../../../../arm-none-eabi/lib/thumb/v7m\libc.a(lib_a-signalr.o)
                0x0000ee28                _kill_r
                0x0000ee50                _getpid_r
 .text          0x0000ee54       0x48 c:/users/trent smith/desktop/sjsu_dev/yagarto/bin/../lib/gcc/arm-none-eabi/4.6.2/../../../../arm-none-eabi/lib/thumb/v7m\libc.a(lib_a-strcasecmp.o)
                0x0000ee54                strcasecmp
 .text          0x0000ee9c       0x50 c:/users/trent smith/desktop/sjsu_dev/yagarto/bin/../lib/gcc/arm-none-eabi/4.6.2/../../../../arm-none-eabi/lib/thumb/v7m\libc.a(lib_a-strcat.o)
                0x0000ee9c                strcat
 .text          0x0000eeec       0xf4 c:/users/trent smith/desktop/sjsu_dev/yagarto/bin/../lib/gcc/arm-none-eabi/4.6.2/../../../../arm-none-eabi/lib/thumb/v7m\libc.a(lib_a-strchr.o)
                0x0000eeec                strchr
 .text          0x0000efe0      0x1dc c:/users/trent smith/desktop/sjsu_dev/yagarto/bin/../lib/gcc/arm-none-eabi/4.6.2/../../../../arm-none-eabi/lib/thumb/v7m\libc.a(lib_a-strcmp.o)
                0x0000efe0                strcmp
 .text          0x0000f1bc       0xbc c:/users/trent smith/desktop/sjsu_dev/yagarto/bin/../lib/gcc/arm-none-eabi/4.6.2/../../../../arm-none-eabi/lib/thumb/v7m\libc.a(lib_a-strcpy.o)
                0x0000f1bc                strcpy
 .text          0x0000f278       0x60 c:/users/trent smith/desktop/sjsu_dev/yagarto/bin/../lib/gcc/arm-none-eabi/4.6.2/../../../../arm-none-eabi/lib/thumb/v7m\libc.a(lib_a-strlen.o)
                0x0000f278                strlen
 .text          0x0000f2d8       0x54 c:/users/trent smith/desktop/sjsu_dev/yagarto/bin/../lib/gcc/arm-none-eabi/4.6.2/../../../../arm-none-eabi/lib/thumb/v7m\libc.a(lib_a-strncasecmp.o)
                0x0000f2d8                strncasecmp
 .text          0x0000f32c       0xa8 c:/users/trent smith/desktop/sjsu_dev/yagarto/bin/../lib/gcc/arm-none-eabi/4.6.2/../../../../arm-none-eabi/lib/thumb/v7m\libc.a(lib_a-strncmp.o)
                0x0000f32c                strncmp
 .text          0x0000f3d4       0x70 c:/users/trent smith/desktop/sjsu_dev/yagarto/bin/../lib/gcc/arm-none-eabi/4.6.2/../../../../arm-none-eabi/lib/thumb/v7m\libc.a(lib_a-strncpy.o)
                0x0000f3d4                strncpy
 .text          0x0000f444       0x54 c:/users/trent smith/desktop/sjsu_dev/yagarto/bin/../lib/gcc/arm-none-eabi/4.6.2/../../../../arm-none-eabi/lib/thumb/v7m\libc.a(lib_a-strpbrk.o)
                0x0000f444                strpbrk
 .text          0x0000f498       0x28 c:/users/trent smith/desktop/sjsu_dev/yagarto/bin/../lib/gcc/arm-none-eabi/4.6.2/../../../../arm-none-eabi/lib/thumb/v7m\libc.a(lib_a-strrchr.o)
                0x0000f498                strrchr
 .text          0x0000f4c0      0x4cc c:/users/trent smith/desktop/sjsu_dev/yagarto/bin/../lib/gcc/arm-none-eabi/4.6.2/../../../../arm-none-eabi/lib/thumb/v7m\libc.a(lib_a-strstr.o)
                0x0000f774                strstr
 .text          0x0000f98c      0x178 c:/users/trent smith/desktop/sjsu_dev/yagarto/bin/../lib/gcc/arm-none-eabi/4.6.2/../../../../arm-none-eabi/lib/thumb/v7m\libc.a(lib_a-strtol.o)
                0x0000f98c                _strtol_r
                0x0000faec                strtol