Archive member included because of file (symbol)

c:/users/preet/desktop/sjsu_dev/yagarto/bin/../lib/gcc/arm-none-eabi/4.6.2/../../../../arm-none-eabi/lib/thumb/v7m\libstdc++.a(guard.o)
                              ./L5_Application/source/highLevelInitialize.o (__cxa_guard_acquire)
c:/users/preet/desktop/sjsu_dev/yagarto/bin/../lib/gcc/arm-none-eabi/4.6.2/../../../../arm-none-eabi/lib/thumb/v7m\libstdc++.a(guard_error.o)
                              c:/users/preet/desktop/sjsu_dev/yagarto/bin/../lib/gcc/arm-none-eabi/4.6.2/../../../../arm-none-eabi/lib/thumb/v7m\libstdc++.a(guard.o) (typeinfo for __gnu_cxx::recursive_init_error)
c:/users/preet/desktop/sjsu_dev/yagarto/bin/../lib/gcc/arm-none-eabi/4.6.2/../../../../arm-none-eabi/lib/thumb/v7m\libstdc++.a(pure.o)
                              ./L5_Application/source/handlers.o (__cxa_pure_virtual)
c:/users/preet/desktop/sjsu_dev/yagarto/bin/../lib/gcc/arm-none-eabi/4.6.2/../../../../arm-none-eabi/lib/thumb/v7m\libstdc++.a(si_class_type_info.o)
                              c:/users/preet/desktop/sjsu_dev/yagarto/bin/../lib/gcc/arm-none-eabi/4.6.2/../../../../arm-none-eabi/lib/thumb/v7m\libstdc++.a(guard_error.o) (vtable for __cxxabiv1::__si_class_type_info)
c:/users/preet/desktop/sjsu_dev/yagarto/bin/../lib/gcc/arm-none-eabi/4.6.2/../../../../arm-none-eabi/lib/thumb/v7m\libstdc++.a(tinfo.o)
                              c:/users/preet/desktop/sjsu_dev/yagarto/bin/../lib/gcc/arm-none-eabi/4.6.2/../../../../arm-none-eabi/lib/thumb/v7m\libstdc++.a(si_class_type_info.o) (std::type_info::__is_pointer_p() const)
c:/users/preet/desktop/sjsu_dev/yagarto/bin/../lib/gcc/arm-none-eabi/4.6.2/../../../../arm-none-eabi/lib/thumb/v7m\libstdc++.a(class_type_info.o)
                              c:/users/preet/desktop/sjsu_dev/yagarto/bin/../lib/gcc/arm-none-eabi/4.6.2/../../../../arm-none-eabi/lib/thumb/v7m\libstdc++.a(si_class_type_info.o) (__cxxabiv1::__class_type_info::__do_upcast(__cxxabiv1::__class_type_info const*, void**) const)
c:/users/preet/desktop/sjsu_dev/yagarto/bin/../lib/gcc/arm-none-eabi/4.6.2/../../../../arm-none-eabi/lib/thumb/v7m\libstdc++.a(eh_alloc.o)
                              c:/users/preet/desktop/sjsu_dev/yagarto/bin/../lib/gcc/arm-none-eabi/4.6.2/../../../../arm-none-eabi/lib/thumb/v7m\libstdc++.a(guard.o) (__cxa_allocate_exception)
c:/users/preet/desktop/sjsu_dev/yagarto/bin/../lib/gcc/arm-none-eabi/4.6.2/../../../../arm-none-eabi/lib/thumb/v7m\libstdc++.a(eh_exception.o)
                              c:/users/preet/desktop/sjsu_dev/yagarto/bin/../lib/gcc/arm-none-eabi/4.6.2/../../../../arm-none-eabi/lib/thumb/v7m\libstdc++.a(guard_error.o) (std::exception::~exception())
c:/users/preet/desktop/sjsu_dev/yagarto/bin/../lib/gcc/arm-none-eabi/4.6.2/../../../../arm-none-eabi/lib/thumb/v7m\libstdc++.a(eh_globals.o)
                              c:/users/preet/desktop/sjsu_dev/yagarto/bin/../lib/gcc/arm-none-eabi/4.6.2/../../../../arm-none-eabi/lib/thumb/v7m\libstdc++.a(eh_alloc.o) (__cxa_get_globals)
c:/users/preet/desktop/sjsu_dev/yagarto/bin/../lib/gcc/arm-none-eabi/4.6.2/../../../../arm-none-eabi/lib/thumb/v7m\libstdc++.a(eh_terminate.o)
                              c:/users/preet/desktop/sjsu_dev/yagarto/bin/../lib/gcc/arm-none-eabi/4.6.2/../../../../arm-none-eabi/lib/thumb/v7m\libstdc++.a(pure.o) (std::terminate())
c:/users/preet/desktop/sjsu_dev/yagarto/bin/../lib/gcc/arm-none-eabi/4.6.2/../../../../arm-none-eabi/lib/thumb/v7m\libstdc++.a(eh_term_handler.o)
                              c:/users/preet/desktop/sjsu_dev/yagarto/bin/../lib/gcc/arm-none-eabi/4.6.2/../../../../arm-none-eabi/lib/thumb/v7m\libstdc++.a(eh_terminate.o) (__cxxabiv1::__terminate_handler)
c:/users/preet/desktop/sjsu_dev/yagarto/bin/../lib/gcc/arm-none-eabi/4.6.2/../../../../arm-none-eabi/lib/thumb/v7m\libstdc++.a(eh_throw.o)
                              c:/users/preet/desktop/sjsu_dev/yagarto/bin/../lib/gcc/arm-none-eabi/4.6.2/../../../../arm-none-eabi/lib/thumb/v7m\libstdc++.a(guard.o) (__cxa_throw)
c:/users/preet/desktop/sjsu_dev/yagarto/bin/../lib/gcc/arm-none-eabi/4.6.2/../../../../arm-none-eabi/lib/thumb/v7m\libstdc++.a(eh_unex_handler.o)
                              c:/users/preet/desktop/sjsu_dev/yagarto/bin/../lib/gcc/arm-none-eabi/4.6.2/../../../../arm-none-eabi/lib/thumb/v7m\libstdc++.a(eh_terminate.o) (__cxxabiv1::__unexpected_handler)
c:/users/preet/desktop/sjsu_dev/yagarto/bin/../lib/gcc/arm-none-eabi/4.6.2/../../../../arm-none-eabi/lib/thumb/v7m\libstdc++.a(eh_arm.o)
                              c:/users/preet/desktop/sjsu_dev/yagarto/bin/../lib/gcc/arm-none-eabi/4.6.2/../../../../arm-none-eabi/lib/thumb/v7m\libstdc++.a(eh_terminate.o) (__cxa_end_cleanup)
c:/users/preet/desktop/sjsu_dev/yagarto/bin/../lib/gcc/arm-none-eabi/4.6.2/../../../../arm-none-eabi/lib/thumb/v7m\libstdc++.a(eh_aux_runtime.o)
[...]
Memory Configuration

Name             Origin             Length             Attributes
MFlash512        0x00001000         0x00080000         xr
RamLoc32         0x10000000         0x00008000         xrw
RamAHB32         0x2007c000         0x00008000         xrw
*default*        0x00000000         0xffffffff

Linker script and memory map

LOAD ./L5_Application/source/handlers.o
LOAD ./L5_Application/source/highLevelInitialize.o
LOAD ./L5_Application/source/tasks.o
LOAD ./L5_Application/source/utilities.o
LOAD ./L5_Application/main.o
LOAD ./L4_IO/src/io_source.o
LOAD ./L4_IO/fat/option/ccsbcs.o
LOAD ./L4_IO/fat/option/reentrant.o
LOAD ./L4_IO/fat/disk/diskio.o
LOAD ./L4_IO/fat/disk/sd.o
LOAD ./L4_IO/fat/disk/spi_flash.o
LOAD ./L4_IO/fat/fatfs_time.o
LOAD ./L4_IO/fat/ff.o
LOAD ./L3_Utils/src/CommandHandler.o
LOAD ./L3_Utils/src/logger.o
LOAD ./L3_Utils/src/str.o
LOAD ./L3_Utils/src/timer.o
LOAD ./L2_Drivers/src/I2C2.o
LOAD ./L2_Drivers/src/i2c_base.o
LOAD ./L2_Drivers/src/rtc.o
LOAD ./L2_Drivers/src/spi1.o
LOAD ./L2_Drivers/src/uart0.o
LOAD ./L2_Drivers/src/uart_base.o
LOAD ./L1_FreeRTOS/src/croutine.o
LOAD ./L1_FreeRTOS/src/list.o
LOAD ./L1_FreeRTOS/src/queue.o
LOAD ./L1_FreeRTOS/src/tasks.o
LOAD ./L1_FreeRTOS/src/timers.o
LOAD ./L1_FreeRTOS/portable/port.o
LOAD ./L1_FreeRTOS/hooks/hooks.o
LOAD ./L1_FreeRTOS/MemMang/heap_3.o
LOAD ./L0_LowLevel/source/core_cm3.o
LOAD ./L0_LowLevel/source/cr_startup_lpc175x.o
LOAD ./L0_LowLevel/source/io_functions.o
LOAD ./L0_LowLevel/source/memory.o
LOAD ./L0_LowLevel/source/sys_clock.o
LOAD ./L0_LowLevel/source/sys_hooks.o
LOAD ./L0_LowLevel/source/system_initialization.o
LOAD ./L0_LowLevel/source/uart0_min.o
LOAD c:/users/preet/desktop/sjsu_dev/yagarto/bin/../lib/gcc/arm-none-eabi/4.6.2/../../../../arm-none-eabi/lib/thumb/v7m\libstdc++.a
LOAD c:/users/preet/desktop/sjsu_dev/yagarto/bin/../lib/gcc/arm-none-eabi/4.6.2/../../../../arm-none-eabi/lib/thumb/v7m\libm.a
START GROUP
LOAD c:/users/preet/desktop/sjsu_dev/yagarto/bin/../lib/gcc/arm-none-eabi/4.6.2/thumb/v7m\libgcc.a
LOAD c:/users/preet/desktop/sjsu_dev/yagarto/bin/../lib/gcc/arm-none-eabi/4.6.2/../../../../arm-none-eabi/lib/thumb/v7m\libc.a
END GROUP
                0x00080000                __top_MFlash512 = 0x80000
                0x10008000                __top_RamLoc32 = 0x10008000
                0x20084000                __top_RamAHB32 = 0x20084000

.text           0x00001000    0x12cac
 FILL mask 0xff
 *(.isr_vector)
 .isr_vector    0x00001000       0xcc ./L0_LowLevel/source/cr_startup_lpc175x.o
                0x00001000                g_pfnVectors
                0x000010cc                . = ALIGN (0x4)
                0x000010cc                __section_table_start = .
                0x000010cc                __data_section_table = .
                0x000010cc        0x4 LONG 0x13fe0 LOADADDR (.data)
                0x000010d0        0x4 LONG 0x10000000 ADDR (.data)
                0x000010d4        0x4 LONG 0x8e4 SIZEOF (.data)
                0x000010d8                __data_section_table_end = .
                0x000010d8                __bss_section_table = .
                0x000010d8        0x4 LONG 0x100008e8 ADDR (.bss)
                0x000010dc        0x4 LONG 0xcd4 SIZEOF (.bss)
                0x000010e0                __bss_section_table_end = .
                0x000010e0                __section_table_end = .
 *(.after_vectors*)
 .after_vectors
                0x000010e0      0x12c ./L0_LowLevel/source/cr_startup_lpc175x.o
                0x000010e0                HardFault_Handler
                0x000010fa                DebugMon_Handler
                0x00001108                UsageFault_Handler
                0x00001118                BusFault_Handler
                0x00001128                MemManage_Handler
                0x00001138                NMI_Handler
                0x00001148                data_init(unsigned int, unsigned int, unsigned int)
                0x0000115a                bss_init(unsigned int, unsigned int)
                0x0000116a                ResetISR
                0x000011cc                SVC_Handler
                0x000011dc                PendSV_Handler
                0x000011ec                SysTick_Handler
                0x000011fc                EINT3_IRQHandler
                0x000011fc                CANActivity_IRQHandler
                0x000011fc                TIMER3_IRQHandler
                0x000011fc                UART1_IRQHandler
                0x000011fc                IntDefaultHandler
                0x000011fc                PLL0_IRQHandler
                0x000011fc                CAN_IRQHandler
                0x000011fc                PWM1_IRQHandler
                0x000011fc                SSP0_IRQHandler
                0x000011fc                EINT2_IRQHandler
                0x000011fc                RTC_IRQHandler
                0x000011fc                TIMER0_IRQHandler
                0x000011fc                SPI_IRQHandler
                0x000011fc                EINT1_IRQHandler
                0x000011fc                UART2_IRQHandler
                0x000011fc                ADC_IRQHandler
                0x000011fc                SSP1_IRQHandler
                0x000011fc                USBActivity_IRQHandler
                0x000011fc                USB_IRQHandler
                0x000011fc                BOD_IRQHandler
                0x000011fc                I2S_IRQHandler
                0x000011fc                I2C0_IRQHandler
                0x000011fc                WDT_IRQHandler
                0x000011fc                I2C1_IRQHandler
                0x000011fc                QEI_IRQHandler
                0x000011fc                EINT0_IRQHandler
                0x000011fc                PLL1_IRQHandler
                0x000011fc                DMA_IRQHandler
                0x000011fc                TIMER2_IRQHandler
                0x000011fc                UART3_IRQHandler
                0x000011fc                MCPWM_IRQHandler
                0x000011fc                ENET_IRQHandler
 *(.text*)
 .text          0x0000120c      0x5b8 ./L5_Application/source/handlers.o
                0x0000120c                taskListHandler(str&, str&, void*, int)
                0x0000125c                memInfoHandler(str&, str&, void*, int)
                0x00001260                timeHandler(str&, str&, void*, int)
                0x000013a0                copyHandler(str&, str&, void*, int)
                0x00001458                readHandler(str&, str&, void*, int)
                0x00001578                lsHandler(str&, str&, void*, int)
                0x000016b8                rmHandler(str&, str&, void*, int)
                0x000016f0                loggerTest(str&, str&, void*, int)
 .text._ZN10LoggerBaseD2Ev
                0x000017c4        0xc ./L5_Application/source/handlers.o
                0x000017c4                LoggerBase::~LoggerBase()
                0x000017c4                LoggerBase::~LoggerBase()
 .text._ZN9CSVLoggerD2Ev
                0x000017d0        0xc ./L5_Application/source/handlers.o
                0x000017d0                CSVLogger::~CSVLogger()
                0x000017d0                CSVLogger::~CSVLogger()
 .text._ZN9CSVLogger7semTakeEv
                0x000017dc        0x2 ./L5_Application/source/handlers.o
                0x000017dc                CSVLogger::semTake()
 .text._ZN9CSVLogger7semGiveEv
                0x000017de        0x2 ./L5_Application/source/handlers.o
                0x000017de                CSVLogger::semGive()
 .text._ZN9CSVLogger12getTimestampEv
                0x000017e0        0x4 ./L5_Application/source/handlers.o
                0x000017e0                CSVLogger::getTimestamp()
 .text._ZN10FileLoggerD2Ev
                0x000017e4        0xc ./L5_Application/source/handlers.o
                0x000017e4                FileLogger::~FileLogger()
                0x000017e4                FileLogger::~FileLogger()
 .text._ZN10FileLoggerD0Ev
                0x000017f0       0x14 ./L5_Application/source/handlers.o
                0x000017f0                FileLogger::~FileLogger()
 .text._ZN9CSVLoggerD0Ev
                0x00001804       0x14 ./L5_Application/source/handlers.o
                0x00001804                CSVLogger::~CSVLogger()
 .text._ZN10LoggerBaseD0Ev
                0x00001818       0x14 ./L5_Application/source/handlers.o
                0x00001818                LoggerBase::~LoggerBase()
 .text._ZN10FileLogger12getTimestampEv
                0x0000182c        0x4 ./L5_Application/source/handlers.o
                0x0000182c                FileLogger::getTimestamp()
 .text._ZN10FileLogger7semGiveEv
                0x00001830        0xc ./L5_Application/source/handlers.o
                0x00001830                FileLogger::semGive()
 .text._ZN10FileLogger7semTakeEv
                0x0000183c        0xe ./L5_Application/source/handlers.o
                0x0000183c                FileLogger::semTake()
 *fill*         0x0000184a        0x2 00
 .text._ZN10FileLogger21handleCompletedBufferEPcj
                0x0000184c       0x90 ./L5_Application/source/handlers.o
                0x0000184c                FileLogger::handleCompletedBuffer(char*, unsigned int)
 .text._ZN7Storage4copyEPKcS1_PjS2_S2_
                0x000018dc       0xea ./L5_Application/source/handlers.o
                0x000018dc                Storage::copy(char const*, char const*, unsigned int*, unsigned int*, unsigned int*)
 *fill*         0x000019c6        0x2 00
 .text._ZN17SingletonTemplateI10FileLoggerE11getInstanceEv
                0x000019c8       0x60 ./L5_Application/source/handlers.o
                0x000019c8                SingletonTemplate<FileLogger>::getInstance()
 .text          0x00001a28      0x458 ./L5_Application/source/highLevelInitialize.o
                0x00001a28                printLine()
                0x00001a34                mountStorage(FileSystemObject&, char const*)
                0x00001aac                copyLogFileToSDCard()
                0x00001b0c                RIT_IRQHandler
                0x00001b2c                setupPeriodicCallBack(void (*)(), unsigned int)
                0x00001b9c                discoverExternalDevsOnI2C()
                0x00001be0                initializeBoardIO()
                0x00001d28                highLevelInitialize()
 .text._ZN9IO_DeviceD2Ev
                0x00001e80       0x18 ./L5_Application/source/highLevelInitialize.o
                0x00001e80                IO_Device::~IO_Device()
                0x00001e80                IO_Device::~IO_Device()
 .text._ZN9IO_DeviceD0Ev
                0x00001e98       0x12 ./L5_Application/source/highLevelInitialize.o
                0x00001e98                IO_Device::~IO_Device()
 *fill*         0x00001eaa        0x2 00
 .text._ZN9IO_Device16getValueAsStringEv
                0x00001eac       0x1c ./L5_Application/source/highLevelInitialize.o
                0x00001eac                IO_Device::getValueAsString()
 .text.adc0_initialize
                0x00001ec8       0x58 ./L5_Application/source/highLevelInitialize.o
                0x00001ec8                adc0_initialize
 .text._ZN7Storage13getFlashDriveEv
                0x00001f20       0x48 ./L5_Application/source/highLevelInitialize.o
                0x00001f20                Storage::getFlashDrive()
 .text._ZN9IO_DeviceC2Ev
                0x00001f68       0x18 ./L5_Application/source/highLevelInitialize.o
                0x00001f68                IO_Device::IO_Device()
                0x00001f68                IO_Device::IO_Device()
 .text._ZN17SingletonTemplateI4I2C2E11getInstanceEv
                0x00001f80       0x20 ./L5_Application/source/highLevelInitialize.o
                0x00001f80                SingletonTemplate<I2C2>::getInstance()
 .text._ZN17SingletonTemplateI11LED_DisplayE11getInstanceEv
                0x00001fa0       0x34 ./L5_Application/source/highLevelInitialize.o
                0x00001fa0                SingletonTemplate<LED_Display>::getInstance()
 .text          0x00001fd4      0x480 ./L5_Application/source/tasks.o
                0x00001fd4                getLine(str&, int)
                0x000020d0                terminalTask(void*)
                0x000022d0                switchled(void*)
 .text._ZN15I2C_Device_BaseC2Eh
                0x00002454       0x28 ./L5_Application/source/tasks.o
                0x00002454                I2C_Device_Base::I2C_Device_Base(unsigned char)
                0x00002454                I2C_Device_Base::I2C_Device_Base(unsigned char)
 .text._ZN17SingletonTemplateI3LEDE11getInstanceEv
                0x0000247c       0x28 ./L5_Application/source/tasks.o
                0x0000247c                SingletonTemplate<LED>::getInstance()
 .text._ZN17SingletonTemplateI8SwitchesE11getInstanceEv
                0x000024a4       0x28 ./L5_Application/source/tasks.o
                0x000024a4                SingletonTemplate<Switches>::getInstance()
 .text._ZN17SingletonTemplateI19Acceleration_SensorE11getInstanceEv
                0x000024cc       0x34 ./L5_Application/source/tasks.o
                0x000024cc                SingletonTemplate<Acceleration_Sensor>::getInstance()
 .text._ZN17SingletonTemplateI17TemperatureSensorE11getInstanceEv
                0x00002500       0x34 ./L5_Application/source/tasks.o
                0x00002500                SingletonTemplate<TemperatureSensor>::getInstance()
 .text._ZN17SingletonTemplateI9IR_SensorE11getInstanceEv
                0x00002534       0x28 ./L5_Application/source/tasks.o
                0x00002534                SingletonTemplate<IR_Sensor>::getInstance()
 .text          0x0000255c       0x60 ./L5_Application/source/utilities.o
                0x0000255c                delay_ms
                0x0000259e                printMemoryInfo
 .text          0x000025bc        0x0 ./L5_Application/main.o
 .text.startup  0x000025bc       0xfc ./L5_Application/main.o
                0x000025bc                main
 .text          0x000026b8      0x58c ./L4_IO/src/io_source.o
                0x000026b8                LED::init()
                0x000026cc                Switches::init()
                0x000026dc                LED_Display::getValueAsString()
                0x000026fc                IR_Sensor::getValueAsString()
                0x00002724                TemperatureSensor::init()
                0x0000273c                LED::getValueAsString()
                0x00002798                Switches::getValueAsString()
                0x000027f8                IR_Sensor::init()
                0x00002874                Acceleration_Sensor::init()
                0x0000289a                Light_Sensor::init()
                0x000028bc                Acceleration_Sensor::getX()
                0x000028d0                Acceleration_Sensor::getY()
                0x000028e4                Acceleration_Sensor::getZ()
                0x000028f8                Acceleration_Sensor::getValueAsString()
                0x00002930                TIMER1_IRQHandler
                0x000029cc                IR_Sensor::isIRCodeReceived()
                0x000029dc                IR_Sensor::getLastIRCode()
                0x000029ec                LED_Display::setLeftDigit(char)
                0x00002a04                LED_Display::setRightDigit(char)
                0x00002a1c                LED_Display::setNumber(char)
                0x00002a52                LED_Display::init()
                0x00002a92                LED::setAll(char)
                0x00002af8                LED::off(int)
                0x00002b0a                LED::on(int)
                0x00002b1c                Light_Sensor::getLightReading()
                0x00002b50                Light_Sensor::getValueAsString()
                0x00002b74                Switches::getSwitchValues()
                0x00002b80                Switches::getSwitch(int)
                0x00002b94                TemperatureSensor::getCelcius()
                0x00002bb4                TemperatureSensor::getFarenheit()
                0x00002bd8                TemperatureSensor::getValueAsString()
 .text._ZN19Acceleration_SensorD2Ev
                0x00002c44       0x14 ./L4_IO/src/io_source.o
                0x00002c44                Acceleration_Sensor::~Acceleration_Sensor()
                0x00002c44                Acceleration_Sensor::~Acceleration_Sensor()
 .text._ZN19Acceleration_SensorD0Ev
                0x00002c58       0x1c ./L4_IO/src/io_source.o
                0x00002c58                Acceleration_Sensor::~Acceleration_Sensor()
 .text._ZN9IR_SensorD2Ev
                0x00002c74       0x14 ./L4_IO/src/io_source.o
                0x00002c74                IR_Sensor::~IR_Sensor()
                0x00002c74                IR_Sensor::~IR_Sensor()
 .text._ZN9IR_SensorD0Ev
                0x00002c88       0x1c ./L4_IO/src/io_source.o
                0x00002c88                IR_Sensor::~IR_Sensor()
 .text._ZN11LED_DisplayD2Ev
                0x00002ca4       0x14 ./L4_IO/src/io_source.o
                0x00002ca4                LED_Display::~LED_Display()
                0x00002ca4                LED_Display::~LED_Display()
 .text._ZN11LED_DisplayD0Ev
                0x00002cb8       0x1c ./L4_IO/src/io_source.o
                0x00002cb8                LED_Display::~LED_Display()
 .text._ZN3LEDD2Ev
                0x00002cd4       0x14 ./L4_IO/src/io_source.o
                0x00002cd4                LED::~LED()
                0x00002cd4                LED::~LED()
 .text._ZN3LEDD0Ev
                0x00002ce8       0x1c ./L4_IO/src/io_source.o
                0x00002ce8                LED::~LED()
 .text._ZN12Light_SensorD2Ev
                0x00002d04       0x14 ./L4_IO/src/io_source.o
                0x00002d04                Light_Sensor::~Light_Sensor()
                0x00002d04                Light_Sensor::~Light_Sensor()
 .text._ZN12Light_SensorD0Ev
                0x00002d18       0x1c ./L4_IO/src/io_source.o
                0x00002d18                Light_Sensor::~Light_Sensor()
 .text._ZN8SwitchesD2Ev
                0x00002d34       0x14 ./L4_IO/src/io_source.o
                0x00002d34                Switches::~Switches()
                0x00002d34                Switches::~Switches()
 .text._ZN8SwitchesD0Ev
                0x00002d48       0x1c ./L4_IO/src/io_source.o
                0x00002d48                Switches::~Switches()
 .text._ZN17TemperatureSensorD2Ev
                0x00002d64       0x14 ./L4_IO/src/io_source.o
                0x00002d64                TemperatureSensor::~TemperatureSensor()
                0x00002d64                TemperatureSensor::~TemperatureSensor()
 .text._ZN17TemperatureSensorD0Ev
                0x00002d78       0x1c ./L4_IO/src/io_source.o
                0x00002d78                TemperatureSensor::~TemperatureSensor()
 .text._ZN15I2C_Device_Base8writeRegEhh
                0x00002d94       0x14 ./L4_IO/src/io_source.o
                0x00002d94                I2C_Device_Base::writeReg(unsigned char, unsigned char)
 .text._ZN15I2C_Device_Base16get16BitRegisterEh
                0x00002da8       0x28 ./L4_IO/src/io_source.o
                0x00002da8                I2C_Device_Base::get16BitRegister(unsigned char)
 .text          0x00002dd0       0x64 ./L4_IO/fat/option/ccsbcs.o
                0x00002dd0                ff_convert
                0x00002e0c                ff_wtoupper
 .text          0x00002e34       0x5e ./L4_IO/fat/option/reentrant.o
                0x00002e34                ff_cre_syncobj
                0x00002e46                ff_del_syncobj
                0x00002e4a                ff_req_grant
                0x00002e74                ff_rel_grant
 *fill*         0x00002e92        0x2 00
 .text          0x00002e94      0x28c ./L4_IO/fat/disk/diskio.o
                0x00002e94                diskio_initializeSPIMutex
                0x00002ea0                disk_initialize
                0x00002f10                disk_status
                0x00002f78                disk_read
                0x00003008                disk_write
                0x00003098                disk_ioctl
 .text          0x00003120      0x834 ./L4_IO/fat/disk/sd.o
                0x00003120                get_spi
                0x00003130                release_spi
                0x00003154                wait_ready
                0x00003194                sd_initializeCardSignals
                0x000031d8                power_on
                0x000031da                power_off
                0x00003200                chk_power
                0x00003214                rcvr_datablock
                0x000032c4                xmit_datablock
                0x0000333c                send_cmd
                0x0000341c                sd_initialize
                0x00003564                sd_status
                0x00003570                sd_read
                0x000035fc                sd_write
                0x000036a8                sd_ioctl
                0x000038f4                sd_timerproc
 .text          0x00003954      0x27c ./L4_IO/fat/disk/spi_flash.o
                0x00003954                flash_InitializeSignals
                0x000039fc                flash_Initialize
                0x00003aac                flash_ReadSector
                0x00003b54                flash_WriteSector
                0x00003b9e                flash_ioctl
 .text._Z11flashSelectv
                0x00003bd0       0x14 ./L4_IO/fat/disk/spi_flash.o
                0x00003bd0                flashSelect()
 .text._Z15spiExchangeBytec
                0x00003be4       0x18 ./L4_IO/fat/disk/spi_flash.o
                0x00003be4                spiExchangeByte(char)
 .text          0x00003bfc       0x52 ./L4_IO/fat/fatfs_time.o
                0x00003bfc                get_fattime
 *fill*         0x00003c4e        0x2 00
 .text          0x00003c50     0x2334 ./L4_IO/fat/ff.o
                0x000041ca                clust2sect
                0x000041e0                get_fat
                0x0000430e                put_fat
                0x00004b24                gen_numname
                0x00004d74                f_mount
                0x00004dd8                f_open
                0x00004fb0                f_read
                0x0000511c                f_write
                0x000052d2                f_sync
                0x00005334                f_close
                0x00005394                f_lseek
                0x000054c6                f_opendir
                0x0000552a                f_readdir
                0x0000558c                f_stat
                0x000055d4                f_getfree
                0x000056aa                f_truncate
                0x00005742                f_unlink
                0x00005802                f_mkdir
                0x0000595e                f_chmod
                0x000059ba                f_utime
                0x00005a0c                f_rename
                0x00005b24                f_mkfs
 .text          0x00005f84      0x1cc ./L3_Utils/src/CommandHandler.o
                0x00005f84                CommandProcessor::getRegisteredCommandList(str&)
                0x00005fc8                CommandProcessor::getHelpText(str&, str&)
                0x00006038                CommandProcessor::pointToParameters(str&, char const*)
                0x0000605c                CommandProcessor::handleCmd(str&, str&)
                0x000060f0                CommandProcessor::handleCommand(char const*)
                0x00006134                CommandProcessor::addHandler(void (*)(str&, str&, void*, int), char const*, char const*, void*, int)
 .text._ZN6VECTORIN16CommandProcessor16CmdProcessorTypeEE9push_backERKS1_
                0x00006150       0x62 ./L3_Utils/src/CommandHandler.o
                0x00006150                VECTOR<CommandProcessor::CmdProcessorType>::push_back(CommandProcessor::CmdProcessorType const&)
 *fill*         0x000061b2        0x2 00
 .text          0x000061b4      0x1a8 ./L3_Utils/src/logger.o
                0x000061b4                LoggerBase::flush()
                0x000061ca                LoggerBase::log(char const*)
                0x00006218                CSVLogger::logCsvMessage(char const*, char const*, char const*, char const*, int)
                0x00006308                CSVLogger::logInfo(char const*, char const*, char const*, int)
                0x00006324                CSVLogger::logWarning(char const*, char const*, char const*, int)
                0x00006340                CSVLogger::logError(char const*, char const*, char const*, int)
 .text          0x0000635c      0xb7c ./L3_Utils/src/str.o
                0x0000635c                str::toInt(char const*)
                0x00006360                str::~str()
                0x00006360                str::~str()
                0x00006370                str::getLen() const
                0x00006376                str::getCapacity() const
                0x0000637a                str::clear()
                0x00006382                str::toLower()
                0x0000639a                str::toUpper()
                0x000063b2                str::compareTo(char const*) const
                0x000063c8                str::compareToIgnoreCase(char const*) const
                0x000063da                str::getWordIndexIgnoreCase(char const*) const
                0x00006458                str::containsIgnoreCase(char const*) const
                0x00006466                str::firstIndexOf(char const*) const
                0x0000647c                str::contains(char const*) const
                0x0000648a                str::lastIndexOf(char const*) const
                0x000064c4                str::countOf(char const*) const
                0x000064f0                str::beginsWith(char const*) const
                0x00006522                str::beginsWithIgnoreCase(char const*) const
                0x00006554                str::beginsWithWholeWord(char const*, char) const
                0x00006584                str::beginsWithWholeWordIgnoreCase(char const*, char) const
                0x000065b4                str::endsWith(char const*) const
                0x000065e6                str::endsWithIgnoreCase(char const*) const
                0x00006618                str::eraseFirst(int)
                0x0000664a                str::eraseLast(int)
                0x00006662                str::eraseAllAfter(int)
                0x0000667c                str::eraseAfter(int, int)
                0x000066ba                str::eraseCharAt(int)
                0x000066be                str::erase(char const*)
                0x000066e6                str::eraseAllSpecialChars()
                0x0000670e                str::trimStart(char const*)
                0x00006756                str::trimEnd(char const*)
                0x00006796                str::isAllAlpha() const
                0x000067b8                str::isAlphaNumeric() const
                0x000067da                str::isUint() const
                0x000067fe                str::isInt() const
                0x0000682e                str::getEncryptedStringLength() const
                0x00006832                str::checksum_Get()
                0x00006850                str::checksum_Remove()
                0x00006868                str::operator-=(char const*)
                0x0000686a                str::operator==(char const*) const
                0x0000686c                str::operator==(str const&) const
                0x00006870                str::operator==(int) const
                0x00006888                str::operator!=(char const*) const
                0x00006896                str::operator!=(int) const
                0x000068a8                str::operator<(char const*) const
                0x000068b4                str::operator<(int) const
                0x000068c8                str::operator>(char const*) const
                0x000068da                str::operator>(int) const
                0x000068ee                str::operator<=(char const*) const
                0x00006900                str::operator<=(int) const
                0x00006914                str::operator>=(char const*) const
                0x00006922                str::operator>=(int) const
                0x00006936                str::operator()() const
                0x0000693a                str::operator int() const
                0x00006940                str::operator[](int)
                0x00006956                str::reAllocateMem(int)
                0x00006982                str::ensureMemoryToInsertNChars(int)
                0x000069a2                str::insertAt(int, char const*)
                0x000069f8                str::replaceAll(char const*, char const*)
                0x00006a36                str::replaceLast(char const*, char const*)
                0x00006a6a                str::replaceFirst(char const*, char const*)
                0x00006a9e                str::insertAtBeg(char const*)
                0x00006aa4                str::insertAtEnd(char const*)
                0x00006ac4                str::append(char const*)
                0x00006ac6                str::operator+=(char)
                0x00006adc                str::operator+=(char const*)
                0x00006ade                str::appendAsHex(unsigned int)
                0x00006b00                str::checksum_Append()
                0x00006b20                str::append(int)
                0x00006b40                str::str(int)
                0x00006b40                str::str(int)
                0x00006b58                str::str()
                0x00006b58                str::str()
                0x00006b72                str::reserve(int)
                0x00006b7c                str::subString(int, int)
                0x00006be2                str::getToken(char const*, bool)
                0x00006c2a                str::subString(char, char)
                0x00006c5e                str::subString(char const*, int)
                0x00006c74                str::subString(char, int)
                0x00006c8a                str::subString(int)
                0x00006ca2                str::subString(char const*)
                0x00006cb4                str::subString(char)
                0x00006cca                str::printf(char const*, ...)
                0x00006d08                str::copyFrom(char const*)
                0x00006d2e                str::operator=(int)
                0x00006d50                str::operator-=(int)
                0x00006d6e                str::operator--(int)
                0x00006d72                str::operator--()
                0x00006d76                str::operator+=(int)
                0x00006d94                str::operator++(int)
                0x00006d98                str::operator++()
                0x00006d9c                str::operator=(char const*)
                0x00006d9e                str::operator=(str const&)
                0x00006db0                str::str(str const&)
                0x00006db0                str::str(str const&)
                0x00006ddc                str::str(char const*)
                0x00006ddc                str::str(char const*)
                0x00006e08                str::singleHexCharToInt(unsigned char)
                0x00006e28                str::hexStrDigitsToInt(char*)
                0x00006e44                str::checksum_Verify()
                0x00006e88                str::encrypt(char const*, int)
                0x00006eba                str::decrypt(char const*)
                0x00006ebe                str::encrypt(char const*)
 .text          0x00006ed8      0x130 ./L3_Utils/src/timer.o
                0x00006ed8                FreeRTOSTimer::FreeRTOSTimer(void (*)(void*), unsigned long, TimerType)
                0x00006ed8                FreeRTOSTimer::FreeRTOSTimer(void (*)(void*), unsigned long, TimerType)
                0x00006efc                FreeRTOSTimer::~FreeRTOSTimer()
                0x00006efc                FreeRTOSTimer::~FreeRTOSTimer()
                0x00006f12                FreeRTOSTimer::start()
                0x00006f2a                FreeRTOSTimer::stop()
                0x00006f3c                FreeRTOSTimer::reset()
                0x00006f54                FreeRTOSTimer::changePeriod(unsigned long)
                0x00006f66                FreeRTOSTimer::isRunning()
                0x00006f76                FreeRTOSTimer::startFromISR()
                0x00006f9e                FreeRTOSTimer::stopFromISR()
                0x00006fbe                FreeRTOSTimer::resetFromISR()
                0x00006fe6                FreeRTOSTimer::changePeriodFromISR(unsigned long)
 .text          0x00007008       0x78 ./L2_Drivers/src/I2C2.o
                0x00007008                I2C2::init(unsigned int)
                0x00007048                I2C2::I2C2()
                0x00007048                I2C2::I2C2()
                0x0000705c                I2C2_IRQHandler
 .text          0x00007080      0x4bc ./L2_Drivers/src/i2c_base.o
                0x00007080                I2C_Base::I2C_Base(LPC_I2C_TypeDef*)
                0x00007080                I2C_Base::I2C_Base(LPC_I2C_TypeDef*)
                0x000070e4                I2C_Base::init(unsigned int, unsigned int)
                0x0000717c                I2C_Base::i2cKickOffTransfer(I2C_Base::mI2cModeType, char, char, char*, int)
                0x000071aa                I2C_Base::i2cStateMachine()
                0x0000735e                I2C_Base::writeReg(char, char, char)
                0x000073f8                I2C_Base::readRegisters(char, char, char*, unsigned int)
                0x000074e0                I2C_Base::isDevicePresent(char)
                0x000074f4                I2C_Base::readReg(char, char)
                0x0000750e                I2C_Base::handleInterrupt()
 .text          0x0000753c       0x7c ./L2_Drivers/src/rtc.o
                0x0000753c                rtc_initialize
                0x00007558                rtc_gettime
                0x0000756c                rtc_settime
 .text          0x000075b8     0x13e4 ./L2_Drivers/src/spi1.o
                0x000075b8                spi1_SetMaxClockMhz
                0x000075f4                spi1_Init
                0x00007644                spi1_Receive256Bytes
                0x00008124                spi1_Send256Bytes
 .text          0x0000899c       0x9c ./L2_Drivers/src/uart0.o
                0x0000899c                UART0::init(unsigned int, int, int)
                0x000089e0                UART0::UART0()
                0x000089e0                UART0::UART0()
                0x000089f4                UART0::putcharIntrDriven(char)
                0x00008a0a                UART0::getcharIntrDriven(char)
                0x00008a28                UART0_IRQHandler
 .text._ZN17SingletonTemplateI5UART0E11getInstanceEv
                0x00008a38       0x20 ./L2_Drivers/src/uart0.o
                0x00008a38                SingletonTemplate<UART0>::getInstance()
 .text          0x00008a58      0x1ac ./L2_Drivers/src/uart_base.o
                0x00008a58                UART_Base::getChar(char*, unsigned int)
                0x00008a6a                UART_Base::putChar(char, unsigned int)
                0x00008ab0                UART_Base::handleInterrupt()
                0x00008b28                UART_Base::UART_Base(unsigned int*)
                0x00008b28                UART_Base::UART_Base(unsigned int*)
                0x00008b30                UART_Base::init(unsigned int, unsigned int, int, int)
 .text          0x00008c04        0x0 ./L1_FreeRTOS/src/croutine.o
 .text          0x00008c04       0x86 ./L1_FreeRTOS/src/list.o
                0x00008c04                vListInitialise
                0x00008c1a                vListInitialiseItem
                0x00008c20                vListInsertEnd
                0x00008c3a                vListInsert
                0x00008c6a                vListRemove
 *fill*         0x00008c8a        0x2 00
 .text          0x00008c8c      0x4f0 ./L1_FreeRTOS/src/queue.o
                0x00008d74                xQueueCreate
                0x00008ddc                xQueueGenericSend
                0x00008ec0                xQueueCreateMutex
                0x00008f06                xQueueGenericSendFromISR
                0x00008f56                xQueueGenericReceive
                0x0000906a                xQueueReceiveFromISR
                0x000090b4                uxQueueMessagesWaiting
                0x000090c6                uxQueueMessagesWaitingFromISR
                0x000090ca                vQueueDelete
                0x00009100                xQueueIsQueueEmptyFromISR
                0x0000910c                xQueueIsQueueFullFromISR
                0x0000911e                vQueueAddToRegistry
                0x00009144                vQueueWaitForMessageRestricted
 .text          0x0000917c      0xcf8 ./L1_FreeRTOS/src/tasks.o
                0x00009334                xTaskGenericCreate
                0x000094bc                uxTaskPriorityGet
                0x000094d8                vTaskPrioritySet
                0x0000956c                xTaskIsTaskSuspended
                0x00009594                vTaskResume
                0x000095f8                xTaskResumeFromISR
                0x0000965c                vTaskStartScheduler
                0x000096b0                vTaskEndScheduler
                0x000096c8                vTaskSuspendAll
                0x000096dc                xTaskGetTickCount
                0x000096f4                xTaskGetTickCountFromISR
                0x00009710                uxTaskGetNumberOfTasks
                0x0000971c                vTaskStartTrace
                0x0000974c                ulTaskEndTrace
                0x00009770                vTaskIncrementTick
                0x00009834                xTaskResumeAll
                0x000098f4                vTaskGetRunTimeStats
                0x00009974                vTaskResetRunTimeStats
                0x000099dc                vTaskList
                0x00009a64                vTaskDelay
                0x00009a98                vTaskDelayUntil
                0x00009af4                vTaskSwitchContext
                0x00009bf8                vTaskSuspend
                0x00009c60                vTaskPlaceOnEventList
                0x00009c9c                vTaskPlaceOnEventListRestricted
                0x00009cc4                xTaskRemoveFromEventList
                0x00009d20                vTaskSetTimeOutState
                0x00009d34                xTaskCheckForTimeOut
                0x00009d88                vTaskMissedYield
                0x00009d98                xTaskGetCurrentTaskHandle
                0x00009da4                xTaskGetSchedulerState
                0x00009dc0                vTaskPriorityInherit
                0x00009e28                vTaskPriorityDisinherit
 .text          0x00009e74      0x2f0 ./L1_FreeRTOS/src/timers.o
                0x00009efc                xTimerCreateTimerTask
                0x00009f30                xTimerCreate
                0x00009f68                xTimerGenericCommand
                0x0000a148                xTimerIsTimerActive
                0x0000a160                pvTimerGetTimerID
 .text          0x0000a164      0x180 ./L1_FreeRTOS/portable/port.o
                0x0000a164                pxPortInitialiseStack
                0x0000a17a                vPortSVCHandler
                0x0000a19c                vPortStartFirstTask
                0x0000a1ac                xPortStartScheduler
                0x0000a1e8                vPortEndScheduler
                0x0000a1ea                vPortYieldFromISR
                0x0000a1f8                vPortEnterCritical
                0x0000a210                vPortExitCritical
                0x0000a228                xPortPendSVHandler
                0x0000a264                xPortSysTickHandler
                0x0000a288                vConfigureTimerForRunTimeStats
                0x0000a2cc                uxGetTimerForRunTimeStats
                0x0000a2d4                resetRunTimeCounter
 .text          0x0000a2e4       0x34 ./L1_FreeRTOS/hooks/hooks.o
                0x0000a2e4                vApplicationIdleHook
                0x0000a2e8                vApplicationStackOverflowHook
                0x0000a308                vApplicationMallocFailedHook
 .text          0x0000a318       0x38 ./L1_FreeRTOS/MemMang/heap_3.o
                0x0000a318                pvPortMalloc
                0x0000a336                vPortFree
 .text          0x0000a350       0x86 ./L0_LowLevel/source/core_cm3.o
                0x0000a350                __get_PSP
                0x0000a358                __set_PSP
                0x0000a35e                __get_MSP
                0x0000a366                __set_MSP
                0x0000a36c                __get_BASEPRI
                0x0000a372                __set_BASEPRI
                0x0000a378                __get_PRIMASK
                0x0000a37e                __set_PRIMASK
                0x0000a384                __get_FAULTMASK
                0x0000a38a                __set_FAULTMASK
                0x0000a390                __get_CONTROL
                0x0000a396                __set_CONTROL
                0x0000a39c                __REV
                0x0000a3a0                __REV16
                0x0000a3a4                __REVSH
                0x0000a3a8                __RBIT
                0x0000a3ae                __LDREXB
                0x0000a3b6                __LDREXH
                0x0000a3be                __LDREXW
                0x0000a3c4                __STREXB
                0x0000a3ca                __STREXH
                0x0000a3d0                __STREXW
 *fill*         0x0000a3d6        0x2 00
 .text          0x0000a3d8       0x70 ./L0_LowLevel/source/cr_startup_lpc175x.o
                0x0000a3d8                HardFault_HandlerC
                0x0000a43c                line()
 .text          0x0000a448       0x98 ./L0_LowLevel/source/io_functions.o
                0x0000a448                printMessageUponCriticalSystemError
                0x0000a45c                stdio_SetOutputCharFunction
                0x0000a468                stdio_SetInputCharFunction
                0x0000a474                _read
                0x0000a48c                _write
                0x0000a4b0                printf
                0x0000a4c8                sprintf
 .text          0x0000a4e0       0x44 ./L0_LowLevel/source/memory.o
                0x0000a4e0                operator new(unsigned int)
                0x0000a4e4                operator new[](unsigned int)
                0x0000a4e8                operator delete(void*)
                0x0000a4ec                operator delete[](void*)
                0x0000a4f0                getMemoryInfo
                0x0000a51c                __aeabi_atexit
                0x0000a520                __gnu_cxx::__verbose_terminate_handler()
 .text          0x0000a524      0x1f8 ./L0_LowLevel/source/sys_clock.o
                0x0000a538                calculatePLLParameters(unsigned int, unsigned int, int*, int*, int*)
                0x0000a5bc                configureSystemClock()
                0x0000a67c                getCpuClock
 .text          0x0000a71c       0x2c ./L0_LowLevel/source/sys_hooks.o
                0x0000a71c                _init
                0x0000a71e                _exit
                0x0000a720                _getpid
                0x0000a722                _kill
                0x0000a724                _lseek
                0x0000a726                _isatty
                0x0000a728                _fstat
                0x0000a72a                _close
                0x0000a72c                _sbrk
 .text          0x0000a748       0xd4 ./L0_LowLevel/source/system_initialization.o
                0x0000a748                configureFlashAccelerator(unsigned int)
                0x0000a7a4                lowLevelInitialize()
 .text          0x0000a81c       0x9c ./L0_LowLevel/source/uart0_min.o
                0x0000a81c                uart0Init
                0x0000a878                uart0Putchar
                0x0000a88c                uart0Puts
                0x0000a8a6                uart0Getchar
 .text          0x0000a8b8        0x0 c:/users/preet/desktop/sjsu_dev/yagarto/bin/../lib/gcc/arm-none-eabi/4.6.2/../../../../arm-none-eabi/lib/thumb/v7m\libstdc++.a(guard.o)
 .text.__cxa_guard_acquire
                0x0000a8b8       0x38 c:/users/preet/desktop/sjsu_dev/yagarto/bin/../lib/gcc/arm-none-eabi/4.6.2/../../../../arm-none-eabi/lib/thumb/v7m\libstdc++.a(guard.o)
                0x0000a8b8                __cxa_guard_acquire
 .text.__cxa_guard_abort
                0x0000a8f0        0x8 c:/users/preet/desktop/sjsu_dev/yagarto/bin/../lib/gcc/arm-none-eabi/4.6.2/../../../../arm-none-eabi/lib/thumb/v7m\libstdc++.a(guard.o)
                0x0000a8f0                __cxa_guard_abort
 .text.__cxa_guard_release
                0x0000a8f8        0x8 c:/users/preet/desktop/sjsu_dev/yagarto/bin/../lib/gcc/arm-none-eabi/4.6.2/../../../../arm-none-eabi/lib/thumb/v7m\libstdc++.a(guard.o)
                0x0000a8f8                __cxa_guard_release
 .text          0x0000a900        0x0 c:/users/preet/desktop/sjsu_dev/yagarto/bin/../lib/gcc/arm-none-eabi/4.6.2/../../../../arm-none-eabi/lib/thumb/v7m\libstdc++.a(guard_error.o)
 .text._ZN9__gnu_cxx20recursive_init_errorD2Ev
                0x0000a900       0x14 c:/users/preet/desktop/sjsu_dev/yagarto/bin/../lib/gcc/arm-none-eabi/4.6.2/../../../../arm-none-eabi/lib/thumb/v7m\libstdc++.a(guard_error.o)
                0x0000a900                __gnu_cxx::recursive_init_error::~recursive_init_error()
                0x0000a900                __gnu_cxx::recursive_init_error::~recursive_init_error()
 .text._ZN9__gnu_cxx20recursive_init_errorD0Ev
                0x0000a914       0x1c c:/users/preet/desktop/sjsu_dev/yagarto/bin/../lib/gcc/arm-none-eabi/4.6.2/../../../../arm-none-eabi/lib/thumb/v7m\libstdc++.a(guard_error.o)
                0x0000a914                __gnu_cxx::recursive_init_error::~recursive_init_error()
 .text          0x0000a930        0x0 c:/users/preet/desktop/sjsu_dev/yagarto/bin/../lib/gcc/arm-none-eabi/4.6.2/../../../../arm-none-eabi/lib/thumb/v7m\libstdc++.a(pure.o)
 .text.__cxa_pure_virtual
                0x0000a930       0x18 c:/users/preet/desktop/sjsu_dev/yagarto/bin/../lib/gcc/arm-none-eabi/4.6.2/../../../../arm-none-eabi/lib/thumb/v7m\libstdc++.a(pure.o)
                0x0000a930                __cxa_pure_virtual
 .text          0x0000a948        0x0 c:/users/preet/desktop/sjsu_dev/yagarto/bin/../lib/gcc/arm-none-eabi/4.6.2/../../../../arm-none-eabi/lib/thumb/v7m\libstdc++.a(si_class_type_info.o)
 .text._ZN10__cxxabiv120__si_class_type_infoD2Ev
                0x0000a948       0x14 c:/users/preet/desktop/sjsu_dev/yagarto/bin/../lib/gcc/arm-none-eabi/4.6.2/../../../../arm-none-eabi/lib/thumb/v7m\libstdc++.a(si_class_type_info.o)
                0x0000a948                __cxxabiv1::__si_class_type_info::~__si_class_type_info()
                0x0000a948                __cxxabiv1::__si_class_type_info::~__si_class_type_info()
 .text._ZN10__cxxabiv120__si_class_type_infoD0Ev
                0x0000a95c       0x1c c:/users/preet/desktop/sjsu_dev/yagarto/bin/../lib/gcc/arm-none-eabi/4.6.2/../../../../arm-none-eabi/lib/thumb/v7m\libstdc++.a(si_class_type_info.o)
                0x0000a95c                __cxxabiv1::__si_class_type_info::~__si_class_type_info()
 .text._ZNK10__cxxabiv120__si_class_type_info11__do_upcastEPKNS_17__class_type_infoEPKvRNS1_15__upcast_resultE
                0x0000a978       0x28 c:/users/preet/desktop/sjsu_dev/yagarto/bin/../lib/gcc/arm-none-eabi/4.6.2/../../../../arm-none-eabi/lib/thumb/v7m\libstdc++.a(si_class_type_info.o)
                0x0000a978                __cxxabiv1::__si_class_type_info::__do_upcast(__cxxabiv1::__class_type_info const*, void const*, __cxxabiv1::__class_type_info::__upcast_result&) const
 .text._ZNK10__cxxabiv120__si_class_type_info12__do_dyncastEiNS_17__class_type_info10__sub_kindEPKS1_PKvS4_S6_RNS1_16__dyncast_resultE
                0x0000a9a0       0x88 c:/users/preet/desktop/sjsu_dev/yagarto/bin/../lib/gcc/arm-none-eabi/4.6.2/../../../../arm-none-eabi/lib/thumb/v7m\libstdc++.a(si_class_type_info.o)
                0x0000a9a0                __cxxabiv1::__si_class_type_info::__do_dyncast(int, __cxxabiv1::__class_type_info::__sub_kind, __cxxabiv1::__class_type_info const*, void const*, __cxxabiv1::__class_type_info const*, void const*, __cxxabiv1::__class_type_info::__dyncast_result&) const
 .text._ZNK10__cxxabiv120__si_class_type_info20__do_find_public_srcEiPKvPKNS_17__class_type_infoES2_
                0x0000aa28       0x38 c:/users/preet/desktop/sjsu_dev/yagarto/bin/../lib/gcc/arm-none-eabi/4.6.2/../../../../arm-none-eabi/lib/thumb/v7m\libstdc++.a(si_class_type_info.o)
                0x0000aa28                __cxxabiv1::__si_class_type_info::__do_find_public_src(int, void const*, __cxxabiv1::__class_type_info const*, void const*) const
 .text          0x0000aa60        0x0 c:/users/preet/desktop/sjsu_dev/yagarto/bin/../lib/gcc/arm-none-eabi/4.6.2/../../../../arm-none-eabi/lib/thumb/v7m\libstdc++.a(tinfo.o)
 .text._ZNSt9type_infoD2Ev
                0x0000aa60        0xc c:/users/preet/desktop/sjsu_dev/yagarto/bin/../lib/gcc/arm-none-eabi/4.6.2/../../../../arm-none-eabi/lib/thumb/v7m\libstdc++.a(tinfo.o)
                0x0000aa60                std::type_info::~type_info()
                0x0000aa60                std::type_info::~type_info()
 .text._ZNKSt9type_info14__is_pointer_pEv
                0x0000aa6c        0x4 c:/users/preet/desktop/sjsu_dev/yagarto/bin/../lib/gcc/arm-none-eabi/4.6.2/../../../../arm-none-eabi/lib/thumb/v7m\libstdc++.a(tinfo.o)
                0x0000aa6c                std::type_info::__is_pointer_p() const
 .text._ZNKSt9type_info15__is_function_pEv
                0x0000aa70        0x4 c:/users/preet/desktop/sjsu_dev/yagarto/bin/../lib/gcc/arm-none-eabi/4.6.2/../../../../arm-none-eabi/lib/thumb/v7m\libstdc++.a(tinfo.o)
                0x0000aa70                std::type_info::__is_function_p() const
 .text._ZNKSt9type_info11__do_upcastEPKN10__cxxabiv117__class_type_infoEPPv
                0x0000aa74        0x4 c:/users/preet/desktop/sjsu_dev/yagarto/bin/../lib/gcc/arm-none-eabi/4.6.2/../../../../arm-none-eabi/lib/thumb/v7m\libstdc++.a(tinfo.o)
                0x0000aa74                std::type_info::__do_upcast(__cxxabiv1::__class_type_info const*, void**) const
 .text._ZNSt9type_infoD0Ev
                0x0000aa78       0x14 c:/users/preet/desktop/sjsu_dev/yagarto/bin/../lib/gcc/arm-none-eabi/4.6.2/../../../../arm-none-eabi/lib/thumb/v7m\libstdc++.a(tinfo.o)
                0x0000aa78                std::type_info::~type_info()
 .text._ZNKSt9type_infoeqERKS_
                0x0000aa8c       0x38 c:/users/preet/desktop/sjsu_dev/yagarto/bin/../lib/gcc/arm-none-eabi/4.6.2/../../../../arm-none-eabi/lib/thumb/v7m\libstdc++.a(tinfo.o)
                0x0000aa8c                std::type_info::operator==(std::type_info const&) const
 .text._ZNKSt9type_info10__do_catchEPKS_PPvj
                0x0000aac4        0x4 c:/users/preet/desktop/sjsu_dev/yagarto/bin/../lib/gcc/arm-none-eabi/4.6.2/../../../../arm-none-eabi/lib/thumb/v7m\libstdc++.a(tinfo.o)
                0x0000aac4                std::type_info::__do_catch(std::type_info const*, void**, unsigned int) const
 .text          0x0000aac8        0x0 c:/users/preet/desktop/sjsu_dev/yagarto/bin/../lib/gcc/arm-none-eabi/4.6.2/../../../../arm-none-eabi/lib/thumb/v7m\libstdc++.a(class_type_info.o)
 .text._ZNK10__cxxabiv117__class_type_info11__do_upcastEPKS0_PPv
                0x0000aac8       0x38 c:/users/preet/desktop/sjsu_dev/yagarto/bin/../lib/gcc/arm-none-eabi/4.6.2/../../../../arm-none-eabi/lib/thumb/v7m\libstdc++.a(class_type_info.o)
                0x0000aac8                __cxxabiv1::__class_type_info::__do_upcast(__cxxabiv1::__class_type_info const*, void**) const
 .text._ZNK10__cxxabiv117__class_type_info20__do_find_public_srcEiPKvPKS0_S2_
                0x0000ab00        0xc c:/users/preet/desktop/sjsu_dev/yagarto/bin/../lib/gcc/arm-none-eabi/4.6.2/../../../../arm-none-eabi/lib/thumb/v7m\libstdc++.a(class_type_info.o)
                0x0000ab00                __cxxabiv1::__class_type_info::__do_find_public_src(int, void const*, __cxxabiv1::__class_type_info const*, void const*) const
 .text._ZNK10__cxxabiv117__class_type_info11__do_upcastEPKS0_PKvRNS0_15__upcast_resultE
                0x0000ab0c       0x1c c:/users/preet/desktop/sjsu_dev/yagarto/bin/../lib/gcc/arm-none-eabi/4.6.2/../../../../arm-none-eabi/lib/thumb/v7m\libstdc++.a(class_type_info.o)
                0x0000ab0c                __cxxabiv1::__class_type_info::__do_upcast(__cxxabiv1::__class_type_info const*, void const*, __cxxabiv1::__class_type_info::__upcast_result&) const
 .text._ZN10__cxxabiv117__class_type_infoD2Ev
                0x0000ab28       0x14 c:/users/preet/desktop/sjsu_dev/yagarto/bin/../lib/gcc/arm-none-eabi/4.6.2/../../../../arm-none-eabi/lib/thumb/v7m\libstdc++.a(class_type_info.o)
                0x0000ab28                __cxxabiv1::__class_type_info::~__class_type_info()
                0x0000ab28                __cxxabiv1::__class_type_info::~__class_type_info()
 .text._ZN10__cxxabiv117__class_type_infoD0Ev
                0x0000ab3c       0x1c c:/users/preet/desktop/sjsu_dev/yagarto/bin/../lib/gcc/arm-none-eabi/4.6.2/../../../../arm-none-eabi/lib/thumb/v7m\libstdc++.a(class_type_info.o)
                0x0000ab3c                __cxxabiv1::__class_type_info::~__class_type_info()
 .text._ZNK10__cxxabiv117__class_type_info12__do_dyncastEiNS0_10__sub_kindEPKS0_PKvS3_S5_RNS0_16__dyncast_resultE
                0x0000ab58       0x3c c:/users/preet/desktop/sjsu_dev/yagarto/bin/../lib/gcc/arm-none-eabi/4.6.2/../../../../arm-none-eabi/lib/thumb/v7m\libstdc++.a(class_type_info.o)
                0x0000ab58                __cxxabiv1::__class_type_info::__do_dyncast(int, __cxxabiv1::__class_type_info::__sub_kind, __cxxabiv1::__class_type_info const*, void const*, __cxxabiv1::__class_type_info const*, void const*, __cxxabiv1::__class_type_info::__dyncast_result&) const
 .text._ZNK10__cxxabiv117__class_type_info10__do_catchEPKSt9type_infoPPvj
                0x0000ab94       0x28 c:/users/preet/desktop/sjsu_dev/yagarto/bin/../lib/gcc/arm-none-eabi/4.6.2/../../../../arm-none-eabi/lib/thumb/v7m\libstdc++.a(class_type_info.o)
                0x0000ab94                __cxxabiv1::__class_type_info::__do_catch(std::type_info const*, void**, unsigned int) const
 .text          0x0000abbc        0x0 c:/users/preet/desktop/sjsu_dev/yagarto/bin/../lib/gcc/arm-none-eabi/4.6.2/../../../../arm-none-eabi/lib/thumb/v7m\libstdc++.a(eh_alloc.o)
 .text.__cxa_allocate_exception
                0x0000abbc       0x64 c:/users/preet/desktop/sjsu_dev/yagarto/bin/../lib/gcc/arm-none-eabi/4.6.2/../../../../arm-none-eabi/lib/thumb/v7m\libstdc++.a(eh_alloc.o)
                0x0000abbc                __cxa_allocate_exception
 .text.__cxa_free_exception
                0x0000ac20       0x34 c:/users/preet/desktop/sjsu_dev/yagarto/bin/../lib/gcc/arm-none-eabi/4.6.2/../../../../arm-none-eabi/lib/thumb/v7m\libstdc++.a(eh_alloc.o)
                0x0000ac20                __cxa_free_exception
 .text.__cxa_allocate_dependent_exception
                0x0000ac54       0x58 c:/users/preet/desktop/sjsu_dev/yagarto/bin/../lib/gcc/arm-none-eabi/4.6.2/../../../../arm-none-eabi/lib/thumb/v7m\libstdc++.a(eh_alloc.o)
                0x0000ac54                __cxa_allocate_dependent_exception
 .text.__cxa_free_dependent_exception
                0x0000acac       0x44 c:/users/preet/desktop/sjsu_dev/yagarto/bin/../lib/gcc/arm-none-eabi/4.6.2/../../../../arm-none-eabi/lib/thumb/v7m\libstdc++.a(eh_alloc.o)
                0x0000acac                __cxa_free_dependent_exception
 .text          0x0000acf0        0x0 c:/users/preet/desktop/sjsu_dev/yagarto/bin/../lib/gcc/arm-none-eabi/4.6.2/../../../../arm-none-eabi/lib/thumb/v7m\libstdc++.a(eh_exception.o)
 .text._ZNSt9exceptionD2Ev
                0x0000acf0        0xc c:/users/preet/desktop/sjsu_dev/yagarto/bin/../lib/gcc/arm-none-eabi/4.6.2/../../../../arm-none-eabi/lib/thumb/v7m\libstdc++.a(eh_exception.o)
                0x0000acf0                std::exception::~exception()
                0x0000acf0                std::exception::~exception()
 .text._ZNSt13bad_exceptionD2Ev
                0x0000acfc        0xc c:/users/preet/desktop/sjsu_dev/yagarto/bin/../lib/gcc/arm-none-eabi/4.6.2/../../../../arm-none-eabi/lib/thumb/v7m\libstdc++.a(eh_exception.o)
                0x0000acfc                std::bad_exception::~bad_exception()
                0x0000acfc                std::bad_exception::~bad_exception()
 .text._ZN10__cxxabiv115__forced_unwindD2Ev
                0x0000ad08        0xc c:/users/preet/desktop/sjsu_dev/yagarto/bin/../lib/gcc/arm-none-eabi/4.6.2/../../../../arm-none-eabi/lib/thumb/v7m\libstdc++.a(eh_exception.o)
                0x0000ad08                __cxxabiv1::__forced_unwind::~__forced_unwind()
                0x0000ad08                __cxxabiv1::__forced_unwind::~__forced_unwind()
 .text._ZN10__cxxabiv119__foreign_exceptionD2Ev
                0x0000ad14        0xc c:/users/preet/desktop/sjsu_dev/yagarto/bin/../lib/gcc/arm-none-eabi/4.6.2/../../../../arm-none-eabi/lib/thumb/v7m\libstdc++.a(eh_exception.o)
                0x0000ad14                __cxxabiv1::__foreign_exception::~__foreign_exception()
                0x0000ad14                __cxxabiv1::__foreign_exception::~__foreign_exception()
 .text._ZNKSt9exception4whatEv
                0x0000ad20        0xc c:/users/preet/desktop/sjsu_dev/yagarto/bin/../lib/gcc/arm-none-eabi/4.6.2/../../../../arm-none-eabi/lib/thumb/v7m\libstdc++.a(eh_exception.o)
                0x0000ad20                std::exception::what() const
 .text._ZNKSt13bad_exception4whatEv
                0x0000ad2c        0xc c:/users/preet/desktop/sjsu_dev/yagarto/bin/../lib/gcc/arm-none-eabi/4.6.2/../../../../arm-none-eabi/lib/thumb/v7m\libstdc++.a(eh_exception.o)
                0x0000ad2c                std::bad_exception::what() const
 .text._ZN10__cxxabiv119__foreign_exceptionD0Ev
                0x0000ad38       0x14 c:/users/preet/desktop/sjsu_dev/yagarto/bin/../lib/gcc/arm-none-eabi/4.6.2/../../../../arm-none-eabi/lib/thumb/v7m\libstdc++.a(eh_exception.o)
                0x0000ad38                __cxxabiv1::__foreign_exception::~__foreign_exception()
 .text._ZN10__cxxabiv115__forced_unwindD0Ev
                0x0000ad4c       0x14 c:/users/preet/desktop/sjsu_dev/yagarto/bin/../lib/gcc/arm-none-eabi/4.6.2/../../../../arm-none-eabi/lib/thumb/v7m\libstdc++.a(eh_exception.o)
                0x0000ad4c                __cxxabiv1::__forced_unwind::~__forced_unwind()
 .text._ZNSt13bad_exceptionD0Ev
                0x0000ad60       0x14 c:/users/preet/desktop/sjsu_dev/yagarto/bin/../lib/gcc/arm-none-eabi/4.6.2/../../../../arm-none-eabi/lib/thumb/v7m\libstdc++.a(eh_exception.o)
                0x0000ad60                std::bad_exception::~bad_exception()
 .text._ZNSt9exceptionD0Ev
                0x0000ad74       0x14 c:/users/preet/desktop/sjsu_dev/yagarto/bin/../lib/gcc/arm-none-eabi/4.6.2/../../../../arm-none-eabi/lib/thumb/v7m\libstdc++.a(eh_exception.o)
                0x0000ad74                std::exception::~exception()
 .text          0x0000ad88        0x0 c:/users/preet/desktop/sjsu_dev/yagarto/bin/../lib/gcc/arm-none-eabi/4.6.2/../../../../arm-none-eabi/lib/thumb/v7m\libstdc++.a(eh_globals.o)
 .text.__cxa_get_globals_fast
                0x0000ad88        0xc c:/users/preet/desktop/sjsu_dev/yagarto/bin/../lib/gcc/arm-none-eabi/4.6.2/../../../../arm-none-eabi/lib/thumb/v7m\libstdc++.a(eh_globals.o)
                0x0000ad88                __cxa_get_globals_fast
 .text.__cxa_get_globals
                0x0000ad94        0xc c:/users/preet/desktop/sjsu_dev/yagarto/bin/../lib/gcc/arm-none-eabi/4.6.2/../../../../arm-none-eabi/lib/thumb/v7m\libstdc++.a(eh_globals.o)
                0x0000ad94                __cxa_get_globals
 .text          0x0000ada0        0x0 c:/users/preet/desktop/sjsu_dev/yagarto/bin/../lib/gcc/arm-none-eabi/4.6.2/../../../../arm-none-eabi/lib/thumb/v7m\libstdc++.a(eh_terminate.o)
 .text._ZN10__cxxabiv111__terminateEPFvvE
                0x0000ada0       0x28 c:/users/preet/desktop/sjsu_dev/yagarto/bin/../lib/gcc/arm-none-eabi/4.6.2/../../../../arm-none-eabi/lib/thumb/v7m\libstdc++.a(eh_terminate.o)
                0x0000ada0                __cxxabiv1::__terminate(void (*)())
 .text._ZSt9terminatev
                0x0000adc8       0x10 c:/users/preet/desktop/sjsu_dev/yagarto/bin/../lib/gcc/arm-none-eabi/4.6.2/../../../../arm-none-eabi/lib/thumb/v7m\libstdc++.a(eh_terminate.o)
                0x0000adc8                std::terminate()
 .text._ZN10__cxxabiv112__unexpectedEPFvvE
                0x0000add8        0x8 c:/users/preet/desktop/sjsu_dev/yagarto/bin/../lib/gcc/arm-none-eabi/4.6.2/../../../../arm-none-eabi/lib/thumb/v7m\libstdc++.a(eh_terminate.o)
                0x0000add8                __cxxabiv1::__unexpected(void (*)())
 .text._ZSt10unexpectedv
                0x0000ade0       0x14 c:/users/preet/desktop/sjsu_dev/yagarto/bin/../lib/gcc/arm-none-eabi/4.6.2/../../../../arm-none-eabi/lib/thumb/v7m\libstdc++.a(eh_terminate.o)
                0x0000ade0                std::unexpected()
 .text._ZSt13set_terminatePFvvE
                0x0000adf4       0x10 c:/users/preet/desktop/sjsu_dev/yagarto/bin/../lib/gcc/arm-none-eabi/4.6.2/../../../../arm-none-eabi/lib/thumb/v7m\libstdc++.a(eh_terminate.o)
                0x0000adf4                std::set_terminate(void (*)())
 .text._ZSt14set_unexpectedPFvvE
                0x0000ae04       0x10 c:/users/preet/desktop/sjsu_dev/yagarto/bin/../lib/gcc/arm-none-eabi/4.6.2/../../../../arm-none-eabi/lib/thumb/v7m\libstdc++.a(eh_terminate.o)
                0x0000ae04                std::set_unexpected(void (*)())
 .text          0x0000ae14        0x0 c:/users/preet/desktop/sjsu_dev/yagarto/bin/../lib/gcc/arm-none-eabi/4.6.2/../../../../arm-none-eabi/lib/thumb/v7m\libstdc++.a(eh_term_handler.o)
 .text          0x0000ae14        0x0 c:/users/preet/desktop/sjsu_dev/yagarto/bin/../lib/gcc/arm-none-eabi/4.6.2/../../../../arm-none-eabi/lib/thumb/v7m\libstdc++.a(eh_throw.o)
 .text._ZL23__gxx_exception_cleanup19_Unwind_Reason_CodeP21_Unwind_Control_Block
                0x0000ae14       0x4c c:/users/preet/desktop/sjsu_dev/yagarto/bin/../lib/gcc/arm-none-eabi/4.6.2/../../../../arm-none-eabi/lib/thumb/v7m\libstdc++.a(eh_throw.o)
 .text.__cxa_throw
                0x0000ae60       0x78 c:/users/preet/desktop/sjsu_dev/yagarto/bin/../lib/gcc/arm-none-eabi/4.6.2/../../../../arm-none-eabi/lib/thumb/v7m\libstdc++.a(eh_throw.o)
                0x0000ae60                __cxa_throw
 .text.__cxa_rethrow
                0x0000aed8       0x70 c:/users/preet/desktop/sjsu_dev/yagarto/bin/../lib/gcc/arm-none-eabi/4.6.2/../../../../arm-none-eabi/lib/thumb/v7m\libstdc++.a(eh_throw.o)
                0x0000aed8                __cxa_rethrow
 .text          0x0000af48        0x0 c:/users/preet/desktop/sjsu_dev/yagarto/bin/../lib/gcc/arm-none-eabi/4.6.2/../../../../arm-none-eabi/lib/thumb/v7m\libstdc++.a(eh_unex_handler.o)
 .text          0x0000af48        0x0 c:/users/preet/desktop/sjsu_dev/yagarto/bin/../lib/gcc/arm-none-eabi/4.6.2/../../../../arm-none-eabi/lib/thumb/v7m\libstdc++.a(eh_arm.o)
 .text.__cxa_end_cleanup
                0x0000af48        0xc c:/users/preet/desktop/sjsu_dev/yagarto/bin/../lib/gcc/arm-none-eabi/4.6.2/../../../../arm-none-eabi/lib/thumb/v7m\libstdc++.a(eh_arm.o)
                0x0000af48                __cxa_end_cleanup
 .text.__cxa_type_match
                0x0000af54       0xe4 c:/users/preet/desktop/sjsu_dev/yagarto/bin/../lib/gcc/arm-none-eabi/4.6.2/../../../../arm-none-eabi/lib/thumb/v7m\libstdc++.a(eh_arm.o)
                0x0000af54                __cxa_type_match
 .text.__cxa_begin_cleanup
                0x0000b038       0x68 c:/users/preet/desktop/sjsu_dev/yagarto/bin/../lib/gcc/arm-none-eabi/4.6.2/../../../../arm-none-eabi/lib/thumb/v7m\libstdc++.a(eh_arm.o)
                0x0000b038                __cxa_begin_cleanup
 .text.__gnu_end_cleanup
                0x0000b0a0       0x74 c:/users/preet/desktop/sjsu_dev/yagarto/bin/../lib/gcc/arm-none-eabi/4.6.2/../../../../arm-none-eabi/lib/thumb/v7m\libstdc++.a(eh_arm.o)
                0x0000b0a0                __gnu_end_cleanup
 .text          0x0000b114        0x0 c:/users/preet/desktop/sjsu_dev/yagarto/bin/../lib/gcc/arm-none-eabi/4.6.2/../../../../arm-none-eabi/lib/thumb/v7m\libstdc++.a(eh_aux_runtime.o)
 .text.__cxa_bad_cast
                0x0000b114       0x24 c:/users/preet/desktop/sjsu_dev/yagarto/bin/../lib/gcc/arm-none-eabi/4.6.2/../../../../arm-none-eabi/lib/thumb/v7m\libstdc++.a(eh_aux_runtime.o)
                0x0000b114                __cxa_bad_cast
 .text.__cxa_bad_typeid
                0x0000b138       0x24 c:/users/preet/desktop/sjsu_dev/yagarto/bin/../lib/gcc/arm-none-eabi/4.6.2/../../../../arm-none-eabi/lib/thumb/v7m\libstdc++.a(eh_aux_runtime.o)
                0x0000b138                __cxa_bad_typeid
 .text          0x0000b15c        0x0 c:/users/preet/desktop/sjsu_dev/yagarto/bin/../lib/gcc/arm-none-eabi/4.6.2/../../../../arm-none-eabi/lib/thumb/v7m\libstdc++.a(eh_call.o)
 .text.__cxa_call_terminate
                0x0000b15c       0x48 c:/users/preet/desktop/sjsu_dev/yagarto/bin/../lib/gcc/arm-none-eabi/4.6.2/../../../../arm-none-eabi/lib/thumb/v7m\libstdc++.a(eh_call.o)
                0x0000b15c                __cxa_call_terminate
 .text.__cxa_call_unexpected
                0x0000b1a4      0x11c c:/users/preet/desktop/sjsu_dev/yagarto/bin/../lib/gcc/arm-none-eabi/4.6.2/../../../../arm-none-eabi/lib/thumb/v7m\libstdc++.a(eh_call.o)
                0x0000b1a4                __cxa_call_unexpected
 .text          0x0000b2c0        0x0 c:/users/preet/desktop/sjsu_dev/yagarto/bin/../lib/gcc/arm-none-eabi/4.6.2/../../../../arm-none-eabi/lib/thumb/v7m\libstdc++.a(eh_catch.o)
 .text.__cxa_get_exception_ptr
                0x0000b2c0        0x4 c:/users/preet/desktop/sjsu_dev/yagarto/bin/../lib/gcc/arm-none-eabi/4.6.2/../../../../arm-none-eabi/lib/thumb/v7m\libstdc++.a(eh_catch.o)
                0x0000b2c0                __cxa_get_exception_ptr
 .text.__cxa_begin_catch
                0x0000b2c4       0x88 c:/users/preet/desktop/sjsu_dev/yagarto/bin/../lib/gcc/arm-none-eabi/4.6.2/../../../../arm-none-eabi/lib/thumb/v7m\libstdc++.a(eh_catch.o)
                0x0000b2c4                __cxa_begin_catch
 .text.__cxa_end_catch
                0x0000b34c       0x90 c:/users/preet/desktop/sjsu_dev/yagarto/bin/../lib/gcc/arm-none-eabi/4.6.2/../../../../arm-none-eabi/lib/thumb/v7m\libstdc++.a(eh_catch.o)
                0x0000b34c                __cxa_end_catch
 .text._ZSt18uncaught_exceptionv
                0x0000b3dc       0x10 c:/users/preet/desktop/sjsu_dev/yagarto/bin/../lib/gcc/arm-none-eabi/4.6.2/../../../../arm-none-eabi/lib/thumb/v7m\libstdc++.a(eh_catch.o)
                0x0000b3dc                std::uncaught_exception()
 .text          0x0000b3ec        0x0 c:/users/preet/desktop/sjsu_dev/yagarto/bin/../lib/gcc/arm-none-eabi/4.6.2/../../../../arm-none-eabi/lib/thumb/v7m\libstdc++.a(eh_personality.o)
 .text._ZL12read_sleb128PKhPl
                0x0000b3ec       0x3c c:/users/preet/desktop/sjsu_dev/yagarto/bin/../lib/gcc/arm-none-eabi/4.6.2/../../../../arm-none-eabi/lib/thumb/v7m\libstdc++.a(eh_personality.o)
 .text._ZL28read_encoded_value_with_basehjPKhPj
                0x0000b428       0xc0 c:/users/preet/desktop/sjsu_dev/yagarto/bin/../lib/gcc/arm-none-eabi/4.6.2/../../../../arm-none-eabi/lib/thumb/v7m\libstdc++.a(eh_personality.o)
 .text._ZL21base_of_encoded_valuehP15_Unwind_Context
                0x0000b4e8       0x4c c:/users/preet/desktop/sjsu_dev/yagarto/bin/../lib/gcc/arm-none-eabi/4.6.2/../../../../arm-none-eabi/lib/thumb/v7m\libstdc++.a(eh_personality.o)
 .text._ZL17parse_lsda_headerP15_Unwind_ContextPKhP16lsda_header_info.constprop.1
                0x0000b534       0x8c c:/users/preet/desktop/sjsu_dev/yagarto/bin/../lib/gcc/arm-none-eabi/4.6.2/../../../../arm-none-eabi/lib/thumb/v7m\libstdc++.a(eh_personality.o)
 .text.__gxx_personality_v0
                0x0000b5c0      0x3a8 c:/users/preet/desktop/sjsu_dev/yagarto/bin/../lib/gcc/arm-none-eabi/4.6.2/../../../../arm-none-eabi/lib/thumb/v7m\libstdc++.a(eh_personality.o)
                0x0000b5c0                __gxx_personality_v0
 .text          0x0000b968        0x0 c:/users/preet/desktop/sjsu_dev/yagarto/bin/../lib/gcc/arm-none-eabi/4.6.2/../../../../arm-none-eabi/lib/thumb/v7m\libstdc++.a(fundamental_type_info.o)
 .text._ZN10__cxxabiv123__fundamental_type_infoD2Ev
                0x0000b968       0x14 c:/users/preet/desktop/sjsu_dev/yagarto/bin/../lib/gcc/arm-none-eabi/4.6.2/../../../../arm-none-eabi/lib/thumb/v7m\libstdc++.a(fundamental_type_info.o)
                0x0000b968                __cxxabiv1::__fundamental_type_info::~__fundamental_type_info()
                0x0000b968                __cxxabiv1::__fundamental_type_info::~__fundamental_type_info()
 .text._ZN10__cxxabiv123__fundamental_type_infoD0Ev
                0x0000b97c       0x1c c:/users/preet/desktop/sjsu_dev/yagarto/bin/../lib/gcc/arm-none-eabi/4.6.2/../../../../arm-none-eabi/lib/thumb/v7m\libstdc++.a(fundamental_type_info.o)
                0x0000b97c                __cxxabiv1::__fundamental_type_info::~__fundamental_type_info()
 .text          0x0000b998        0x0 c:/users/preet/desktop/sjsu_dev/yagarto/bin/../lib/gcc/arm-none-eabi/4.6.2/../../../../arm-none-eabi/lib/thumb/v7m\libstdc++.a(pointer_type_info.o)
 .text._ZNK10__cxxabiv119__pointer_type_info14__is_pointer_pEv
                0x0000b998        0x4 c:/users/preet/desktop/sjsu_dev/yagarto/bin/../lib/gcc/arm-none-eabi/4.6.2/../../../../arm-none-eabi/lib/thumb/v7m\libstdc++.a(pointer_type_info.o)
                0x0000b998                __cxxabiv1::__pointer_type_info::__is_pointer_p() const
 .text._ZN10__cxxabiv119__pointer_type_infoD2Ev
                0x0000b99c       0x14 c:/users/preet/desktop/sjsu_dev/yagarto/bin/../lib/gcc/arm-none-eabi/4.6.2/../../../../arm-none-eabi/lib/thumb/v7m\libstdc++.a(pointer_type_info.o)
                0x0000b99c                __cxxabiv1::__pointer_type_info::~__pointer_type_info()
                0x0000b99c                __cxxabiv1::__pointer_type_info::~__pointer_type_info()
 .text._ZN10__cxxabiv119__pointer_type_infoD0Ev
                0x0000b9b0       0x1c c:/users/preet/desktop/sjsu_dev/yagarto/bin/../lib/gcc/arm-none-eabi/4.6.2/../../../../arm-none-eabi/lib/thumb/v7m\libstdc++.a(pointer_type_info.o)
                0x0000b9b0                __cxxabiv1::__pointer_type_info::~__pointer_type_info()
 .text._ZNK10__cxxabiv119__pointer_type_info15__pointer_catchEPKNS_17__pbase_type_infoEPPvj
                0x0000b9cc       0x48 c:/users/preet/desktop/sjsu_dev/yagarto/bin/../lib/gcc/arm-none-eabi/4.6.2/../../../../arm-none-eabi/lib/thumb/v7m\libstdc++.a(pointer_type_info.o)
                0x0000b9cc                __cxxabiv1::__pointer_type_info::__pointer_catch(__cxxabiv1::__pbase_type_info const*, void**, unsigned int) const
 .text          0x0000ba14        0x0 c:/users/preet/desktop/sjsu_dev/yagarto/bin/../lib/gcc/arm-none-eabi/4.6.2/../../../../arm-none-eabi/lib/thumb/v7m\libstdc++.a(bad_cast.o)
 .text._ZNKSt8bad_cast4whatEv
                0x0000ba14        0xc c:/users/preet/desktop/sjsu_dev/yagarto/bin/../lib/gcc/arm-none-eabi/4.6.2/../../../../arm-none-eabi/lib/thumb/v7m\libstdc++.a(bad_cast.o)
                0x0000ba14                std::bad_cast::what() const
 .text._ZNSt8bad_castD2Ev
                0x0000ba20       0x14 c:/users/preet/desktop/sjsu_dev/yagarto/bin/../lib/gcc/arm-none-eabi/4.6.2/../../../../arm-none-eabi/lib/thumb/v7m\libstdc++.a(bad_cast.o)
                0x0000ba20                std::bad_cast::~bad_cast()
                0x0000ba20                std::bad_cast::~bad_cast()
 .text._ZNSt8bad_castD0Ev
                0x0000ba34       0x1c c:/users/preet/desktop/sjsu_dev/yagarto/bin/../lib/gcc/arm-none-eabi/4.6.2/../../../../arm-none-eabi/lib/thumb/v7m\libstdc++.a(bad_cast.o)
                0x0000ba34                std::bad_cast::~bad_cast()
 .text          0x0000ba50        0x0 c:/users/preet/desktop/sjsu_dev/yagarto/bin/../lib/gcc/arm-none-eabi/4.6.2/../../../../arm-none-eabi/lib/thumb/v7m\libstdc++.a(bad_typeid.o)
 .text._ZNKSt10bad_typeid4whatEv
                0x0000ba50        0xc c:/users/preet/desktop/sjsu_dev/yagarto/bin/../lib/gcc/arm-none-eabi/4.6.2/../../../../arm-none-eabi/lib/thumb/v7m\libstdc++.a(bad_typeid.o)
                0x0000ba50                std::bad_typeid::what() const
 .text._ZNSt10bad_typeidD2Ev
                0x0000ba5c       0x14 c:/users/preet/desktop/sjsu_dev/yagarto/bin/../lib/gcc/arm-none-eabi/4.6.2/../../../../arm-none-eabi/lib/thumb/v7m\libstdc++.a(bad_typeid.o)
                0x0000ba5c                std::bad_typeid::~bad_typeid()
                0x0000ba5c                std::bad_typeid::~bad_typeid()
 .text._ZNSt10bad_typeidD0Ev
                0x0000ba70       0x1c c:/users/preet/desktop/sjsu_dev/yagarto/bin/../lib/gcc/arm-none-eabi/4.6.2/../../../../arm-none-eabi/lib/thumb/v7m\libstdc++.a(bad_typeid.o)
                0x0000ba70                std::bad_typeid::~bad_typeid()
 .text          0x0000ba8c        0x0 c:/users/preet/desktop/sjsu_dev/yagarto/bin/../lib/gcc/arm-none-eabi/4.6.2/../../../../arm-none-eabi/lib/thumb/v7m\libstdc++.a(pbase_type_info.o)
 .text._ZNK10__cxxabiv117__pbase_type_info15__pointer_catchEPKS0_PPvj
                0x0000ba8c       0x14 c:/users/preet/desktop/sjsu_dev/yagarto/bin/../lib/gcc/arm-none-eabi/4.6.2/../../../../arm-none-eabi/lib/thumb/v7m\libstdc++.a(pbase_type_info.o)
                0x0000ba8c                __cxxabiv1::__pbase_type_info::__pointer_catch(__cxxabiv1::__pbase_type_info const*, void**, unsigned int) const
 .text._ZN10__cxxabiv117__pbase_type_infoD2Ev
                0x0000baa0       0x14 c:/users/preet/desktop/sjsu_dev/yagarto/bin/../lib/gcc/arm-none-eabi/4.6.2/../../../../arm-none-eabi/lib/thumb/v7m\libstdc++.a(pbase_type_info.o)
                0x0000baa0                __cxxabiv1::__pbase_type_info::~__pbase_type_info()
                0x0000baa0                __cxxabiv1::__pbase_type_info::~__pbase_type_info()
 .text._ZN10__cxxabiv117__pbase_type_infoD0Ev
                0x0000bab4       0x1c c:/users/preet/desktop/sjsu_dev/yagarto/bin/../lib/gcc/arm-none-eabi/4.6.2/../../../../arm-none-eabi/lib/thumb/v7m\libstdc++.a(pbase_type_info.o)
                0x0000bab4                __cxxabiv1::__pbase_type_info::~__pbase_type_info()
 .text._ZNK10__cxxabiv117__pbase_type_info10__do_catchEPKSt9type_infoPPvj
                0x0000bad0       0x6c c:/users/preet/desktop/sjsu_dev/yagarto/bin/../lib/gcc/arm-none-eabi/4.6.2/../../../../arm-none-eabi/lib/thumb/v7m\libstdc++.a(pbase_type_info.o)
                0x0000bad0                __cxxabiv1::__pbase_type_info::__do_catch(std::type_info const*, void**, unsigned int) const
 .text          0x0000bb3c      0x370 c:/users/preet/desktop/sjsu_dev/yagarto/bin/../lib/gcc/arm-none-eabi/4.6.2/thumb/v7m\libgcc.a(_arm_addsubdf3.o)
                0x0000bb3c                __aeabi_drsub
                0x0000bb44                __aeabi_dsub
                0x0000bb44                __subdf3
                0x0000bb48                __aeabi_dadd
                0x0000bb48                __adddf3
                0x0000bdc0                __floatunsidf
                0x0000bdc0                __aeabi_ui2d
                0x0000bde0                __floatsidf
                0x0000bde0                __aeabi_i2d
                0x0000be04                __aeabi_f2d
                0x0000be04                __extendsfdf2
                0x0000be40                __floatundidf
                0x0000be40                __aeabi_ul2d
                0x0000be50                __floatdidf
                0x0000be50                __aeabi_l2d
 .text          0x0000beac       0x50 c:/users/preet/desktop/sjsu_dev/yagarto/bin/../lib/gcc/arm-none-eabi/4.6.2/thumb/v7m\libgcc.a(_arm_fixdfsi.o)
                0x0000beac                __aeabi_d2iz
                0x0000beac                __fixdfsi
 .text          0x0000befc       0x40 c:/users/preet/desktop/sjsu_dev/yagarto/bin/../lib/gcc/arm-none-eabi/4.6.2/thumb/v7m\libgcc.a(_arm_fixunsdfsi.o)
                0x0000befc                __aeabi_d2uiz
                0x0000befc                __fixunsdfsi
 .text          0x0000bf3c      0x21c c:/users/preet/desktop/sjsu_dev/yagarto/bin/../lib/gcc/arm-none-eabi/4.6.2/thumb/v7m\libgcc.a(_arm_addsubsf3.o)
                0x0000bf3c                __aeabi_frsub
                0x0000bf44                __subsf3
                0x0000bf44                __aeabi_fsub
                0x0000bf48                __aeabi_fadd
                0x0000bf48                __addsf3
                0x0000c0a8                __aeabi_ui2f
                0x0000c0a8                __floatunsisf
                0x0000c0b0                __aeabi_i2f
                0x0000c0b0                __floatsisf
                0x0000c0cc                __aeabi_ul2f
                0x0000c0cc                __floatundisf
                0x0000c0dc                __aeabi_l2f
                0x0000c0dc                __floatdisf
 .text          0x0000c158      0x2a0 c:/users/preet/desktop/sjsu_dev/yagarto/bin/../lib/gcc/arm-none-eabi/4.6.2/thumb/v7m\libgcc.a(_arm_muldivsf3.o)
                0x0000c158                __mulsf3
                0x0000c158                __aeabi_fmul
                0x0000c2c0                __aeabi_fdiv
                0x0000c2c0                __divsf3
 .text          0x0000c3f8       0x4c c:/users/preet/desktop/sjsu_dev/yagarto/bin/../lib/gcc/arm-none-eabi/4.6.2/thumb/v7m\libgcc.a(_arm_fixsfsi.o)
                0x0000c3f8                __aeabi_f2iz
                0x0000c3f8                __fixsfsi
 .text          0x0000c444       0x40 c:/users/preet/desktop/sjsu_dev/yagarto/bin/../lib/gcc/arm-none-eabi/4.6.2/thumb/v7m\libgcc.a(_arm_fixunssfsi.o)
                0x0000c444                __fixunssfsi
                0x0000c444                __aeabi_f2uiz
 .text          0x0000c484      0xa10 c:/users/preet/desktop/sjsu_dev/yagarto/bin/../lib/gcc/arm-none-eabi/4.6.2/thumb/v7m\libgcc.a(unwind-arm.o)
                0x0000c740                _Unwind_VRS_Get
                0x0000c78c                _Unwind_VRS_Set
                0x0000caa0                __aeabi_unwind_cpp_pr2
                0x0000caa4                __aeabi_unwind_cpp_pr1
                0x0000caa8                __aeabi_unwind_cpp_pr0
                0x0000caac                _Unwind_VRS_Pop
                0x0000cd3c                _Unwind_GetCFA
                0x0000cd40                __gnu_Unwind_RaiseException
                0x0000cda0                __gnu_Unwind_ForcedUnwind
                0x0000cdb4                __gnu_Unwind_Resume
                0x0000cdf0                __gnu_Unwind_Resume_or_Rethrow
                0x0000ce00                _Unwind_Complete
                0x0000ce04                _Unwind_DeleteException
                0x0000ce14                __gnu_Unwind_Backtrace
 .text          0x0000ce94      0x1ac c:/users/preet/desktop/sjsu_dev/yagarto/bin/../lib/gcc/arm-none-eabi/4.6.2/thumb/v7m\libgcc.a(libunwind.o)
                0x0000ce94                __restore_core_regs
                0x0000ce94                restore_core_regs
                0x0000ceac                __gnu_Unwind_Restore_VFP
                0x0000ceb4                __gnu_Unwind_Save_VFP
                0x0000cebc                __gnu_Unwind_Restore_VFP_D
                0x0000cec4                __gnu_Unwind_Save_VFP_D
                0x0000cecc                __gnu_Unwind_Restore_VFP_D_16_to_31
                0x0000ced4                __gnu_Unwind_Save_VFP_D_16_to_31
                0x0000cedc                __gnu_Unwind_Restore_WMMXD
                0x0000cf20                __gnu_Unwind_Save_WMMXD
                0x0000cf64                __gnu_Unwind_Restore_WMMXC
                0x0000cf78                __gnu_Unwind_Save_WMMXC
                0x0000cf8c                ___Unwind_RaiseException
                0x0000cf8c                _Unwind_RaiseException
                0x0000cfb0                _Unwind_Resume
                0x0000cfb0                ___Unwind_Resume
                0x0000cfd4                _Unwind_Resume_or_Rethrow
                0x0000cfd4                ___Unwind_Resume_or_Rethrow
                0x0000cff8                _Unwind_ForcedUnwind
                0x0000cff8                ___Unwind_ForcedUnwind
                0x0000d01c                ___Unwind_Backtrace
                0x0000d01c                _Unwind_Backtrace
 .text          0x0000d040      0x3d4 c:/users/preet/desktop/sjsu_dev/yagarto/bin/../lib/gcc/arm-none-eabi/4.6.2/thumb/v7m\libgcc.a(pr-support.o)
                0x0000d094                __gnu_unwind_execute
                0x0000d3b8                __gnu_unwind_frame
                0x0000d3e4                _Unwind_GetRegionStart
                0x0000d3f0                _Unwind_GetLanguageSpecificData
                0x0000d404                _Unwind_GetDataRelBase
                0x0000d40c                _Unwind_GetTextRelBase
 .text          0x0000d414       0x10 c:/users/preet/desktop/sjsu_dev/yagarto/bin/../lib/gcc/arm-none-eabi/4.6.2/../../../../arm-none-eabi/lib/thumb/v7m\libc.a(lib_a-abort.o)
                0x0000d414                abort
 .text          0x0000d424       0x10 c:/users/preet/desktop/sjsu_dev/yagarto/bin/../lib/gcc/arm-none-eabi/4.6.2/../../../../arm-none-eabi/lib/thumb/v7m\libc.a(lib_a-atoi.o)
                0x0000d424                atoi
                0x0000d42c                _atoi_r
 .text          0x0000d434        0x0 c:/users/preet/desktop/sjsu_dev/yagarto/bin/../lib/gcc/arm-none-eabi/4.6.2/../../../../arm-none-eabi/lib/thumb/v7m\libc.a(lib_a-impure.o)
 .text          0x0000d434       0x48 c:/users/preet/desktop/sjsu_dev/yagarto/bin/../lib/gcc/arm-none-eabi/4.6.2/../../../../arm-none-eabi/lib/thumb/v7m\libc.a(lib_a-init.o)
                0x0000d434                __libc_init_array
 .text          0x0000d47c       0x14 c:/users/preet/desktop/sjsu_dev/yagarto/bin/../lib/gcc/arm-none-eabi/4.6.2/../../../../arm-none-eabi/lib/thumb/v7m\libc.a(lib_a-isalnum.o)
                0x0000d47c                isalnum
 .text          0x0000d490       0x14 c:/users/preet/desktop/sjsu_dev/yagarto/bin/../lib/gcc/arm-none-eabi/4.6.2/../../../../arm-none-eabi/lib/thumb/v7m\libc.a(lib_a-isalpha.o)
                0x0000d490                isalpha
 .text          0x0000d4a4       0x20 c:/users/preet/desktop/sjsu_dev/yagarto/bin/../lib/gcc/arm-none-eabi/4.6.2/../../../../arm-none-eabi/lib/thumb/v7m\libc.a(lib_a-malloc.o)
                0x0000d4a4                malloc
                0x0000d4b4                free
 .text          0x0000d4c4      0x564 c:/users/preet/desktop/sjsu_dev/yagarto/bin/../lib/gcc/arm-none-eabi/4.6.2/../../../../arm-none-eabi/lib/thumb/v7m\libc.a(lib_a-mallocr.o)
                0x0000d4c4                _malloc_r
 .text          0x0000da28       0x60 c:/users/preet/desktop/sjsu_dev/yagarto/bin/../lib/gcc/arm-none-eabi/4.6.2/../../../../arm-none-eabi/lib/thumb/v7m\libc.a(lib_a-memcmp.o)
                0x0000da28                memcmp
 .text          0x0000da88       0x84 c:/users/preet/desktop/sjsu_dev/yagarto/bin/../lib/gcc/arm-none-eabi/4.6.2/../../../../arm-none-eabi/lib/thumb/v7m\libc.a(lib_a-memcpy.o)
                0x0000da88                memcpy
 .text          0x0000db0c       0xc8 c:/users/preet/desktop/sjsu_dev/yagarto/bin/../lib/gcc/arm-none-eabi/4.6.2/../../../../arm-none-eabi/lib/thumb/v7m\libc.a(lib_a-memmove.o)
                0x0000db0c                memmove
 .text          0x0000dbd4       0x94 c:/users/preet/desktop/sjsu_dev/yagarto/bin/../lib/gcc/arm-none-eabi/4.6.2/../../../../arm-none-eabi/lib/thumb/v7m\libc.a(lib_a-memset.o)
                0x0000dbd4                memset
 .text          0x0000dc68        0x8 c:/users/preet/desktop/sjsu_dev/yagarto/bin/../lib/gcc/arm-none-eabi/4.6.2/../../../../arm-none-eabi/lib/thumb/v7m\libc.a(lib_a-mlock.o)
                0x0000dc68                __malloc_lock
                0x0000dc6c                __malloc_unlock
 .text          0x0000dc70       0x6c c:/users/preet/desktop/sjsu_dev/yagarto/bin/../lib/gcc/arm-none-eabi/4.6.2/../../../../arm-none-eabi/lib/thumb/v7m\libc.a(lib_a-mstats.o)
                0x0000dc70                mallinfo
                0x0000dc88                malloc_stats
                0x0000dc98                mallopt
                0x0000dcac                _mstats_r
                0x0000dccc                mstats
 .text          0x0000dcdc       0x1c c:/users/preet/desktop/sjsu_dev/yagarto/bin/../lib/gcc/arm-none-eabi/4.6.2/../../../../arm-none-eabi/lib/thumb/v7m\libc.a(lib_a-putchar.o)
                0x0000dcdc                _putchar_r
                0x0000dce4                putchar
 .text          0x0000dcf8       0x74 c:/users/preet/desktop/sjsu_dev/yagarto/bin/../lib/gcc/arm-none-eabi/4.6.2/../../../../arm-none-eabi/lib/thumb/v7m\libc.a(lib_a-puts.o)
                0x0000dcf8                _puts_r
                0x0000dd5c                puts
 .text          0x0000dd6c       0x14 c:/users/preet/desktop/sjsu_dev/yagarto/bin/../lib/gcc/arm-none-eabi/4.6.2/../../../../arm-none-eabi/lib/thumb/v7m\libc.a(lib_a-realloc.o)
                0x0000dd6c                realloc
 .text          0x0000dd80      0x410 c:/users/preet/desktop/sjsu_dev/yagarto/bin/../lib/gcc/arm-none-eabi/4.6.2/../../../../arm-none-eabi/lib/thumb/v7m\libc.a(lib_a-reallocr.o)
                0x0000dd80                _realloc_r
 .text          0x0000e190       0x44 c:/users/preet/desktop/sjsu_dev/yagarto/bin/../lib/gcc/arm-none-eabi/4.6.2/../../../../arm-none-eabi/lib/thumb/v7m\libc.a(lib_a-rget.o)
                0x0000e190                __srget_r
                0x0000e1c4                __srget
 .text          0x0000e1d4       0x24 c:/users/preet/desktop/sjsu_dev/yagarto/bin/../lib/gcc/arm-none-eabi/4.6.2/../../../../arm-none-eabi/lib/thumb/v7m\libc.a(lib_a-sbrkr.o)
                0x0000e1d4                _sbrk_r
 .text          0x0000e1f8      0x114 c:/users/preet/desktop/sjsu_dev/yagarto/bin/../lib/gcc/arm-none-eabi/4.6.2/../../../../arm-none-eabi/lib/thumb/v7m\libc.a(lib_a-setvbuf.o)
                0x0000e1f8                setvbuf
 .text          0x0000e30c      0x158 c:/users/preet/desktop/sjsu_dev/yagarto/bin/../lib/gcc/arm-none-eabi/4.6.2/../../../../arm-none-eabi/lib/thumb/v7m\libc.a(lib_a-signal.o)
                0x0000e30c                _init_signal_r
                0x0000e340                _signal_r
                0x0000e380                _raise_r
                0x0000e3d8                __sigtramp_r
                0x0000e428                raise
                0x0000e438                signal
                0x0000e448                _init_signal
                0x0000e454                __sigtramp
 .text          0x0000e464       0x2c c:/users/preet/desktop/sjsu_dev/yagarto/bin/../lib/gcc/arm-none-eabi/4.6.2/../../../../arm-none-eabi/lib/thumb/v7m\libc.a(lib_a-signalr.o)
                0x0000e464                _kill_r
                0x0000e48c                _getpid_r
 .text          0x0000e490       0x48 c:/users/preet/desktop/sjsu_dev/yagarto/bin/../lib/gcc/arm-none-eabi/4.6.2/../../../../arm-none-eabi/lib/thumb/v7m\libc.a(lib_a-strcasecmp.o)
                0x0000e490                strcasecmp
 .text          0x0000e4d8       0x50 c:/users/preet/desktop/sjsu_dev/yagarto/bin/../lib/gcc/arm-none-eabi/4.6.2/../../../../arm-none-eabi/lib/thumb/v7m\libc.a(lib_a-strcat.o)
                0x0000e4d8                strcat
 .text          0x0000e528       0xf4 c:/users/preet/desktop/sjsu_dev/yagarto/bin/../lib/gcc/arm-none-eabi/4.6.2/../../../../arm-none-eabi/lib/thumb/v7m\libc.a(lib_a-strchr.o)
                0x0000e528                strchr
 .text          0x0000e61c      0x1dc c:/users/preet/desktop/sjsu_dev/yagarto/bin/../lib/gcc/arm-none-eabi/4.6.2/../../../../arm-none-eabi/lib/thumb/v7m\libc.a(lib_a-strcmp.o)
                0x0000e61c                strcmp
 .text          0x0000e7f8       0xbc c:/users/preet/desktop/sjsu_dev/yagarto/bin/../lib/gcc/arm-none-eabi/4.6.2/../../../../arm-none-eabi/lib/thumb/v7m\libc.a(lib_a-strcpy.o)
                0x0000e7f8                strcpy
 .text          0x0000e8b4       0x60 c:/users/preet/desktop/sjsu_dev/yagarto/bin/../lib/gcc/arm-none-eabi/4.6.2/../../../../arm-none-eabi/lib/thumb/v7m\libc.a(lib_a-strlen.o)
                0x0000e8b4                strlen
 .text          0x0000e914       0x54 c:/users/preet/desktop/sjsu_dev/yagarto/bin/../lib/gcc/arm-none-eabi/4.6.2/../../../../arm-none-eabi/lib/thumb/v7m\libc.a(lib_a-strncasecmp.o)
                0x0000e914                strncasecmp
 .text          0x0000e968       0xa8 c:/users/preet/desktop/sjsu_dev/yagarto/bin/../lib/gcc/arm-none-eabi/4.6.2/../../../../arm-none-eabi/lib/thumb/v7m\libc.a(lib_a-strncmp.o)
                0x0000e968                strncmp
 .text          0x0000ea10       0x70 c:/users/preet/desktop/sjsu_dev/yagarto/bin/../lib/gcc/arm-none-eabi/4.6.2/../../../../arm-none-eabi/lib/thumb/v7m\libc.a(lib_a-strncpy.o)
                0x0000ea10                strncpy
 .text          0x0000ea80       0x54 c:/users/preet/desktop/sjsu_dev/yagarto/bin/../lib/gcc/arm-none-eabi/4.6.2/../../../../arm-none-eabi/lib/thumb/v7m\libc.a(lib_a-strpbrk.o)
                0x0000ea80                strpbrk
 .text          0x0000ead4       0x28 c:/users/preet/desktop/sjsu_dev/yagarto/bin/../lib/gcc/arm-none-eabi/4.6.2/../../../../arm-none-eabi/lib/thumb/v7m\libc.a(lib_a-strrchr.o)
                0x0000ead4                strrchr
 .text          0x0000eafc      0x4cc c:/users/preet/desktop/sjsu_dev/yagarto/bin/../lib/gcc/arm-none-eabi/4.6.2/../../../../arm-none-eabi/lib/thumb/v7m\libc.a(lib_a-strstr.o)
                0x0000edb0                strstr
 .text          0x0000efc8      0x178 c:/users/preet/desktop/sjsu_dev/yagarto/bin/../lib/gcc/arm-none-eabi/4.6.2/../../../../arm-none-eabi/lib/thumb/v7m\libc.a(lib_a-strtol.o)
                0x0000efc8                _strtol_r
                0x0000f128                strtol
 .text          0x0000f140       0x1c c:/users/preet/desktop/sjsu_dev/yagarto/bin/../lib/gcc/arm-none-eabi/4.6.2/../../../../arm-none-eabi/lib/thumb/v7m\libc.a(lib_a-syswrite.o)
                0x0000f140                write
 .text          0x0000f15c       0x18 c:/users/preet/desktop/sjsu_dev/yagarto/bin/../lib/gcc/arm-none-eabi/4.6.2/../../../../arm-none-eabi/lib/thumb/v7m\libc.a(lib_a-tolower.o)
                0x0000f15c                tolower
 .text          0x0000f174       0x18 c:/users/preet/desktop/sjsu_dev/yagarto/bin/../lib/gcc/arm-none-eabi/4.6.2/../../../../arm-none-eabi/lib/thumb/v7m\libc.a(lib_a-toupper.o)
                0x0000f174                toupper
 .text          0x0000f18c       0x28 c:/users/preet/desktop/sjsu_dev/yagarto/bin/../lib/gcc/arm-none-eabi/4.6.2/../../../../arm-none-eabi/lib/thumb/v7m\libc.a(lib_a-viprintf.o)
                0x0000f18c                viprintf
                0x0000f1a4                _viprintf_r
 .text          0x0000f1b4       0x4c c:/users/preet/desktop/sjsu_dev/yagarto/bin/../lib/gcc/arm-none-eabi/4.6.2/../../../../arm-none-eabi/lib/thumb/v7m\libc.a(lib_a-vsiprintf.o)
                0x0000f1b4                _vsiprintf_r
                0x0000f1e8                vsiprintf
 .text          0x0000f200       0x7c c:/users/preet/desktop/sjsu_dev/yagarto/bin/../lib/gcc/arm-none-eabi/4.6.2/../../../../arm-none-eabi/lib/thumb/v7m\libc.a(lib_a-vsniprintf.o)
                0x0000f200                _vsniprintf_r
                0x0000f254                vsniprintf
 .text          0x0000f27c       0xc8 c:/users/preet/desktop/sjsu_dev/yagarto/bin/../lib/gcc/arm-none-eabi/4.6.2/../../../../arm-none-eabi/lib/thumb/v7m\libc.a(lib_a-wbuf.o)
                0x0000f27c                __swbuf_r
                0x0000f334                __swbuf
 .text          0x0000f344       0x2c c:/users/preet/desktop/sjsu_dev/yagarto/bin/../lib/gcc/arm-none-eabi/4.6.2/../../../../arm-none-eabi/lib/thumb/v7m\libc.a(lib_a-writer.o)
                0x0000f344                _write_r
 .text          0x0000f370       0xb8 c:/users/preet/desktop/sjsu_dev/yagarto/bin/../lib/gcc/arm-none-eabi/4.6.2/../../../../arm-none-eabi/lib/thumb/v7m\libc.a(lib_a-wsetup.o)
                0x0000f370                __swsetup_r
 .text          0x0000f428        0x0 c:/users/preet/desktop/sjsu_dev/yagarto/bin/../lib/gcc/arm-none-eabi/4.6.2/../../../../arm-none-eabi/lib/thumb/v7m\libc.a(lib_a-ctype_.o)
 .text          0x0000f428      0x1a4 c:/users/preet/desktop/sjsu_dev/yagarto/bin/../lib/gcc/arm-none-eabi/4.6.2/../../../../arm-none-eabi/lib/thumb/v7m\libc.a(lib_a-fflush.o)
                0x0000f428                _fflush_r
                0x0000f5ac                fflush
 .text          0x0000f5cc      0x1c4 c:/users/preet/desktop/sjsu_dev/yagarto/bin/../lib/gcc/arm-none-eabi/4.6.2/../../../../arm-none-eabi/lib/thumb/v7m\libc.a(lib_a-findfp.o)
                0x0000f5d4                _cleanup_r
                0x0000f634                __sfmoreglue
                0x0000f660                _cleanup
                0x0000f66c                __sinit
                0x0000f6b4                __sfp
                0x0000f750                __sfp_lock_acquire
                0x0000f754                __sfp_lock_release
                0x0000f758                __sinit_lock_acquire